To honour the JVM settings for this build a single-use Daemon process will be forked. For more on this, please refer to https://docs.gradle.org/8.5/userguide/gradle_daemon.html#sec:disabling_the_daemon in the Gradle documentation.
Daemon will be stopped at the end of the build 
Calculating task graph as no cached configuration is available for tasks: clean :app:assembleDebug

> Configure project :app
WARNING: The option setting 'android.aapt2FromMavenOverride=/data/data/com.termux/files/home/bin/aapt2' is experimental.

> Task :app:externalNativeBuildCleanRelease
> Task :app:externalNativeBuildCleanDebug
> Task :core:clean
> Task :app:preBuild UP-TO-DATE
> Task :app:preDebugBuild UP-TO-DATE
> Task :app:checkKotlinGradlePluginConfigurationErrors
> Task :core:preBuild UP-TO-DATE
> Task :core:preDebugBuild UP-TO-DATE
> Task :core:generateDebugResValues FROM-CACHE
> Task :core:generateDebugResources UP-TO-DATE
> Task :core:packageDebugResources FROM-CACHE
> Task :app:clean
> Task :app:mergeDebugNativeDebugMetadata NO-SOURCE
> Task :core:parseDebugLocalResources FROM-CACHE
> Task :app:generateDebugResValues FROM-CACHE
> Task :app:generateDebugResources UP-TO-DATE
> Task :app:dataBindingMergeDependencyArtifactsDebug
> Task :app:packageDebugResources FROM-CACHE
> Task :app:parseDebugLocalResources FROM-CACHE
> Task :core:processDebugManifest FROM-CACHE
> Task :core:generateDebugRFile FROM-CACHE
> Task :app:mergeDebugResources FROM-CACHE
> Task :core:writeDebugAarMetadata
> Task :app:dataBindingGenBaseClassesDebug FROM-CACHE
> Task :app:checkDebugAarMetadata
> Task :app:mapDebugSourceSetPaths
> Task :app:createDebugCompatibleScreenManifests
> Task :app:extractDeepLinksDebug FROM-CACHE
> Task :core:extractDeepLinksDebug FROM-CACHE
> Task :core:compileDebugLibraryResources FROM-CACHE
> Task :core:checkKotlinGradlePluginConfigurationErrors
> Task :app:processDebugMainManifest FROM-CACHE
> Task :app:processDebugManifest FROM-CACHE
> Task :app:processDebugManifestForPackage FROM-CACHE
> Task :core:compileDebugKotlin FROM-CACHE
> Task :core:javaPreCompileDebug FROM-CACHE
> Task :core:compileDebugJavaWithJavac NO-SOURCE
> Task :app:processDebugResources FROM-CACHE
> Task :app:javaPreCompileDebug FROM-CACHE
> Task :app:mergeDebugShaders FROM-CACHE
> Task :app:compileDebugShaders NO-SOURCE
> Task :app:generateDebugAssets UP-TO-DATE
> Task :core:mergeDebugShaders FROM-CACHE
> Task :core:compileDebugShaders NO-SOURCE
> Task :core:generateDebugAssets UP-TO-DATE
> Task :core:packageDebugAssets FROM-CACHE
> Task :core:bundleLibCompileToJarDebug
> Task :app:mergeDebugAssets FROM-CACHE
> Task :app:compressDebugAssets FROM-CACHE
> Task :core:bundleLibRuntimeToJarDebug
> Task :app:desugarDebugFileDependencies FROM-CACHE
> Task :core:processDebugJavaRes
> Task :app:checkDebugDuplicateClasses
> Task :app:mergeExtDexDebug FROM-CACHE
> Task :core:bundleLibRuntimeToDirDebug
> Task :app:mergeLibDexDebug FROM-CACHE
> Task :app:configureCMakeDebug[arm64-v8a]
C/C++: ninja: Entering directory `/data/data/com.termux/files/home/projects/Splendor-Assist/app/.cxx/Debug/2l2f6c1p/arm64-v8a'
C/C++: clang++: warning: argument unused during compilation: '-L/data/data/com.termux/files/home/android-sdk/ndk/25.1.8937393/toolchains/llvm/prebuilt/linux-x86_64/sysroot/usr/lib/aarch64-linux-android' [-Wunused-command-line-argument]
C/C++: clang++: warning: argument unused during compilation: '-L/data/data/com.termux/files/home/android-sdk/ndk/25.1.8937393/toolchains/llvm/prebuilt/linux-x86_64/lib64/clang/14.0.6/lib/linux/aarch64' [-Wunused-command-line-argument]
C/C++: [2/6] Building C object CMakeFiles/splendor_native.dir/native_kicking_posture.c.o
C/C++: clang: warning: argument unused during compilation: '-L/data/data/com.termux/files/home/android-sdk/ndk/25.1.8937393/toolchains/llvm/prebuilt/linux-x86_64/sysroot/usr/lib/aarch64-linux-android' [-Wunused-command-line-argument]
C/C++: clang: warning: argument unused during compilation: '-L/data/data/com.termux/files/home/android-sdk/ndk/25.1.8937393/toolchains/llvm/prebuilt/linux-x86_64/lib64/clang/14.0.6/lib/linux/aarch64' [-Wunused-command-line-argument]
C/C++: [3/6] Building C object CMakeFiles/splendor_native.dir/native_agility_physics.c.o
C/C++: clang: warning: argument unused during compilation: '-L/data/data/com.termux/files/home/android-sdk/ndk/25.1.8937393/toolchains/llvm/prebuilt/linux-x86_64/sysroot/usr/lib/aarch64-linux-android' [-Wunused-command-line-argument]
C/C++: clang: warning: argument unused during compilation: '-L/data/data/com.termux/files/home/android-sdk/ndk/25.1.8937393/toolchains/llvm/prebuilt/linux-x86_64/lib64/clang/14.0.6/lib/linux/aarch64' [-Wunused-command-line-argument]
C/C++: [4/6] Building C object CMakeFiles/splendor_native.dir/native_registration.c.o
C/C++: clang: warning: argument unused during compilation: '-L/data/data/com.termux/files/home/android-sdk/ndk/25.1.8937393/toolchains/llvm/prebuilt/linux-x86_64/sysroot/usr/lib/aarch64-linux-android' [-Wunused-command-line-argument]
C/C++: clang: warning: argument unused during compilation: '-L/data/data/com.termux/files/home/android-sdk/ndk/25.1.8937393/toolchains/llvm/prebuilt/linux-x86_64/lib64/clang/14.0.6/lib/linux/aarch64' [-Wunused-command-line-argument]
C/C++: [5/6] Building C object CMakeFiles/splendor_native.dir/native_vision_preprocessor.c.o
C/C++: clang: warning: argument unused during compilation: '-L/data/data/com.termux/files/home/android-sdk/ndk/25.1.8937393/toolchains/llvm/prebuilt/linux-x86_64/sysroot/usr/lib/aarch64-linux-android' [-Wunused-command-line-argument]
C/C++: clang: warning: argument unused during compilation: '-L/data/data/com.termux/files/home/android-sdk/ndk/25.1.8937393/toolchains/llvm/prebuilt/linux-x86_64/lib64/clang/14.0.6/lib/linux/aarch64' [-Wunused-command-line-argument]
C/C++: [6/6] Linking CXX shared library /data/data/com.termux/files/home/projects/Splendor-Assist/app/build/intermediates/cxx/Debug/2l2f6c1p/obj/arm64-v8a/libsplendor_native.so
> Task :app:buildCMakeDebug[arm64-v8a]
> Task :app:mergeDebugJniLibFolders FROM-CACHE
> Task :core:mergeDebugJniLibFolders FROM-CACHE
> Task :core:mergeDebugNativeLibs NO-SOURCE
> Task :core:copyDebugJniLibsProjectOnly
> Task :app:mergeDebugNativeLibs
> Task :app:compileDebugKotlin
> Task :app:stripDebugDebugSymbols
> Task :app:validateSigningDebug
> Task :app:writeDebugAppMetadata
> Task :app:writeDebugSigningConfigVersions
