2026-10-03 15:22:53.121 [DOMAIN_BACKUP] Initializing all engine objects and verifying execution sources
2026-10-03 15:22:53.262 [DOMAIN_BACKUP] Execution sources SMART_ASSIST and STUTTER class-verified (no live dispatch)
2026-10-03 15:22:53.273 [DOMAIN_BACKUP] All engines ignited and verified successfully
2026-10-03 15:23:14.397 [DOMAIN_BACKUP] Initializing all engine objects and verifying execution sources
2026-10-03 15:23:14.538 [DOMAIN_BACKUP] Execution sources SMART_ASSIST and STUTTER class-verified (no live dispatch)
2026-10-03 15:23:14.545 [DOMAIN_BACKUP] All engines ignited and verified successfully
2026-10-03 15:25:21.008 [DOMAIN_BACKUP] Initializing all engine objects and verifying execution sources
2026-10-03 15:25:21.075 [DOMAIN_BACKUP] Execution sources SMART_ASSIST and STUTTER class-verified (no live dispatch)
2026-10-03 15:25:21.081 [DOMAIN_BACKUP] All engines ignited and verified successfully
2026-10-03 15:25:33.776 [DIRECT_DISPATCH] source=SMART_ASSIST phase=6 duration=18
2026-10-03 15:25:34.008 [BUS_DISPATCH] source=SMART_ASSIST phase=6 accepted=true
2026-10-03 15:25:34.187 [DIRECT_DISPATCH] source=GOALKEEPER phase=5 duration=57
2026-10-03 15:25:34.428 [BUS_DISPATCH] source=GOALKEEPER phase=5 accepted=true
2026-10-03 15:25:34.696 [DIRECT_DISPATCH] source=SMART_ASSIST phase=6 duration=19
2026-10-03 15:25:34.797 [BUS_DISPATCH] source=SMART_ASSIST phase=6 accepted=true
2026-10-03 15:25:34.838 [DIRECT_DISPATCH] source=GOALKEEPER phase=5 duration=56
2026-10-03 15:25:34.969 [BUS_DISPATCH] source=GOALKEEPER phase=5 accepted=true
2026-10-03 15:25:35.106 [BUS_PREEMPT] head=GOALKEEPER overIntPriority=100
2026-10-03 15:25:35.144 [DIRECT_DISPATCH] source=SMART_ASSIST phase=3 duration=34
2026-10-03 15:25:35.306 [BUS_DISPATCH] source=SMART_ASSIST phase=3 accepted=true
2026-10-03 15:25:35.322 [BUS_PREEMPT] head=GOALKEEPER overIntPriority=90
2026-10-03 15:25:35.361 [DIRECT_DISPATCH] source=GOALKEEPER phase=5 duration=54
2026-10-03 15:25:35.449 [BUS_DISPATCH] source=GOALKEEPER phase=5 accepted=true
2026-10-03 15:25:35.487 [BUS_PREEMPT] head=GOALKEEPER overIntPriority=100
2026-10-03 15:25:35.651 [DIRECT_DISPATCH] source=GOALKEEPER phase=5 duration=55
2026-10-03 15:25:35.683 [BUS_DISPATCH] source=GOALKEEPER phase=5 accepted=true
2026-10-03 15:25:35.695 [BUS_PREEMPT] head=GOALKEEPER overIntPriority=100
2026-10-03 15:25:35.708 [DIRECT_DISPATCH] source=GOALKEEPER phase=5 duration=57
2026-10-03 15:25:35.739 [BUS_DISPATCH] source=GOALKEEPER phase=5 accepted=true
2026-10-03 15:25:35.747 [BUS_PREEMPT] head=GOALKEEPER overIntPriority=100
2026-10-03 15:25:35.753 [DIRECT_DISPATCH] source=GOALKEEPER phase=5 duration=53
2026-10-03 15:25:35.773 [BUS_DISPATCH] source=GOALKEEPER phase=5 accepted=true
2026-10-03 15:25:35.782 [BUS_PREEMPT] head=GOALKEEPER overIntPriority=100
2026-10-03 15:25:35.798 [DIRECT_DISPATCH] source=GOALKEEPER phase=5 duration=54
2026-10-03 15:25:35.947 [BUS_DISPATCH] source=GOALKEEPER phase=5 accepted=true
2026-10-03 15:25:36.282 [DIRECT_DISPATCH] source=SMART_ASSIST phase=3 duration=34
2026-10-03 15:25:36.402 [BUS_DISPATCH] source=SMART_ASSIST phase=3 accepted=true
2026-10-03 15:25:36.425 [BUS_PREEMPT] head=GOALKEEPER overIntPriority=90
2026-10-03 15:25:36.453 [DIRECT_DISPATCH] source=GOALKEEPER phase=5 duration=56
2026-10-03 15:25:36.534 [BUS_DISPATCH] source=GOALKEEPER phase=5 accepted=true
2026-10-03 15:25:36.748 [DIRECT_DISPATCH] source=SMART_ASSIST phase=3 duration=34
2026-10-03 15:25:36.783 [BUS_DISPATCH] source=SMART_ASSIST phase=3 accepted=true
2026-10-03 15:25:36.792 [BUS_PREEMPT] head=GOALKEEPER overIntPriority=90
2026-10-03 15:25:36.805 [DIRECT_DISPATCH] source=GOALKEEPER phase=5 duration=57
2026-10-03 15:25:36.844 [BUS_DISPATCH] source=GOALKEEPER phase=5 accepted=true
2026-10-03 15:25:36.946 [DIRECT_DISPATCH] source=SMART_ASSIST phase=3 duration=38
2026-10-03 15:25:36.968 [BUS_DISPATCH] source=SMART_ASSIST phase=3 accepted=true
2026-10-03 15:25:36.973 [BUS_PREEMPT] head=GOALKEEPER overIntPriority=90
2026-10-03 15:25:36.977 [DIRECT_DISPATCH] source=GOALKEEPER phase=5 duration=56
2026-10-03 15:25:36.990 [BUS_DISPATCH] source=GOALKEEPER phase=5 accepted=true
2026-10-03 15:25:37.247 [DIRECT_DISPATCH] source=SMART_ASSIST phase=3 duration=38
2026-10-03 15:25:37.298 [BUS_DISPATCH] source=SMART_ASSIST phase=3 accepted=true
2026-10-03 15:25:37.305 [BUS_PREEMPT] head=GOALKEEPER overIntPriority=90
2026-10-03 15:25:37.311 [DIRECT_DISPATCH] source=GOALKEEPER phase=5 duration=57
2026-10-03 15:25:37.335 [BUS_DISPATCH] source=GOALKEEPER phase=5 accepted=true
2026-10-03 15:25:37.638 [DIRECT_DISPATCH] source=SMART_ASSIST phase=3 duration=39
2026-10-03 15:25:37.696 [BUS_DISPATCH] source=SMART_ASSIST phase=3 accepted=true
2026-10-03 15:25:37.707 [BUS_PREEMPT] head=GOALKEEPER overIntPriority=90
2026-10-03 15:25:37.714 [DIRECT_DISPATCH] source=GOALKEEPER phase=5 duration=54
2026-10-03 15:25:37.734 [BUS_DISPATCH] source=GOALKEEPER phase=5 accepted=true
2026-10-03 15:25:37.819 [DIRECT_DISPATCH] source=SMART_ASSIST phase=3 duration=41
2026-10-03 15:25:37.849 [BUS_DISPATCH] source=SMART_ASSIST phase=3 accepted=true
2026-10-03 15:25:37.858 [BUS_PREEMPT] head=GOALKEEPER overIntPriority=90
2026-10-03 15:25:37.864 [DIRECT_DISPATCH] source=GOALKEEPER phase=5 duration=55
2026-10-03 15:25:37.877 [BUS_DISPATCH] source=GOALKEEPER phase=5 accepted=true
2026-10-03 15:25:38.112 [DIRECT_DISPATCH] source=SMART_ASSIST phase=3 duration=42
2026-10-03 15:25:38.545 [BUS_DISPATCH] source=SMART_ASSIST phase=3 accepted=true
2026-10-03 15:25:38.848 [DIRECT_DISPATCH] source=SMART_ASSIST phase=6 duration=19
2026-10-03 15:25:38.909 [BUS_DISPATCH] source=SMART_ASSIST phase=6 accepted=true
2026-10-03 15:25:38.981 [DIRECT_DISPATCH] source=GOALKEEPER phase=5 duration=54
2026-10-03 15:25:39.047 [BUS_DISPATCH] source=GOALKEEPER phase=5 accepted=true
2026-10-03 15:25:39.184 [DIRECT_DISPATCH] source=GOALKEEPER phase=5 duration=56
2026-10-03 15:25:39.505 [BUS_DISPATCH] source=GOALKEEPER phase=5 accepted=true
2026-10-03 15:25:39.527 [DIRECT_DISPATCH] source=GOALKEEPER phase=5 duration=53
2026-10-03 15:25:39.619 [BUS_DISPATCH] source=GOALKEEPER phase=5 accepted=true
2026-10-03 15:25:39.636 [BUS_PREEMPT] head=GOALKEEPER overIntPriority=100
2026-10-03 15:25:39.657 [DIRECT_DISPATCH] source=GOALKEEPER phase=5 duration=55
2026-10-03 15:25:39.733 [BUS_DISPATCH] source=GOALKEEPER phase=5 accepted=true
2026-10-03 15:25:39.806 [DIRECT_DISPATCH] source=GOALKEEPER phase=5 duration=55
2026-10-03 15:25:39.984 [BUS_DISPATCH] source=GOALKEEPER phase=5 accepted=true
2026-10-03 15:25:40.083 [DIRECT_DISPATCH] source=GOALKEEPER phase=5 duration=55
2026-10-03 15:25:40.157 [BUS_DISPATCH] source=GOALKEEPER phase=5 accepted=true
2026-10-03 15:25:40.204 [BUS_PREEMPT] head=GOALKEEPER overIntPriority=100
2026-10-03 15:25:40.210 [DIRECT_DISPATCH] source=GOALKEEPER phase=5 duration=53
2026-10-03 15:25:40.233 [BUS_DISPATCH] source=GOALKEEPER phase=5 accepted=true
2026-10-03 15:25:40.289 [DIRECT_DISPATCH] source=SMART_ASSIST phase=3 duration=42
2026-10-03 15:25:40.327 [BUS_DISPATCH] source=SMART_ASSIST phase=3 accepted=true
2026-10-03 15:25:40.398 [BUS_PREEMPT] head=GOALKEEPER overIntPriority=90
2026-10-03 15:25:40.420 [DIRECT_DISPATCH] source=GOALKEEPER phase=5 duration=54
2026-10-03 15:25:40.442 [BUS_DISPATCH] source=GOALKEEPER phase=5 accepted=true
2026-10-03 15:25:40.514 [DIRECT_DISPATCH] source=SMART_ASSIST phase=3 duration=42
2026-10-03 15:25:40.582 [BUS_DISPATCH] source=SMART_ASSIST phase=3 accepted=true
2026-10-03 15:25:40.607 [BUS_PREEMPT] head=GOALKEEPER overIntPriority=90
2026-10-03 15:25:40.611 [DIRECT_DISPATCH] source=GOALKEEPER phase=5 duration=54
2026-10-03 15:25:40.625 [BUS_DISPATCH] source=GOALKEEPER phase=5 accepted=true
2026-10-03 15:25:40.687 [DIRECT_DISPATCH] source=SMART_ASSIST phase=3 duration=42
2026-10-03 15:25:40.747 [BUS_DISPATCH] source=SMART_ASSIST phase=3 accepted=true
2026-10-03 15:25:40.758 [BUS_PREEMPT] head=GOALKEEPER overIntPriority=90
2026-10-03 15:25:40.769 [DIRECT_DISPATCH] source=GOALKEEPER phase=5 duration=56
2026-10-03 15:25:40.785 [BUS_DISPATCH] source=GOALKEEPER phase=5 accepted=true
2026-10-03 15:25:40.842 [DIRECT_DISPATCH] source=SMART_ASSIST phase=3 duration=42
2026-10-03 15:25:40.890 [BUS_DISPATCH] source=SMART_ASSIST phase=3 accepted=true
2026-10-03 15:25:40.928 [BUS_PREEMPT] head=GOALKEEPER overIntPriority=90
2026-10-03 15:25:40.934 [DIRECT_DISPATCH] source=GOALKEEPER phase=5 duration=56
2026-10-03 15:25:40.966 [BUS_DISPATCH] source=GOALKEEPER phase=5 accepted=true
2026-10-03 15:25:41.055 [DIRECT_DISPATCH] source=SMART_ASSIST phase=3 duration=42
2026-10-03 15:25:41.123 [BUS_DISPATCH] source=SMART_ASSIST phase=3 accepted=true
2026-10-03 15:25:41.143 [BUS_PREEMPT] head=GOALKEEPER overIntPriority=90
2026-10-03 15:25:41.173 [DIRECT_DISPATCH] source=GOALKEEPER phase=5 duration=54
2026-10-03 15:25:41.198 [BUS_DISPATCH] source=GOALKEEPER phase=5 accepted=true
2026-10-03 15:25:41.253 [DIRECT_DISPATCH] source=SMART_ASSIST phase=3 duration=42
2026-10-03 15:25:41.338 [BUS_DISPATCH] source=SMART_ASSIST phase=3 accepted=true
2026-10-03 15:25:41.354 [BUS_PREEMPT] head=GOALKEEPER overIntPriority=90
2026-10-03 15:25:41.360 [DIRECT_DISPATCH] source=GOALKEEPER phase=5 duration=54
2026-10-03 15:25:41.396 [BUS_DISPATCH] source=GOALKEEPER phase=5 accepted=true
2026-10-03 15:25:41.452 [DIRECT_DISPATCH] source=SMART_ASSIST phase=3 duration=42
2026-10-03 15:25:41.483 [BUS_DISPATCH] source=SMART_ASSIST phase=3 accepted=true
2026-10-03 15:25:41.531 [DIRECT_DISPATCH] source=SMART_ASSIST phase=3 duration=42
2026-10-03 15:25:41.554 [BUS_DISPATCH] source=SMART_ASSIST phase=3 accepted=true
2026-10-03 15:25:41.559 [BUS_PREEMPT] head=GOALKEEPER overIntPriority=90
2026-10-03 15:25:41.565 [DIRECT_DISPATCH] source=GOALKEEPER phase=5 duration=57
2026-10-03 15:25:41.606 [BUS_DISPATCH] source=GOALKEEPER phase=5 accepted=true
2026-10-03 15:25:41.908 [DIRECT_DISPATCH] source=SMART_ASSIST phase=3 duration=42
2026-10-03 15:25:41.944 [BUS_DISPATCH] source=SMART_ASSIST phase=3 accepted=true
2026-10-03 15:25:41.954 [BUS_PREEMPT] head=GOALKEEPER overIntPriority=90
2026-10-03 15:25:41.965 [DIRECT_DISPATCH] source=GOALKEEPER phase=5 duration=57
2026-10-03 15:25:42.014 [BUS_DISPATCH] source=GOALKEEPER phase=5 accepted=true
2026-10-03 15:25:42.064 [DIRECT_DISPATCH] source=SMART_ASSIST phase=3 duration=42
2026-10-03 15:25:42.112 [BUS_DISPATCH] source=SMART_ASSIST phase=3 accepted=true
2026-10-03 15:25:42.142 [BUS_PREEMPT] head=GOALKEEPER overIntPriority=90
2026-10-03 15:25:42.155 [DIRECT_DISPATCH] source=GOALKEEPER phase=5 duration=55
2026-10-03 15:25:42.193 [BUS_DISPATCH] source=GOALKEEPER phase=5 accepted=true
2026-10-03 15:25:42.251 [BUS_PREEMPT] head=GOALKEEPER overIntPriority=100
2026-10-03 15:25:42.270 [DIRECT_DISPATCH] source=GOALKEEPER phase=5 duration=55
2026-10-03 15:25:42.331 [BUS_DISPATCH] source=GOALKEEPER phase=5 accepted=true
2026-10-03 15:25:42.386 [DIRECT_DISPATCH] source=SMART_ASSIST phase=3 duration=42
2026-10-03 15:25:42.496 [BUS_DISPATCH] source=SMART_ASSIST phase=3 accepted=true
2026-10-03 15:25:42.547 [DIRECT_DISPATCH] source=GOALKEEPER phase=5 duration=56
2026-10-03 15:25:42.689 [BUS_DISPATCH] source=GOALKEEPER phase=5 accepted=true
2026-10-03 15:25:42.765 [DIRECT_DISPATCH] source=SMART_ASSIST phase=3 duration=42
2026-10-03 15:25:42.815 [BUS_DISPATCH] source=SMART_ASSIST phase=3 accepted=true
2026-10-03 15:25:42.828 [BUS_PREEMPT] head=GOALKEEPER overIntPriority=90
2026-10-03 15:25:42.869 [DIRECT_DISPATCH] source=GOALKEEPER phase=5 duration=54
2026-10-03 15:25:42.993 [BUS_DISPATCH] source=GOALKEEPER phase=5 accepted=true
2026-10-03 15:25:43.043 [DIRECT_DISPATCH] source=SMART_ASSIST phase=3 duration=42
2026-10-03 15:25:43.078 [BUS_DISPATCH] source=SMART_ASSIST phase=3 accepted=true
2026-10-03 15:25:43.086 [BUS_PREEMPT] head=GOALKEEPER overIntPriority=90
2026-10-03 15:25:43.091 [DIRECT_DISPATCH] source=GOALKEEPER phase=5 duration=57
2026-10-03 15:25:43.116 [BUS_DISPATCH] source=GOALKEEPER phase=5 accepted=true
2026-10-03 15:25:48.198 [DOMAIN_BACKUP] Initializing all engine objects and verifying execution sources
2026-10-03 15:25:48.497 [DOMAIN_BACKUP] Execution sources SMART_ASSIST and STUTTER class-verified (no live dispatch)
2026-10-03 15:25:48.503 [DOMAIN_BACKUP] All engines ignited and verified successfully
