2026-10-03 15:25:33.418 ball=(248.0,17.5) velocity=(0.0,0.0)
2026-10-03 15:25:33.818 playerVelocity=0.25 opponentDistance=8.0
2026-10-03 15:25:34.137 ball=(248.0,17.5) velocity=(0.0,0.0)
2026-10-03 15:25:34.397 ball=(248.0,17.5) velocity=(0.0,0.0)
2026-10-03 15:25:34.745 playerVelocity=0.225 opponentDistance=112.0
2026-10-03 15:25:34.774 playerVelocity=0.225 opponentDistance=112.0
2026-10-03 15:25:34.855 ball=(248.0,17.5) velocity=(0.0,0.0)
2026-10-03 15:25:34.978 ball=(248.0,17.5) velocity=(0.0,0.0)
2026-10-03 15:25:35.085 ball=(248.0,17.5) velocity=(0.0,0.0)
2026-10-03 15:25:35.138 playerVelocity=0.2125 opponentDistance=104.0
2026-10-03 15:25:35.371 playerVelocity=0.2125 opponentDistance=80.0
2026-10-03 15:25:35.426 ball=(248.0,17.5) velocity=(0.0,0.0)
2026-10-03 15:25:35.434 ball=(248.0,17.5) velocity=(0.0,0.0)
2026-10-03 15:25:35.481 ball=(248.0,17.5) velocity=(0.0,0.0)
2026-10-03 15:25:35.532 playerVelocity=0.225 opponentDistance=80.0
2026-10-03 15:25:35.636 playerVelocity=0.225 opponentDistance=80.0
2026-10-03 15:25:35.698 playerVelocity=0.225 opponentDistance=80.0
2026-10-03 15:25:36.051 ball=(248.0,17.5) velocity=(0.0,0.0)
2026-10-03 15:25:36.267 playerVelocity=0.2375 opponentDistance=72.0
2026-10-03 15:25:36.557 ball=(248.0,17.5) velocity=(0.0,0.0)
2026-10-03 15:25:36.716 playerVelocity=0.25 opponentDistance=8.0
2026-10-03 15:25:36.855 ball=(248.0,17.5) velocity=(0.0,0.0)
2026-10-03 15:25:36.930 playerVelocity=0.2125 opponentDistance=8.0
2026-10-03 15:25:37.108 ball=(185.0,358.6) velocity=(-63.0,341.1)
2026-10-03 15:25:37.259 playerVelocity=0.2375 opponentDistance=48.0
2026-10-03 15:25:37.494 ball=(159.8,439.84003) velocity=(-25.199997,81.24002)
2026-10-03 15:25:37.645 playerVelocity=0.2375 opponentDistance=8.0
2026-10-03 15:25:37.781 ball=(149.72,432.73602) velocity=(-10.080002,-7.104004)
2026-10-03 15:25:37.813 playerVelocity=0.2 opponentDistance=96.0
2026-10-03 15:25:38.000 ball=(145.688,436.49445) velocity=(-4.0319977,3.7584229)
2026-10-03 15:25:38.099 playerVelocity=0.1625 opponentDistance=80.0
2026-10-03 15:25:38.515 ball=(207.07521,185.09778) velocity=(61.387207,-251.39667)
2026-10-03 15:25:38.744 playerVelocity=0.2375 opponentDistance=112.0
2026-10-03 15:25:38.805 ball=(231.6301,84.539116) velocity=(24.554886,-100.55866)
2026-10-03 15:25:38.945 playerVelocity=0.2375 opponentDistance=112.0
2026-10-03 15:25:39.126 ball=(241.45204,44.315647) velocity=(9.821945,-40.22347)
2026-10-03 15:25:39.312 ball=(245.38083,28.22626) velocity=(3.9287872,-16.089388)
2026-10-03 15:25:39.437 playerVelocity=0.2 opponentDistance=88.0
2026-10-03 15:25:39.490 playerVelocity=0.2 opponentDistance=88.0
2026-10-03 15:25:39.603 ball=(246.95233,21.790504) velocity=(1.5715027,-6.435755)
2026-10-03 15:25:39.695 playerVelocity=0.2 opponentDistance=88.0
2026-10-03 15:25:39.785 ball=(247.58093,19.216202) velocity=(0.6286011,-2.5743027)
2026-10-03 15:25:39.886 playerVelocity=0.2 opponentDistance=88.0
2026-10-03 15:25:40.050 ball=(247.83237,18.186481) velocity=(0.25143433,-1.0297203)
2026-10-03 15:25:40.179 playerVelocity=0.2 opponentDistance=88.0
2026-10-03 15:25:40.300 ball=(247.93295,17.774593) velocity=(0.10058594,-0.41188812)
2026-10-03 15:25:40.347 playerVelocity=0.2 opponentDistance=88.0
2026-10-03 15:25:40.506 ball=(247.97318,17.609837) velocity=(0.040222168,-0.16475677)
2026-10-03 15:25:40.592 playerVelocity=0.2 opponentDistance=88.0
2026-10-03 15:25:40.671 ball=(247.98927,17.543934) velocity=(0.016098022,-0.06590271)
2026-10-03 15:25:40.711 playerVelocity=0.2 opponentDistance=88.0
2026-10-03 15:25:40.855 ball=(247.99571,17.517574) velocity=(0.006439209,-0.026359558)
2026-10-03 15:25:40.918 playerVelocity=0.2 opponentDistance=88.0
2026-10-03 15:25:40.983 ball=(247.99829,17.50703) velocity=(0.0025787354,-0.010543823)
2026-10-03 15:25:41.100 playerVelocity=0.2 opponentDistance=88.0
2026-10-03 15:25:41.220 ball=(247.99933,17.502811) velocity=(0.0010375977,-0.004219055)
2026-10-03 15:25:41.301 playerVelocity=0.2 opponentDistance=88.0
2026-10-03 15:25:41.425 ball=(247.99973,17.501125) velocity=(3.9672852E-4,-0.0016860962)
2026-10-03 15:25:41.514 playerVelocity=0.2 opponentDistance=88.0
2026-10-03 15:25:41.782 ball=(247.9999,17.50045) velocity=(1.6784668E-4,-6.752014E-4)
2026-10-03 15:25:41.866 playerVelocity=0.2 opponentDistance=88.0
2026-10-03 15:25:42.005 ball=(147.19995,379.6002) velocity=(-100.79994,362.09973)
2026-10-03 15:25:42.167 ball=(107.179985,524.1401) velocity=(-40.019966,144.53989)
2026-10-03 15:25:42.224 playerVelocity=0.0375 opponentDistance=64.0
2026-10-03 15:25:42.353 ball=(91.172,581.95605) velocity=(-16.007988,57.81598)
2026-10-03 15:25:42.521 playerVelocity=0.0375 opponentDistance=64.0
2026-10-03 15:25:42.678 ball=(84.468796,605.38245) velocity=(-6.7032013,23.426392)
2026-10-03 15:25:42.966 ball=(182.58752,252.65298) velocity=(98.11873,-352.72946)
2026-10-03 15:25:43.037 playerVelocity=0.2 opponentDistance=88.0
