1254-07-04 05:03:45.348   967  1033 I libPowerHal: [perfSetSysInfo] pid type:24, 2438
1255-07-04 05:03:45.401  1617  2355 I mtkpower_client: [PowerHal_Wrap_notifyAppState] com.miui.micloudsync/com.miui.micloudsync pid=4979 activityId:4979 state:3
1256-07-04 05:03:45.401   965   965 I MTK_APPList: [notifyAPPstate] com.miui.micloudsync/com.miui.micloudsync, pid=4979, activityId=4979, uid=1110182, state:DEAD, fps:-1, win:0
1257-07-04 05:03:45.401   965   965 I MTK_APPList: [notifyAPPstate] multi_resumed_app_count: 1
1258-07-04 05:03:45.401   965   965 I MTK_APPList: [notifyAPPstate] multi_resumed_app_info[0] com.termux/com.termux.app.TermuxActivity, pid:32294, activityId:49262800, fps:-1, isMultiWindow:1
1259-07-04 05:03:45.401   965   965 I MTK_APPList: [getForegroundAPPCount] 1
1260-07-04 05:03:45.402   965   965 I MTK_APPList: [notifyAPPstate] pack:com.miui.micloudsync, pid:4979, STATE_DEAD
1261-07-04 05:03:45.402   965   965 I MTK_APPList: [notifyNetdUID] 10152
1262-07-04 05:03:45.402   965   965 I MTK_APPList: [notifyPID] 2438
1263-07-04 05:03:45.403   967  1033 I libPowerHal: [perfSetSysInfo] pid type:24, 2438
1264-07-04 05:03:45.482  1617  5086 I mtkpower_client: [PowerHal_Wrap_notifyAppState] com.android.vending/com.android.vending pid=5176 activityId:5176 state:3
1265-07-04 05:03:45.483   965   965 I MTK_APPList: [notifyAPPstate] com.android.vending/com.android.vending, pid=5176, activityId=5176, uid=10161, state:DEAD, fps:-1, win:0
1266-07-04 05:03:45.483   965   965 I MTK_APPList: [notifyAPPstate] multi_resumed_app_count: 1
1267-07-04 05:03:45.483   965   965 I MTK_APPList: [notifyAPPstate] multi_resumed_app_info[0] com.termux/com.termux.app.TermuxActivity, pid:32294, activityId:49262800, fps:-1, isMultiWindow:1
1268-07-04 05:03:45.483   965   965 I MTK_APPList: [getForegroundAPPCount] 1
1269-07-04 05:03:45.483   965   965 I MTK_APPList: [notifyAPPstate] pack:com.android.vending, pid:5176, STATE_DEAD
1270-07-04 05:03:45.483   965   965 I MTK_APPList: [notifyNetdUID] 10152
1271-07-04 05:03:45.484   965   965 I MTK_APPList: [notifyPID] 2438
1272-07-04 05:03:45.485   967  1033 I libPowerHal: [perfSetSysInfo] pid type:24, 2438
1273-07-04 05:03:45.534  1007  1007 I BufferQueueProducer: [FramebufferSurface](this:0xb400006eaa4d6290,id:-1,api:1,p:1007,c:1007) queueBuffer: fps=90.34 dur=1007.31 max=13.60 min=9.01
1274:07-04 05:03:45.985  1617  5086 I mtkpower_client: [PowerHal_Wrap_notifyAppState] com.assistant.overlay/com.assistant.MainActivity pid=5245 activityId:78312923 state:1
1275:07-04 05:03:45.985   965   965 I MTK_APPList: [notifyAPPstate] com.assistant.overlay/com.assistant.MainActivity, pid=5245, activityId=78312923, uid=10335, state:RESUMED, fps:-1, win:0
1276-07-04 05:03:45.986   965   965 I MTK_APPList: [notifyAPPstate] multi_resumed_app_count: 2
1277-07-04 05:03:45.986   965   965 I MTK_APPList: [notifyAPPstate] multi_resumed_app_info[0] com.termux/com.termux.app.TermuxActivity, pid:32294, activityId:49262800, fps:-1, isMultiWindow:1
1278:07-04 05:03:45.986   965   965 I MTK_APPList: [notifyAPPstate] multi_resumed_app_info[1] com.assistant.overlay/com.assistant.MainActivity, pid:5245, activityId:78312923, fps:-1, isMultiWindow:0
1279-07-04 05:03:45.986   965   965 I MTK_APPList: [getForegroundAPPCount] 2
1280:07-04 05:03:45.986   965   965 I MTK_APPList: [notifyAPPstate] foreground:com.assistant.overlay, pid:5245, activityId:78312923, uid:10335
1281-07-04 05:03:45.986   965   965 I MTK_APPList: [notifyNetdUID] 10335
1282-07-04 05:03:45.987   965   965 I MTK_APPList: [notifyPID] 5245
1283-07-04 05:03:45.987   967  1033 I libPowerHal: [perfSetSysInfo] pid type:24, 5245
1284:07-04 05:03:45.987   965   965 I MTK_APPList: [notifyAPPstate] pc:0, com.miui.home => com.assistant.overlay
1285-07-04 05:03:46.633  1007  1007 I BufferQueueProducer: [FramebufferSurface](this:0xb400006eaa4d6290,id:-1,api:1,p:1007,c:1007) queueBuffer: fps=25.49 dur=1098.65 max=707.86 min=10.37
1286-07-04 05:03:46.937   967   977 I libPowerHal: [mtkPowerHint] hint:21, hold:6000, ext:30, ext_hold:35000
1287-07-04 05:03:46.939   967  1033 I libPowerHal: [set_kswapd_affinity] set affinity = 16129, set_kswapd_count= 2
1288-07-04 05:03:46.939   967  1033 I libPowerHal: [PE] MTKPOWER_HINT_PROCESS_CREATE update ONESHOT(set) cmd:10000700 param:16129 pr:3
1289-07-04 05:03:46.939   967  1033 I libPowerHal: [perfLockAcq] Done for hdl : 64946
1290-07-04 05:03:46.939   967  1033 I libPowerHal: [perfLockRel] hdl:64943, idx:1
1291-07-04 05:03:46.940   967  1033 I libPowerHal: [unset_kswapd_affinity] unset affinity = 16129, set_kswapd_count= 1
1292-07-04 05:03:46.940   967  1033 I libPowerHal: [PD] MTKPOWER_HINT_PROCESS_CREATE update ONESHOT(unset) cmd:10000700 param:16129 pr:3
1293-07-04 05:03:46.941   967  1033 I libPowerHal: [perfLockRel] Done for hdl : 64943
1294-07-04 05:03:46.941   967   977 I mtkpower@impl: [setMode] type:5, enabled:0
1295-07-04 05:03:46.942   967  1033 I libPowerHal: [perfLockAcq] Done for hdl : 64947
1296-07-04 05:03:46.943   967  1033 I libPowerHal: [perfLockRel] hdl:64945, idx:2
1297-07-04 05:03:46.944   967  1033 I libPowerHal: [perfLockRel] Done for hdl : 64945
1298-07-04 05:03:46.974  1617  2946 I mtkpower_client: [PowerHal_Wrap_notifyAppState] com.google.android.inputmethod.latin/com.google.android.inputmethod.latin pid=5090 activityId:5090 state:3
1299-07-04 05:03:46.974   965   965 I MTK_APPList: [notifyAPPstate] com.google.android.inputmethod.latin/com.google.android.inputmethod.latin, pid=5090, activityId=5090, uid=1110181, state:DEAD, fps:-1, win:1
1300-07-04 05:03:46.974   965   965 I MTK_APPList: [notifyAPPstate] multi_resumed_app_count: 2
1301-07-04 05:03:46.974   965   965 I MTK_APPList: [notifyAPPstate] multi_resumed_app_info[0] com.termux/com.termux.app.TermuxActivity, pid:32294, activityId:49262800, fps:-1, isMultiWindow:1
1302:07-04 05:03:46.974   965   965 I MTK_APPList: [notifyAPPstate] multi_resumed_app_info[1] com.assistant.overlay/com.assistant.MainActivity, pid:5245, activityId:78312923, fps:-1, isMultiWindow:0
1303-07-04 05:03:46.974   965   965 I MTK_APPList: [getForegroundAPPCount] 2
1304-07-04 05:03:46.974   965   965 I MTK_APPList: [notifyAPPstate] pack:com.google.android.inputmethod.latin, pid:5090, STATE_DEAD
1305-07-04 05:03:46.974   965   965 I MTK_APPList: [notifyNetdUID] 10335
1306-07-04 05:03:46.975   965   965 I MTK_APPList: [notifyPID] 5245
1307-07-04 05:03:46.976   967  1033 I libPowerHal: [perfSetSysInfo] pid type:24, 5245
1308-07-04 05:03:47.206  1617  5045 I mtkpower_client: [PowerHal_Wrap_notifyAppState] com.google.android.setupwizard/com.google.android.setupwizard pid=3098 activityId:3098 state:3
1309-07-04 05:03:47.207   965   965 I MTK_APPList: [notifyAPPstate] com.google.android.setupwizard/com.google.android.setupwizard, pid=3098, activityId=3098, uid=1110242, state:DEAD, fps:-1, win:1
1310-07-04 05:03:47.208   965   965 I MTK_APPList: [notifyAPPstate] multi_resumed_app_count: 2
1311-07-04 05:03:47.208   965   965 I MTK_APPList: [notifyAPPstate] multi_resumed_app_info[0] com.termux/com.termux.app.TermuxActivity, pid:32294, activityId:49262800, fps:-1, isMultiWindow:1
1312:07-04 05:03:47.208   965   965 I MTK_APPList: [notifyAPPstate] multi_resumed_app_info[1] com.assistant.overlay/com.assistant.MainActivity, pid:5245, activityId:78312923, fps:-1, isMultiWindow:0
1313-07-04 05:03:47.208   965   965 I MTK_APPList: [getForegroundAPPCount] 2
1314-07-04 05:03:47.208   965   965 I MTK_APPList: [notifyAPPstate] pack:com.google.android.setupwizard, pid:3098, STATE_DEAD
1315-07-04 05:03:47.208   965   965 I MTK_APPList: [notifyNetdUID] 10335
1316-07-04 05:03:47.209  1007  1007 I BufferQueueProducer: [StatusBar#119](this:0xb400006f4a9a38f0,id:-1,api:0,p:-1,c:1007) queueBuffer: fps=0.25 dur=3998.69 max=3998.69 min=3998.69
1317-07-04 05:03:47.211   965   965 I MTK_APPList: [notifyPID] 5245
1318-07-04 05:03:47.212   967  1033 I libPowerHal: [perfSetSysInfo] pid type:24, 5245
1319-07-04 05:03:47.220  1007  1007 I BufferQueueProducer: [StatusBar1#124](this:0xb400006f4a9ba570,id:-1,api:0,p:-1,c:1007) queueBuffer: fps=1.91 dur=2098.89 max=1898.97 min=33.14
1320-07-04 05:03:47.499  1617  2713 I mtkpower_client: [PowerHal_Wrap_notifyAppState] com.google.android.inputmethod.latin/com.google.android.inputmethod.latin pid=5318 activityId:5318 state:3
1321-07-04 05:03:47.500   965   965 I MTK_APPList: [notifyAPPstate] com.google.android.inputmethod.latin/com.google.android.inputmethod.latin, pid=5318, activityId=5318, uid=1110181, state:DEAD, fps:-1, win:1
1322-07-04 05:03:47.500   965   965 I MTK_APPList: [notifyAPPstate] multi_resumed_app_count: 2
1323-07-04 05:03:47.500   965   965 I MTK_APPList: [notifyAPPstate] multi_resumed_app_info[0] com.termux/com.termux.app.TermuxActivity, pid:32294, activityId:49262800, fps:-1, isMultiWindow:1
1324:07-04 05:03:47.500   965   965 I MTK_APPList: [notifyAPPstate] multi_resumed_app_info[1] com.assistant.overlay/com.assistant.MainActivity, pid:5245, activityId:78312923, fps:-1, isMultiWindow:0
1325-07-04 05:03:47.500   965   965 I MTK_APPList: [getForegroundAPPCount] 2
1326-07-04 05:03:47.500   965   965 I MTK_APPList: [notifyAPPstate] pack:com.google.android.inputmethod.latin, pid:5318, STATE_DEAD
1327-07-04 05:03:47.500   965   965 I MTK_APPList: [notifyNetdUID] 10335
1328-07-04 05:03:47.501   965   965 I MTK_APPList: [notifyPID] 5245
1329-07-04 05:03:47.501   967  1033 I libPowerHal: [perfSetSysInfo] pid type:24, 5245
1330-07-04 05:03:47.543  1617  3238 I mtkpower_client: [PowerHal_Wrap_notifyAppState] com.facebook.services/com.facebook.services pid=4615 activityId:4615 state:3
1331-07-04 05:03:47.543   965   965 I MTK_APPList: [notifyAPPstate] com.facebook.services/com.facebook.services, pid=4615, activityId=4615, uid=10108, state:DEAD, fps:-1, win:1
1332-07-04 05:03:47.543   965   965 I MTK_APPList: [notifyAPPstate] multi_resumed_app_count: 2
1333-07-04 05:03:47.543   965   965 I MTK_APPList: [notifyAPPstate] multi_resumed_app_info[0] com.termux/com.termux.app.TermuxActivity, pid:32294, activityId:49262800, fps:-1, isMultiWindow:1
1334:07-04 05:03:47.543   965   965 I MTK_APPList: [notifyAPPstate] multi_resumed_app_info[1] com.assistant.overlay/com.assistant.MainActivity, pid:5245, activityId:78312923, fps:-1, isMultiWindow:0
1335-07-04 05:03:47.543   965   965 I MTK_APPList: [getForegroundAPPCount] 2
1336-07-04 05:03:47.543   965   965 I MTK_APPList: [notifyAPPstate] pack:com.facebook.services, pid:4615, STATE_DEAD
1337-07-04 05:03:47.543   965   965 I MTK_APPList: [notifyNetdUID] 10335
1338-07-04 05:03:47.544   965   965 I MTK_APPList: [notifyPID] 5245
1339-07-04 05:03:47.545   967  1033 I libPowerHal: [perfSetSysInfo] pid type:24, 5245
1340-07-04 05:03:47.606  1222  1261 I misight : OnEvent EventPrivacyCompliance event=915100004
1341-07-04 05:03:47.606  1222  1261 D misight : ProcessEvent devVersion==OS3.0.302.0.WBNMIXM,faultLevel=2,prv=3 region=eea
1342-07-04 05:03:47.607  1222  1261 I misight : OnEvent EventStorageManager event=915100004,3
1343-07-04 05:03:47.607  1222  1261 D misight : ProcessNewDayEvent event happen time 1783137827,start time=1783119600,restart=1
1344-07-04 05:03:47.607  1222  1261 D misight : ProcessNewDayEvent event happen time 1783137827, last=1783137822,start time=1783119600,next day =1783206000, interval=68442
1345-07-04 05:03:47.607  1222  1261 D misight : Execute start execute sql /data/miuilog/misight/event.db:select id,event_id,daily_cnt,over_cnt,hour_cnt,next_expire_time,last_happen_time,last_log_time from event_daily where event_id = '915100004' limit 1
1346-07-04 05:03:47.607  1222  1261 D misight : DetectDropByTime event 915100004 parser maxCnt=200 lastTime=1783137755 same=0, overCnt=1570,dailyCnt=99,hourCnt=3
1347-07-04 05:03:47.607  1222  1261 I misight : DetectDropEvent event 915100004 over hour cnt drop it, hourCnt=4 halfCnt=3, maxCnt=200 punishSecond=674,space=72
1348-07-04 05:03:47.607  1222  1261 D misight : Execute start execute sql /data/miuilog/misight/event.db:update event_daily set  daily_cnt=99, hour_cnt=3, next_expire_time=1783141341, over_cnt=1571, last_happen_time=1783137755, last_log_time=0  where id = '3'
1349-07-04 05:03:47.609  1222  1261 I misight : OnEvent HighProbFaultDetect 915100004
1350-07-04 05:03:47.609  1222  1261 D misight : OnEvent high fault expired
1351-07-04 05:03:47.610  1222  1261 I misight : OnEvent EventLogProcessor event=915100004,3
1352-07-04 05:03:47.610  1222  1261 I misight : OnEvent EventInfoPack event 915100004
1353-07-04 05:03:47.779  1617  5086 I mtkpower_client: [PowerHal_Wrap_notifyAppState] com.google.android.setupwizard/com.google.android.setupwizard pid=5373 activityId:5373 state:3
1354-07-04 05:03:47.780   965   965 I MTK_APPList: [notifyAPPstate] com.google.android.setupwizard/com.google.android.setupwizard, pid=5373, activityId=5373, uid=1110242, state:DEAD, fps:-1, win:1
1355-07-04 05:03:47.780   965   965 I MTK_APPList: [notifyAPPstate] multi_resumed_app_count: 2
1356-07-04 05:03:47.780   965   965 I MTK_APPList: [notifyAPPstate] multi_resumed_app_info[0] com.termux/com.termux.app.TermuxActivity, pid:32294, activityId:49262800, fps:-1, isMultiWindow:1
1357:07-04 05:03:47.780   965   965 I MTK_APPList: [notifyAPPstate] multi_resumed_app_info[1] com.assistant.overlay/com.assistant.MainActivity, pid:5245, activityId:78312923, fps:-1, isMultiWindow:0
1358-07-04 05:03:47.780   965   965 I MTK_APPList: [getForegroundAPPCount] 2
1359-07-04 05:03:47.780   965   965 I MTK_APPList: [notifyAPPstate] pack:com.google.android.setupwizard, pid:5373, STATE_DEAD
1360-07-04 05:03:47.780   965   965 I MTK_APPList: [notifyNetdUID] 10335
1361-07-04 05:03:47.782   965   965 I MTK_APPList: [notifyPID] 5245
1362-07-04 05:03:47.782   967  1033 I libPowerHal: [perfSetSysInfo] pid type:24, 5245
1363-07-04 05:03:47.943  1617  2171 I mtkpower_client: perf_lock_acq, hdl:64655, dur:3000, num:4, pid:1617, tid:2171
1364-07-04 05:03:47.951   967  1033 I libPowerHal: cmdSetting - unknown cmd:340c300, scmd:(null) ,param_1:1
1365-07-04 05:03:47.952   967  1033 I libPowerHal: end_default_hold_time HindID : 21
1366-07-04 05:03:47.952   967  1033 I libPowerHal: [disableScenarioByHintId] Disable HindID : 21
1367-07-04 05:03:47.952   967  1033 I libPowerHal: [disableScenarioByHintId] disableScenarioByHintId: HindID : 21
1368-07-04 05:03:47.953  1617  2171 I mtkpower_client: ret_hdl:64948
1369-07-04 05:03:47.953   967  1033 I libPowerHal: [PD] MTKPOWER_HINT_PROCESS_CREATE update cmd:400000 param:-1 pr:6
1370-07-04 05:03:47.953  1617  2171 I mtkpower_client: perf_lock_rel, hdl:64948, pid: 1617, tid:2171
1371-07-04 05:03:47.954   967  1033 I libPowerHal: [PD] MTKPOWER_HINT_PROCESS_CREATE update cmd:400100 param:-1 pr:6
1372-07-04 05:03:47.955   967  1033 I libPowerHal: [setDvfsrcDevFreqOpp] opp:1, freq:2400000000
1373-07-04 05:03:47.955   967  1033 I libPowerHal: [unset_kswapd_affinity] unset affinity = 16129, set_kswapd_count= 0
1374-07-04 05:03:47.955   967  1033 I libPowerHal: [PD] MTKPOWER_HINT_PROCESS_CREATE update ONESHOT(unset) cmd:10000700 param:16129 pr:3
1375-07-04 05:03:47.955   967  1033 I libPowerHal: [recordCPUFreqInfo] set cluster[0] min(-1): -1 max(-1): -1 cluster[1] min(-1): -1 max(-1): -1
1376-07-04 05:03:47.956   967  1033 I libPowerHal: [disableScenarioByHintId] Disable HindID : 57
1377-07-04 05:03:47.956   967  1033 I libPowerHal: [PE] system_server update ONESHOT(set) cmd:3410300 param:21 pr:3
1378-07-04 05:03:47.956   967  1033 I libPowerHal: [perfLockAcq] Done for hdl : 64948
1379-07-04 05:03:47.958   967  1033 I libPowerHal: [perfLockRel] hdl:64948, idx:1
1380-07-04 05:03:47.959   967  1033 I libPowerHal: end_default_hold_time HindID : 21
1381-07-04 05:03:47.959   967  1033 I libPowerHal: [disableScenarioByHintId] Disable HindID : 21
1382-07-04 05:03:47.959   967  1033 I libPowerHal: [disableScenarioByHintId] Disable HindID : 57
1383-07-04 05:03:47.959   967  1033 I libPowerHal: [PD] system_server update ONESHOT(unset) cmd:3410300 param:21 pr:3
1384-07-04 05:03:47.959   967  1033 I libPowerHal: [perfLockRel] Done for hdl : 64948
1385-07-04 05:03:48.036  1617  5097 I mtkpower_client: [PowerHal_Wrap_notifyAppState] com.google.android.inputmethod.latin/com.google.android.inputmethod.latin pid=5407 activityId:5407 state:3
1386-07-04 05:03:48.036   965   965 I MTK_APPList: [notifyAPPstate] com.google.android.inputmethod.latin/com.google.android.inputmethod.latin, pid=5407, activityId=5407, uid=1110181, state:DEAD, fps:-1, win:1
1387-07-04 05:03:48.037   965   965 I MTK_APPList: [notifyAPPstate] multi_resumed_app_count: 2
1388-07-04 05:03:48.037   965   965 I MTK_APPList: [notifyAPPstate] multi_resumed_app_info[0] com.termux/com.termux.app.TermuxActivity, pid:32294, activityId:49262800, fps:-1, isMultiWindow:1
1389:07-04 05:03:48.037   965   965 I MTK_APPList: [notifyAPPstate] multi_resumed_app_info[1] com.assistant.overlay/com.assistant.MainActivity, pid:5245, activityId:78312923, fps:-1, isMultiWindow:0
1390-07-04 05:03:48.037   965   965 I MTK_APPList: [getForegroundAPPCount] 2
1391-07-04 05:03:48.037   965   965 I MTK_APPList: [notifyAPPstate] pack:com.google.android.inputmethod.latin, pid:5407, STATE_DEAD
1392-07-04 05:03:48.037   965   965 I MTK_APPList: [notifyNetdUID] 10335
1393-07-04 05:03:48.038   965   965 I MTK_APPList: [notifyPID] 5245
1394-07-04 05:03:48.039   967  1033 I libPowerHal: [perfSetSysInfo] pid type:24, 5245
1395-07-04 05:03:48.177  1617  5097 I mtkpower_client: [PowerHal_Wrap_notifyAppState] com.google.android.gms/com.google.android.gms pid=32374 activityId:32374 state:3
1396-07-04 05:03:48.177   965   965 I MTK_APPList: [notifyAPPstate] com.google.android.gms/com.google.android.gms, pid=32374, activityId=32374, uid=10148, state:DEAD, fps:-1, win:1
1397-07-04 05:03:48.178   965   965 I MTK_APPList: [notifyAPPstate] multi_resumed_app_count: 2
1398-07-04 05:03:48.178   965   965 I MTK_APPList: [notifyAPPstate] multi_resumed_app_info[0] com.termux/com.termux.app.TermuxActivity, pid:32294, activityId:49262800, fps:-1, isMultiWindow:1
1399:07-04 05:03:48.178   965   965 I MTK_APPList: [notifyAPPstate] multi_resumed_app_info[1] com.assistant.overlay/com.assistant.MainActivity, pid:5245, activityId:78312923, fps:-1, isMultiWindow:0
1400-07-04 05:03:48.178   965   965 I MTK_APPList: [getForegroundAPPCount] 2
1401-07-04 05:03:48.178   965   965 I MTK_APPList: [notifyAPPstate] pack:com.google.android.gms, pid:32374, STATE_DEAD
1402-07-04 05:03:48.178   965   965 I MTK_APPList: [notifyNetdUID] 10335
1403-07-04 05:03:48.180   965   965 I MTK_APPList: [notifyPID] 5245
1404-07-04 05:03:48.181   967  1033 I libPowerHal: [perfSetSysInfo] pid type:24, 5245
1405:07-04 05:03:48.264  1007  1007 I BufferQueueProducer: [com.assistant.overlay/com.assistant.MainActivity#15555](this:0xb400006f4a9df5c0,id:-1,api:0,p:-1,c:1007) queueBuffer: fps=2.18 dur=1377.11 max=1309.81 min=11.58
1406-07-04 05:03:48.269  1007  1007 I BufferQueueProducer: [FramebufferSurface](this:0xb400006eaa4d6290,id:-1,api:1,p:1007,c:1007) queueBuffer: fps=12.22 dur=1636.35 max=954.94 min=7.52
1407-07-04 05:03:48.826  1617  1881 I mtkpower_client: [PowerHal_Wrap_notifyAppState] com.google.android.setupwizard/com.google.android.setupwizard pid=5481 activityId:5481 state:3
1408-07-04 05:03:48.828   965   965 I MTK_APPList: [notifyAPPstate] com.google.android.setupwizard/com.google.android.setupwizard, pid=5481, activityId=5481, uid=1110242, state:DEAD, fps:-1, win:1
1409-07-04 05:03:48.828   965   965 I MTK_APPList: [notifyAPPstate] multi_resumed_app_count: 2
1410-07-04 05:03:48.828   965   965 I MTK_APPList: [notifyAPPstate] multi_resumed_app_info[0] com.termux/com.termux.app.TermuxActivity, pid:32294, activityId:49262800, fps:-1, isMultiWindow:1
1411:07-04 05:03:48.828   965   965 I MTK_APPList: [notifyAPPstate] multi_resumed_app_info[1] com.assistant.overlay/com.assistant.MainActivity, pid:5245, activityId:78312923, fps:-1, isMultiWindow:0
1412-07-04 05:03:48.828   965   965 I MTK_APPList: [getForegroundAPPCount] 2
1413-07-04 05:03:48.828   965   965 I MTK_APPList: [notifyAPPstate] pack:com.google.android.setupwizard, pid:5481, STATE_DEAD
1414-07-04 05:03:48.828   965   965 I MTK_APPList: [notifyNetdUID] 10335
1415-07-04 05:03:48.829   965   965 I MTK_APPList: [notifyPID] 5245
1416-07-04 05:03:48.829   967  1033 I libPowerHal: [perfSetSysInfo] pid type:24, 5245
1417-07-04 05:03:48.880  1617  2674 I mtkpower_client: [PowerHal_Wrap_notifyAppState] com.google.android.inputmethod.latin/com.google.android.inputmethod.latin pid=5500 activityId:5500 state:3
1418-07-04 05:03:48.880   965   965 I MTK_APPList: [notifyAPPstate] com.google.android.inputmethod.latin/com.google.android.inputmethod.latin, pid=5500, activityId=5500, uid=1110181, state:DEAD, fps:-1, win:1
1419-07-04 05:03:48.880   965   965 I MTK_APPList: [notifyAPPstate] multi_resumed_app_count: 2
1420-07-04 05:03:48.880   965   965 I MTK_APPList: [notifyAPPstate] multi_resumed_app_info[0] com.termux/com.termux.app.TermuxActivity, pid:32294, activityId:49262800, fps:-1, isMultiWindow:1
1421:07-04 05:03:48.881   965   965 I MTK_APPList: [notifyAPPstate] multi_resumed_app_info[1] com.assistant.overlay/com.assistant.MainActivity, pid:5245, activityId:78312923, fps:-1, isMultiWindow:0
1422-07-04 05:03:48.881   965   965 I MTK_APPList: [getForegroundAPPCount] 2
1423-07-04 05:03:48.881   965   965 I MTK_APPList: [notifyAPPstate] pack:com.google.android.inputmethod.latin, pid:5500, STATE_DEAD
1424-07-04 05:03:48.881   965   965 I MTK_APPList: [notifyNetdUID] 10335
1425-07-04 05:03:48.884   965   965 I MTK_APPList: [notifyPID] 5245
1426-07-04 05:03:48.885   967  1033 I libPowerHal: [perfSetSysInfo] pid type:24, 5245
1427-07-04 05:03:49.524   967  1033 I libPowerHal: [PE] MTKPOWER_HINT_APP_TOUCH update cmd:1408300, param:100, pr:3
1428-07-04 05:03:49.524   967  1033 I libPowerHal: [PE] MTKPOWER_HINT_APP_TOUCH update cmd:410000, param:1, pr:3
1429-07-04 05:03:49.525   967  1033 I libPowerHal: [PE] MTKPOWER_HINT_APP_TOUCH update cmd:400000 param:1700000 pr:3
1430-07-04 05:03:49.525   967  1033 I libPowerHal: [PE] MTKPOWER_HINT_APP_TOUCH update cmd:400100 param:2000000 pr:3
1431-07-04 05:03:49.525   967  1033 I libPowerHal: value: 1
1432-07-04 05:03:49.525   967  1033 I libPowerHal: [PE] MTKPOWER_HINT_APP_TOUCH update cmd:410000 param:1 pr:3
1433-07-04 05:03:49.525   967  1033 I libPowerHal: [setDvfsrcDevFreqOpp] opp:0, freq:3600000000
1434-07-04 05:03:49.525   967  1033 I libPowerHal: [PE] MTKPOWER_HINT_APP_TOUCH update cmd:1000000 param:0 pr:3
1435-07-04 05:03:49.525   967  1033 I libPowerHal: [recordCPUFreqInfo] set cluster[0] min(MTKPOWER_HINT_APP_TOUCH): 1700000 max(-1): -1 cluster[1] min(MTKPOWER_HINT_APP_TOUCH): 2000000 max(-1): -1
1436-07-04 05:03:49.526   967  1033 I libPowerHal: [perfLockAcq] Done for hdl : 64949
1437-07-04 05:03:49.537  1617  1663 I mtkpower_client: perf_lock_acq, hdl:64938, dur:2000, num:8, pid:1617, tid:1663
1438-07-04 05:03:49.539  1617  1663 I mtkpower_client: ret_hdl:64950
1439-07-04 05:03:49.539   967  1033 I libPowerHal: [setGPUFreq] system_server user set gpu freq min:0, max:-1
1440-07-04 05:03:49.540   967  1033 I libPowerHal: [perfLockAcq] Done for hdl : 64950
1441-07-04 05:03:49.583  5245  5706 I PowerHalMgrImpl: perfLockAcq is supported. 
1442-07-04 05:03:49.585   967  1033 I libPowerHal: [PE] MTKPOWER_HINT_UX_SCROLLING_COMMON update cmd:1468000 param:0 pr:3
1443-07-04 05:03:49.585   967  1033 I libPowerHal: [perfLockAcq] Done for hdl : 64951
1444:07-04 05:03:49.586  1007  1007 I BufferQueueProducer: [com.assistant.overlay/com.assistant.MainActivity#15555](this:0xb400006f4a9df5c0,id:-1,api:0,p:-1,c:1007) queueBuffer: fps=18.15 dur=1322.02 max=1066.54 min=10.97
1445-07-04 05:03:49.589  1617  2674 I mtkpower_client: perf_lock_acq, hdl:0, dur:3000, num:4, pid:1617, tid:2674
1446-07-04 05:03:49.589  1007  1007 I BufferQueueProducer: [FramebufferSurface](this:0xb400006eaa4d6290,id:-1,api:1,p:1007,c:1007) queueBuffer: fps=18.94 dur=1320.00 max=995.84 min=8.56
1447-07-04 05:03:49.590  1617  2674 I mtkpower_client: ret_hdl:64952
1448-07-04 05:03:49.595   967  1033 I libPowerHal: cmdSetting - unknown cmd:340c300, scmd:(null) ,param_1:1
1449-07-04 05:03:49.595   967  1033 I libPowerHal: [fpsgo_ctrl_render_thread] 5285, 0xb40000795b454f40
1450-07-04 05:03:49.596   967  1033 I libPowerHal: [PE] system_server update ONESHOT(set) cmd:2000300 param:5285 pr:3
1451-07-04 05:03:49.596   967  1033 I libPowerHal: [perfLockAcq] Done for hdl : 64952
1452-07-04 05:03:49.596  5245  5706 I PowerHalMgrImpl: hdl:64952, pid:5245 
1453-07-04 05:03:49.597  1617  4704 I mtkpower_client: perf_lock_acq, hdl:64952, dur:3000, num:4, pid:1617, tid:4704
1454-07-04 05:03:49.597  1617  4704 I mtkpower_client: ret_hdl:64952
1455-07-04 05:03:49.598  5245  5706 I PowerHalMgrImpl: hdl:64952, pid:5245 
1456-07-04 05:03:49.598   967  1033 I libPowerHal: cmdSetting - unknown cmd:340c300, scmd:(null) ,param_1:1
1457-07-04 05:03:49.598  1617  2715 I mtkpower_client: perf_lock_rel, hdl:64952, pid: 1617, tid:2715
1458-07-04 05:03:49.600   967  1033 I libPowerHal: [touch_boost_enabled] value:0
1459-07-04 05:03:49.600   967  1033 I libPowerHal: [PU] system_server update cmd:3408500 param:0 pr:3
1460-07-04 05:03:49.600   967  1023 I libPowerHal: [force_stop_touch_boost] force stop touch boost,
1461-07-04 05:03:49.600   967  1033 I libPowerHal: [fpsgo_ctrl_render_thread] 5285, 0xb40000795b454f40
1462-07-04 05:03:49.601   967  1033 I libPowerHal: [perfLockAcq] Done for hdl : 64952
1463-07-04 05:03:49.601   967  1033 I libPowerHal: [perfLockRel] hdl:64952, idx:4
1464-07-04 05:03:49.602   967  1033 I libPowerHal: [touch_boost_enabled] value:-1
1465-07-04 05:03:49.602   967  1033 I libPowerHal: [PD] system_server update cmd:3408500 param:-1 pr:6
1466-07-04 05:03:49.603   967  1033 I libPowerHal: [perfLockRel] Done for hdl : 64952
1467-07-04 05:03:49.604  1617  4704 I mtkpower_client: perf_lock_rel, hdl:64952, pid: 1617, tid:4704
1468-07-04 05:03:49.605   967  1033 I libPowerHal: [perfLockRel] hdl:64952, idx:-1
1469-07-04 05:03:49.686   967  1033 I libPowerHal: [perfLockRel] hdl:64949, idx:0
1470-07-04 05:03:49.687  1617  1663 I mtkpower_client: perf_lock_rel, hdl:64934, pid: 1617, tid:1663
1471-07-04 05:03:49.687   967  1033 I libPowerHal: value: 0
1472-07-04 05:03:49.687   967  1033 I libPowerHal: [PD] MTKPOWER_HINT_APP_TOUCH update cmd:410000 param:0 pr:6
1473-07-04 05:03:49.688   967  1033 I libPowerHal: [perfLockRel] Done for hdl : 64949
1474-07-04 05:03:49.689  1617  1663 I mtkpower_client: perf_lock_acq, hdl:64934, dur:641, num:8, pid:1617, tid:1663
1475-07-04 05:03:49.689   967  1033 I libPowerHal: [perfLockRel] hdl:64934, idx:-1
1476-07-04 05:03:49.690  1617  1663 I mtkpower_client: ret_hdl:64953
1477-07-04 05:03:49.690   967  1033 I libPowerHal: [setGPUFreq] system_server user set gpu freq min:0, max:-1
1478-07-04 05:03:49.691   967  1033 I libPowerHal: [perfLockAcq] Done for hdl : 64953
1479-07-04 05:03:49.691  1617  1663 I mtkpower_client: perf_lock_rel, hdl:64950, pid: 1617, tid:1663
1480-07-04 05:03:49.692   967  1033 I libPowerHal: [perfLockAcq] Done for hdl : 64954
1481-07-04 05:03:49.693   967  1033 I libPowerHal: [perfLockRel] hdl:64935, idx:-1
1482-07-04 05:03:49.694  1617  5094 I mtkpower_client: perf_lock_acq, hdl:64952, dur:3000, num:6, pid:1617, tid:5094
1483-07-04 05:03:49.694   967  1033 I libPowerHal: [perfLockRel] hdl:64950, idx:1
1484-07-04 05:03:49.695   967  1033 I libPowerHal: [perfLockRel] Done for hdl : 64950
--
1529-07-04 05:03:49.893   967  1033 I libPowerHal: cmdSetting - unknown cmd:340c300, scmd:(null) ,param_1:1
1530-07-04 05:03:49.893  1617  5094 I mtkpower_client: perf_lock_rel, hdl:64959, pid: 1617, tid:5094
1531-07-04 05:03:49.893   967  1033 I libPowerHal: [notify_targetFPS_pid] -5285, 0xb40000795b44b3d0
1532-07-04 05:03:49.893   967  1033 I libPowerHal: [PE] system_server update ONESHOT(set) cmd:2000200 param:-5285 pr:3
1533-07-04 05:03:49.893   967  1033 I libPowerHal: [fpsgo_ctrl_render_thread] -5285, 0xb40000795b44b3d0
1534-07-04 05:03:49.894   967  1033 I libPowerHal: [PE] system_server update ONESHOT(set) cmd:2000300 param:-5285 pr:3
1535-07-04 05:03:49.894   967  1033 I libPowerHal: [perfLockAcq] Done for hdl : 64959
1536-07-04 05:03:49.894   967  1033 I libPowerHal: [perfLockRel] hdl:64951, idx:2
1537-07-04 05:03:49.896   967  1033 I libPowerHal: [PD] MTKPOWER_HINT_UX_SCROLLING_COMMON update cmd:1468000 param:1 pr:6
1538-07-04 05:03:49.896   967  1033 I libPowerHal: [perfLockRel] Done for hdl : 64951
1539-07-04 05:03:49.897   967  1033 I libPowerHal: [perfLockRel] hdl:64959, idx:1
1540-07-04 05:03:49.898   967  1033 I libPowerHal: [notify_targetFPS_pid] -5285, 0xb40000795b44b3d0
1541-07-04 05:03:49.898   967  1033 I libPowerHal: [PD] system_server update ONESHOT(unset) cmd:2000200 param:-5285 pr:3
1542-07-04 05:03:49.899   967  1033 I libPowerHal: [fpsgo_ctrl_render_thread] -5285, 0xb40000795b44b3d0
1543-07-04 05:03:49.899   967  1033 I libPowerHal: [PD] system_server update ONESHOT(unset) cmd:2000300 param:-5285 pr:3
1544-07-04 05:03:49.899   967  1033 I libPowerHal: [perfLockRel] Done for hdl : 64959
1545-07-04 05:03:49.930  1617  2660 I mtkpower_client: [PowerHal_Wrap_notifyAppState] com.google.android.inputmethod.latin/com.google.android.inputmethod.latin pid=5606 activityId:5606 state:3
1546-07-04 05:03:49.930   965   965 I MTK_APPList: [notifyAPPstate] com.google.android.inputmethod.latin/com.google.android.inputmethod.latin, pid=5606, activityId=5606, uid=1110181, state:DEAD, fps:-1, win:1
1547-07-04 05:03:49.930   965   965 I MTK_APPList: [notifyAPPstate] multi_resumed_app_count: 2
1548-07-04 05:03:49.930   965   965 I MTK_APPList: [notifyAPPstate] multi_resumed_app_info[0] com.termux/com.termux.app.TermuxActivity, pid:32294, activityId:49262800, fps:-1, isMultiWindow:1
1549:07-04 05:03:49.930   965   965 I MTK_APPList: [notifyAPPstate] multi_resumed_app_info[1] com.assistant.overlay/com.assistant.MainActivity, pid:5245, activityId:78312923, fps:-1, isMultiWindow:0
1550-07-04 05:03:49.930   965   965 I MTK_APPList: [getForegroundAPPCount] 2
1551-07-04 05:03:49.930   965   965 I MTK_APPList: [notifyAPPstate] pack:com.google.android.inputmethod.latin, pid:5606, STATE_DEAD
1552-07-04 05:03:49.930   965   965 I MTK_APPList: [notifyNetdUID] 10335
1553-07-04 05:03:49.932   965   965 I MTK_APPList: [notifyPID] 5245
1554-07-04 05:03:49.932   967  1033 I libPowerHal: [perfSetSysInfo] pid type:24, 5245
1555-07-04 05:03:50.332   967  1033 I mtkpower@impl: [powerd_req] TIMER_MSG_PERF_LOCK_TIMEOUT hdl:64953
1556-07-04 05:03:50.332   967  1033 I libPowerHal: [perfLockRel] hdl:64953, idx:0
1557-07-04 05:03:50.334   967  1033 I libPowerHal: [PD] system_server update cmd:400000 param:-1 pr:6
1558-07-04 05:03:50.334   967  1033 I libPowerHal: [PD] system_server update cmd:400100 param:-1 pr:6
1559-07-04 05:03:50.335   967  1033 I libPowerHal: [setDvfsrcDevFreqOpp] opp:1, freq:2400000000
1560-07-04 05:03:50.336   967  1033 I libPowerHal: [recordCPUFreqInfo] set cluster[0] min(-1): -1 max(-1): -1 cluster[1] min(-1): -1 max(-1): -1
1561-07-04 05:03:50.336   967  1033 I libPowerHal: [perfLockRel] Done for hdl : 64953
1562-07-04 05:03:50.402   967  1033 I libPowerHal: [PE] MTKPOWER_HINT_APP_TOUCH update cmd:1408300, param:100, pr:3
1563-07-04 05:03:50.402   967  1033 I libPowerHal: [PE] MTKPOWER_HINT_APP_TOUCH update cmd:410000, param:1, pr:3
1564-07-04 05:03:50.403   967  1033 I libPowerHal: [PE] MTKPOWER_HINT_APP_TOUCH update cmd:400000 param:1700000 pr:3
1565-07-04 05:03:50.403   967  1033 I libPowerHal: [PE] MTKPOWER_HINT_APP_TOUCH update cmd:400100 param:2000000 pr:3
1566-07-04 05:03:50.403   967  1033 I libPowerHal: value: 1
1567-07-04 05:03:50.403   967  1033 I libPowerHal: [PE] MTKPOWER_HINT_APP_TOUCH update cmd:410000 param:1 pr:3
1568-07-04 05:03:50.403   967  1033 I libPowerHal: [setDvfsrcDevFreqOpp] opp:0, freq:3600000000
1569-07-04 05:03:50.403   967  1033 I libPowerHal: [PE] MTKPOWER_HINT_APP_TOUCH update cmd:1000000 param:0 pr:3
1570-07-04 05:03:50.403   967  1033 I libPowerHal: [recordCPUFreqInfo] set cluster[0] min(MTKPOWER_HINT_APP_TOUCH): 1700000 max(-1): -1 cluster[1] min(MTKPOWER_HINT_APP_TOUCH): 2000000 max(-1): -1
1571-07-04 05:03:50.403   967  1033 I libPowerHal: [perfLockAcq] Done for hdl : 64960
1572-07-04 05:03:50.484   967  1033 I mtkpower@impl: [powerd_req] TIMER_MSG_PERF_LOCK_TIMEOUT hdl:64954
1573-07-04 05:03:50.484   967  1033 I libPowerHal: [perfLockRel] hdl:64954, idx:4
1574-07-04 05:03:50.485   967  1033 I libPowerHal: [perfLockRel] Done for hdl : 64954
1575-07-04 05:03:50.508   967  1033 I libPowerHal: [perfLockRel] hdl:64960, idx:0
1576-07-04 05:03:50.510   967  1033 I libPowerHal: [PD] MTKPOWER_HINT_APP_TOUCH update cmd:400000 param:-1 pr:6
1577-07-04 05:03:50.510   967  1033 I libPowerHal: [PD] MTKPOWER_HINT_APP_TOUCH update cmd:400100 param:-1 pr:6
1578-07-04 05:03:50.510   967  1033 I libPowerHal: value: 0
1579-07-04 05:03:50.510   967  1033 I libPowerHal: [PD] MTKPOWER_HINT_APP_TOUCH update cmd:410000 param:0 pr:6
1580-07-04 05:03:50.511   967  1033 I libPowerHal: [setDvfsrcDevFreqOpp] opp:1, freq:2400000000
1581-07-04 05:03:50.511   967  1033 I libPowerHal: [recordCPUFreqInfo] set cluster[0] min(-1): -1 max(-1): -1 cluster[1] min(-1): -1 max(-1): -1
1582-07-04 05:03:50.511   967  1033 I libPowerHal: [perfLockRel] Done for hdl : 64960
1583-07-04 05:03:50.531   967   977 I mtkpower@impl: [setMode] type:5, enabled:1
1584-07-04 05:03:50.533   967  1033 I libPowerHal: [PE] LAUNCH update cmd:1408300, param:100, pr:3
1585-07-04 05:03:50.534   967  1033 I libPowerHal: [PE] LAUNCH update cmd:400000 param:3000000 pr:3
1586-07-04 05:03:50.534   967  1033 I libPowerHal: [PE] LAUNCH update cmd:400100 param:3000000 pr:3
1587-07-04 05:03:50.534   967  1033 I libPowerHal: [setDvfsrcDevFreqOpp] opp:0, freq:3600000000
1588-07-04 05:03:50.534   967  1033 I libPowerHal: [PE] LAUNCH update cmd:1000000 param:0 pr:3
1589-07-04 05:03:50.534   967  1033 I libPowerHal: [recordCPUFreqInfo] set cluster[0] min(LAUNCH): 1700000 max(-1): -1 cluster[1] min(LAUNCH): 2000000 max(-1): -1
1590-07-04 05:03:50.534   967  1033 I libPowerHal: [perfLockAcq] Done for hdl : 64961
1591-07-04 05:03:50.539  1617  1881 I mtkpower_client: perf_lock_acq, hdl:0, dur:400, num:10, pid:1617, tid:1881
1592-07-04 05:03:50.541  1617  1881 I mtkpower_client: ret_hdl:64962
1593-07-04 05:03:50.542   967  1033 I libPowerHal: [setGPUFreq] system_server user set gpu freq min:0, max:-1
1594-07-04 05:03:50.543   967  1033 I libPowerHal: [PE] system_server update cmd:400200 param:3000000 pr:3
1595-07-04 05:03:50.543   967  1033 I libPowerHal: [recordCPUFreqInfo] set cluster[0] min(LAUNCH): 1700000 max(-1): -1 cluster[1] min(LAUNCH): 2000000 max(-1): -1
1596-07-04 05:03:50.543   967  1033 I libPowerHal: [perfLockAcq] Done for hdl : 64962
1597:07-04 05:03:50.544  1617  1881 I mtkpower_client: [PowerHal_Wrap_notifyAppState] com.assistant.overlay/com.assistant.MainActivity pid=5245 activityId:78312923 state:0
1598:07-04 05:03:50.544   965   965 I MTK_APPList: [notifyAPPstate] com.assistant.overlay/com.assistant.MainActivity, pid=5245, activityId=78312923, uid=10335, state:PAUSED, fps:-1, win:1
1599-07-04 05:03:50.544   965   965 I MTK_APPList: [notifyAPPstate] multi_resumed_app_count: 1
1600-07-04 05:03:50.544   965   965 I MTK_APPList: [notifyAPPstate] multi_resumed_app_info[0] com.termux/com.termux.app.TermuxActivity, pid:32294, activityId:49262800, fps:-1, isMultiWindow:1
1601-07-04 05:03:50.544   965   965 I MTK_APPList: [getForegroundAPPCount] 1
1602-07-04 05:03:50.544   965   965 I MTK_APPList: [notifyNetdUID] 10335
1603-07-04 05:03:50.545   965   965 I MTK_APPList: [notifyPID] 5245
1604-07-04 05:03:50.545   967  1033 I libPowerHal: [perfSetSysInfo] pid type:24, 5245
1605-07-04 05:03:50.548   967  1033 I libPowerHal: [perfLockRel] hdl:64947, idx:3
1606-07-04 05:03:50.549   967  1033 I libPowerHal: [perfLockRel] Done for hdl : 64947
1607-07-04 05:03:50.550   967  1033 I libPowerHal: [set_kswapd_affinity] set affinity = 16129, set_kswapd_count= 1
1608-07-04 05:03:50.550   967  1033 I libPowerHal: [PE] MTKPOWER_HINT_ACT_SWITCH update ONESHOT(set) cmd:10000700 param:16129 pr:3
1609-07-04 05:03:50.550   967  1033 I libPowerHal: [perfLockAcq] Done for hdl : 64963
1610-07-04 05:03:50.563  1617  2713 I mtkpower_client: perf_lock_acq, hdl:64962, dur:400, num:10, pid:1617, tid:2713
1611-07-04 05:03:50.563  1617  2713 I mtkpower_client: ret_hdl:64962
1612-07-04 05:03:50.566   967  1033 I libPowerHal: [perfLockAcq] Done for hdl : 64962
1613:07-04 05:03:50.573  1617  2713 I mtkpower_client: [PowerHal_Wrap_notifyAppState] com.assistant.overlay/com.assistant.controlroom.ui.FutureRoomsActivity pid=5245 activityId:53667883 state:1
1614:07-04 05:03:50.574   965   965 I MTK_APPList: [notifyAPPstate] com.assistant.overlay/com.assistant.controlroom.ui.FutureRoomsActivity, pid=5245, activityId=53667883, uid=10335, state:RESUMED, fps:-1, win:0
1615-07-04 05:03:50.574   965   965 I MTK_APPList: [notifyAPPstate] multi_resumed_app_count: 2
1616-07-04 05:03:50.574   965   965 I MTK_APPList: [notifyAPPstate] multi_resumed_app_info[0] com.termux/com.termux.app.TermuxActivity, pid:32294, activityId:49262800, fps:-1, isMultiWindow:1
1617:07-04 05:03:50.574   965   965 I MTK_APPList: [notifyAPPstate] multi_resumed_app_info[1] com.assistant.overlay/com.assistant.controlroom.ui.FutureRoomsActivity, pid:5245, activityId:53667883, fps:-1, isMultiWindow:0
1618-07-04 05:03:50.574   965   965 I MTK_APPList: [getForegroundAPPCount] 2
1619:07-04 05:03:50.574   965   965 I MTK_APPList: [notifyAPPstate] foreground:com.assistant.overlay, pid:5245, activityId:53667883, uid:10335
1620-07-04 05:03:50.574   965   965 I MTK_APPList: [notifyNetdUID] 10335
1621-07-04 05:03:50.576   965   965 I MTK_APPList: [notifyPID] 5245
1622-07-04 05:03:50.576   967  1033 I libPowerHal: [perfSetSysInfo] pid type:24, 5245
1623:07-04 05:03:50.577   965   965 I MTK_APPList: [notifyAPPstate] act com.miui.home.launcher.Launcher => com.assistant.controlroom.ui.FutureRoomsActivity
1624:07-04 05:03:50.597  1007  1007 I BufferQueueProducer: [com.assistant.overlay/com.assistant.MainActivity#15555](this:0xb400006f4a9df5c0,id:-1,api:0,p:-1,c:1007) queueBuffer: fps=52.43 dur=1010.90 max=388.89 min=10.48
1625-07-04 05:03:50.600  1007  1007 I BufferQueueProducer: [FramebufferSurface](this:0xb400006eaa4d6290,id:-1,api:1,p:1007,c:1007) queueBuffer: fps=54.44 dur=1010.28 max=330.45 min=9.28
1626-07-04 05:03:50.706   967   977 I libPowerHal: [mtkPowerHint] hint:23, hold:0, ext:30, ext_hold:5000
1627-07-04 05:03:50.706   967  1033 I libPowerHal: [perfLockRel] hdl:64963, idx:2
1628-07-04 05:03:50.707   967  1033 I libPowerHal: [unset_kswapd_affinity] unset affinity = 16129, set_kswapd_count= 0
1629-07-04 05:03:50.707   967  1033 I libPowerHal: [PD] MTKPOWER_HINT_ACT_SWITCH update ONESHOT(unset) cmd:10000700 param:16129 pr:3
1630-07-04 05:03:50.707   967  1033 I libPowerHal: [perfLockRel] Done for hdl : 64963
1631-07-04 05:03:50.708   967   977 I mtkpower@impl: [setMode] type:5, enabled:0
1632-07-04 05:03:50.708   967  1033 I libPowerHal: [PE] MTKPOWER_HINT_EXT_LAUNCH update cmd:2024000, param:100, pr:3
1633-07-04 05:03:50.709   967  1033 I libPowerHal: [perfLockAcq] Done for hdl : 64964
1634-07-04 05:03:50.709   967  1033 I libPowerHal: [perfLockRel] hdl:64961, idx:0
1635-07-04 05:03:50.711   967  1033 I libPowerHal: [perfLockRel] Done for hdl : 64961
1636:07-04 05:03:50.724  1617  1665 I mtkpower_client: [PowerHal_Wrap_notifyAppState] com.assistant.overlay/com.assistant.MainActivity pid=5245 activityId:78312923 state:0
1637:07-04 05:03:50.725   965   965 I MTK_APPList: [notifyAPPstate] com.assistant.overlay/com.assistant.MainActivity, pid=5245, activityId=78312923, uid=10335, state:PAUSED, fps:-1, win:1
1638-07-04 05:03:50.725   965   965 I MTK_APPList: [notifyAPPstate] multi_resumed_app_count: 2
1639-07-04 05:03:50.725   965   965 I MTK_APPList: [notifyAPPstate] multi_resumed_app_info[0] com.termux/com.termux.app.TermuxActivity, pid:32294, activityId:49262800, fps:-1, isMultiWindow:1
1640:07-04 05:03:50.725   965   965 I MTK_APPList: [notifyAPPstate] multi_resumed_app_info[1] com.assistant.overlay/com.assistant.controlroom.ui.FutureRoomsActivity, pid:5245, activityId:53667883, fps:-1, isMultiWindow:0
1641-07-04 05:03:50.725   965   965 I MTK_APPList: [getForegroundAPPCount] 2
1642-07-04 05:03:50.725   965   965 I MTK_APPList: [notifyNetdUID] 10335
1643-07-04 05:03:50.728   965   965 I MTK_APPList: [notifyPID] 5245
1644-07-04 05:03:50.729   967  1033 I libPowerHal: [perfSetSysInfo] pid type:24, 5245
1645-07-04 05:03:50.967   967  1033 I mtkpower@impl: [powerd_req] TIMER_MSG_PERF_LOCK_TIMEOUT hdl:64962
1646-07-04 05:03:50.967   967  1033 I libPowerHal: [perfLockRel] hdl:64962, idx:1
1647-07-04 05:03:50.968   967  1033 I libPowerHal: [PD] system_server update cmd:400000 param:-1 pr:6
1648-07-04 05:03:50.968   967  1033 I libPowerHal: [PD] system_server update cmd:400100 param:-1 pr:6
1649-07-04 05:03:50.968   967  1033 I libPowerHal: [PD] system_server update cmd:400200 param:-1 pr:6
1650-07-04 05:03:50.969   967  1033 I libPowerHal: [setDvfsrcDevFreqOpp] opp:1, freq:2400000000
1651-07-04 05:03:50.969   967  1033 I libPowerHal: [recordCPUFreqInfo] set cluster[0] min(-1): -1 max(-1): -1 cluster[1] min(-1): -1 max(-1): -1
1652-07-04 05:03:50.969   967  1033 I libPowerHal: [perfLockRel] Done for hdl : 64962
1653-07-04 05:03:51.208  1007  1007 I BufferQueueProducer: [StatusBar#119](this:0xb400006f4a9a38f0,id:-1,api:0,p:-1,c:1007) queueBuffer: fps=0.25 dur=3998.92 max=3998.92 min=3998.92
1654-07-04 05:03:51.219  1007  1007 I BufferQueueProducer: [StatusBar1#124](this:0xb400006f4a9ba570,id:-1,api:0,p:-1,c:1007) queueBuffer: fps=0.25 dur=3999.05 max=3999.05 min=3999.05
1655-07-04 05:03:51.444   967  1033 I libPowerHal: [PE] MTKPOWER_HINT_APP_TOUCH update cmd:1408300, param:100, pr:3
1656-07-04 05:03:51.444   967  1033 I libPowerHal: [PE] MTKPOWER_HINT_APP_TOUCH update cmd:410000, param:1, pr:3
1657-07-04 05:03:51.445   967  1033 I libPowerHal: [PE] MTKPOWER_HINT_APP_TOUCH update cmd:400000 param:1700000 pr:3
1658-07-04 05:03:51.445   967  1033 I libPowerHal: [PE] MTKPOWER_HINT_APP_TOUCH update cmd:400100 param:2000000 pr:3
1659-07-04 05:03:51.445   967  1033 I libPowerHal: value: 1
1660-07-04 05:03:51.445   967  1033 I libPowerHal: [PE] MTKPOWER_HINT_APP_TOUCH update cmd:410000 param:1 pr:3
1661-07-04 05:03:51.445   967  1033 I libPowerHal: [setDvfsrcDevFreqOpp] opp:0, freq:3600000000
1662-07-04 05:03:51.445   967  1033 I libPowerHal: [PE] MTKPOWER_HINT_APP_TOUCH update cmd:1000000 param:0 pr:3
1663-07-04 05:03:51.445   967  1033 I libPowerHal: [recordCPUFreqInfo] set cluster[0] min(MTKPOWER_HINT_APP_TOUCH): 1700000 max(-1): -1 cluster[1] min(MTKPOWER_HINT_APP_TOUCH): 2000000 max(-1): -1
1664-07-04 05:03:51.445   967  1033 I libPowerHal: [perfLockAcq] Done for hdl : 64965
1665-07-04 05:03:51.481  1617  1663 I mtkpower_client: perf_lock_acq, hdl:64950, dur:2000, num:8, pid:1617, tid:1663
1666-07-04 05:03:51.482  1617  1663 I mtkpower_client: ret_hdl:64966
1667-07-04 05:03:51.482   967  1033 I libPowerHal: [setGPUFreq] system_server user set gpu freq min:0, max:-1
1668-07-04 05:03:51.483   967  1033 I libPowerHal: [perfLockAcq] Done for hdl : 64966
1669-07-04 05:03:51.502   967  1033 I libPowerHal: [PE] MTKPOWER_HINT_UX_SCROLLING_COMMON update cmd:1468000 param:0 pr:3
1670-07-04 05:03:51.502   967  1033 I libPowerHal: [perfLockAcq] Done for hdl : 64967
1671-07-04 05:03:51.502  1617  2713 I mtkpower_client: perf_lock_acq, hdl:64959, dur:3000, num:4, pid:1617, tid:2713
1672-07-04 05:03:51.503  1617  2713 I mtkpower_client: ret_hdl:64968
1673-07-04 05:03:51.504  5245  5706 I PowerHalMgrImpl: hdl:64968, pid:5245 
1674-07-04 05:03:51.504   967  1033 I libPowerHal: cmdSetting - unknown cmd:340c300, scmd:(null) ,param_1:1
1675-07-04 05:03:51.504  1617  2713 I mtkpower_client: perf_lock_rel, hdl:64968, pid: 1617, tid:2713
1676-07-04 05:03:51.504   967  1033 I libPowerHal: [fpsgo_ctrl_render_thread] 5285, 0xb40000795b454f40
1677-07-04 05:03:51.504   967  1033 I libPowerHal: [PE] system_server update ONESHOT(set) cmd:2000300 param:5285 pr:3
1678-07-04 05:03:51.504   967  1033 I libPowerHal: [perfLockAcq] Done for hdl : 64968
1679-07-04 05:03:51.505  1617  1881 I mtkpower_client: perf_lock_acq, hdl:64968, dur:3000, num:4, pid:1617, tid:1881
1680-07-04 05:03:51.505   967  1033 I libPowerHal: [perfLockRel] hdl:64968, idx:4
--
1734-07-04 05:03:51.670   967  1033 I libPowerHal: [perfLockRel] Done for hdl : 64971
1735-07-04 05:03:51.671  1617  1881 I mtkpower_client: ret_hdl:64974
1736-07-04 05:03:51.671  5245  5706 I PowerHalMgrImpl: hdl:64974, pid:5245 
1737-07-04 05:03:51.671  1617  1881 I mtkpower_client: perf_lock_rel, hdl:64974, pid: 1617, tid:1881
1738-07-04 05:03:51.671   967  1033 I libPowerHal: cmdSetting - unknown cmd:340c300, scmd:(null) ,param_1:1
1739-07-04 05:03:51.672  1617  2357 I mtkpower_client: perf_lock_acq, hdl:64974, dur:3000, num:6, pid:1617, tid:2357
1740-07-04 05:03:51.672   967  1033 I libPowerHal: [perfLockAcq] Done for hdl : 64974
1741-07-04 05:03:51.672   967  1033 I libPowerHal: [perfLockRel] hdl:64974, idx:1
1742-07-04 05:03:51.673   967  1033 I libPowerHal: [perfLockRel] Done for hdl : 64974
1743-07-04 05:03:51.674  1617  2357 I mtkpower_client: ret_hdl:64975
1744-07-04 05:03:51.674  5245  5706 I PowerHalMgrImpl: hdl:64975, pid:5245 
1745-07-04 05:03:51.674  1617  2357 I mtkpower_client: perf_lock_rel, hdl:64975, pid: 1617, tid:2357
1746-07-04 05:03:51.675   967  1033 I libPowerHal: cmdSetting - unknown cmd:340c300, scmd:(null) ,param_1:1
1747-07-04 05:03:51.675   967  1033 I libPowerHal: [notify_targetFPS_pid] 5285, 0xb40000795b44b3d0
1748-07-04 05:03:51.675   967  1033 I libPowerHal: [PE] system_server update ONESHOT(set) cmd:2000200 param:5285 pr:3
1749-07-04 05:03:51.675   967  1033 I libPowerHal: [perfLockAcq] Done for hdl : 64975
1750-07-04 05:03:51.676   967  1033 I libPowerHal: [perfLockRel] hdl:64975, idx:1
1751-07-04 05:03:51.676   967  1033 I libPowerHal: [notify_targetFPS_pid] 5285, 0xb40000795b44b3d0
1752-07-04 05:03:51.677   967  1033 I libPowerHal: [PD] system_server update ONESHOT(unset) cmd:2000200 param:5285 pr:3
1753-07-04 05:03:51.677   967  1033 I libPowerHal: [perfLockRel] Done for hdl : 64975
1754:07-04 05:03:51.696  1007  1007 I BufferQueueProducer: [com.assistant.overlay/com.assistant.controlroom.ui.FutureRoomsActivity#15564](this:0xb400006f4aa7bfb0,id:-1,api:0,p:-1,c:1007) queueBuffer: fps=19.80 dur=1010.12 max=732.50 min=10.59
1755-07-04 05:03:51.800  1617  1881 I mtkpower_client: perf_lock_acq, hdl:64975, dur:3000, num:8, pid:1617, tid:1881
1756-07-04 05:03:51.801   967  1033 I libPowerHal: [perfLockRel] hdl:64967, idx:2
1757-07-04 05:03:51.802   967  1033 I libPowerHal: [PD] MTKPOWER_HINT_UX_SCROLLING_COMMON update cmd:1468000 param:1 pr:6
1758-07-04 05:03:51.802   967  1033 I libPowerHal: [perfLockRel] Done for hdl : 64967
1759-07-04 05:03:51.803  1617  1881 I mtkpower_client: ret_hdl:64976
1760-07-04 05:03:51.803  5245  5706 I PowerHalMgrImpl: hdl:64976, pid:5245 
1761-07-04 05:03:51.803   967  1033 I libPowerHal: cmdSetting - unknown cmd:2000400, scmd:(null) ,param_1:5285
1762-07-04 05:03:51.803   967  1033 I libPowerHal: cmdSetting - unknown cmd:340c300, scmd:(null) ,param_1:1
1763-07-04 05:03:51.804  1617  1881 I mtkpower_client: perf_lock_rel, hdl:64976, pid: 1617, tid:1881
1764-07-04 05:03:51.804   967  1033 I libPowerHal: [notify_targetFPS_pid] -5285, 0xb40000795b44b3d0
1765-07-04 05:03:51.804   967  1033 I libPowerHal: [PE] system_server update ONESHOT(set) cmd:2000200 param:-5285 pr:3
1766-07-04 05:03:51.804   967  1033 I libPowerHal: [fpsgo_ctrl_render_thread] -5285, 0xb40000795b44b3d0
1767-07-04 05:03:51.804   967  1033 I libPowerHal: [PE] system_server update ONESHOT(set) cmd:2000300 param:-5285 pr:3
1768-07-04 05:03:51.804   967  1033 I libPowerHal: [perfLockAcq] Done for hdl : 64976
1769-07-04 05:03:51.805   967  1033 I libPowerHal: [perfLockRel] hdl:64976, idx:1
1770-07-04 05:03:51.805   967  1033 I libPowerHal: [notify_targetFPS_pid] -5285, 0xb40000795b44b3d0
1771-07-04 05:03:51.805   967  1033 I libPowerHal: [PD] system_server update ONESHOT(unset) cmd:2000200 param:-5285 pr:3
1772-07-04 05:03:51.806   967  1033 I libPowerHal: [fpsgo_ctrl_render_thread] -5285, 0xb40000795b44b3d0
1773-07-04 05:03:51.806   967  1033 I libPowerHal: [PD] system_server update ONESHOT(unset) cmd:2000300 param:-5285 pr:3
1774-07-04 05:03:51.806   967  1033 I libPowerHal: [perfLockRel] Done for hdl : 64976
1775-07-04 05:03:52.173   967  1033 I mtkpower@impl: [powerd_req] TIMER_MSG_PERF_LOCK_TIMEOUT hdl:64970
1776-07-04 05:03:52.173   967  1033 I libPowerHal: [perfLockRel] hdl:64970, idx:0
1777-07-04 05:03:52.174   967  1033 I libPowerHal: [PD] system_server update cmd:400000 param:-1 pr:6
1778-07-04 05:03:52.174   967  1033 I libPowerHal: [PD] system_server update cmd:400100 param:-1 pr:6
1779-07-04 05:03:52.175   967  1033 I libPowerHal: [setDvfsrcDevFreqOpp] opp:1, freq:2400000000
1780-07-04 05:03:52.175   967  1033 I libPowerHal: [recordCPUFreqInfo] set cluster[0] min(-1): -1 max(-1): -1 cluster[1] min(-1): -1 max(-1): -1
1781-07-04 05:03:52.175   967  1033 I libPowerHal: [perfLockRel] Done for hdl : 64970
1782-07-04 05:03:52.331   967  1033 I mtkpower@impl: [powerd_req] TIMER_MSG_PERF_LOCK_TIMEOUT hdl:64973
1783-07-04 05:03:52.331   967  1033 I libPowerHal: [perfLockRel] hdl:64973, idx:6
1784-07-04 05:03:52.334   967  1033 I libPowerHal: [perfLockRel] Done for hdl : 64973
1785-07-04 05:03:52.726  1222  1261 I misight : OnEvent EventPrivacyCompliance event=915100004
1786-07-04 05:03:52.727  1222  1261 D misight : ProcessEvent devVersion==OS3.0.302.0.WBNMIXM,faultLevel=2,prv=3 region=eea
1787-07-04 05:03:52.727  1222  1261 I misight : OnEvent EventStorageManager event=915100004,3
