6785-07-04 05:04:34.049   967  1033 I libPowerHal: [PE] MTKPOWER_HINT_ACT_SWITCH update cmd:1000000 param:0 pr:3
6786-07-04 05:04:34.049   967  1033 I libPowerHal: [set_kswapd_affinity] set affinity = 16129, set_kswapd_count= 1
6787-07-04 05:04:34.049   967  1033 I libPowerHal: [PE] MTKPOWER_HINT_ACT_SWITCH update ONESHOT(set) cmd:10000700 param:16129 pr:3
6788-07-04 05:04:34.049   967  1033 I libPowerHal: [recordCPUFreqInfo] set cluster[0] min(MTKPOWER_HINT_ACT_SWITCH): 1700000 max(-1): -1 cluster[1] min(MTKPOWER_HINT_ACT_SWITCH): 2000000 max(-1): -1
6789-07-04 05:04:34.049   967  1033 I libPowerHal: [perfLockAcq] Done for hdl : 65342
6790-07-04 05:04:34.052  1617  2715 I mtkpower_client: perf_lock_acq, hdl:65338, dur:400, num:10, pid:1617, tid:2715
6791-07-04 05:04:34.053  1617  2715 I mtkpower_client: ret_hdl:65343
6792-07-04 05:04:34.054   967  1033 I libPowerHal: [setGPUFreq] system_server user set gpu freq min:0, max:-1
6793-07-04 05:04:34.054   967  1033 I libPowerHal: [PE] system_server update cmd:400200 param:3000000 pr:3
6794-07-04 05:04:34.054   967  1033 I libPowerHal: [recordCPUFreqInfo] set cluster[0] min(MTKPOWER_HINT_ACT_SWITCH): 1700000 max(-1): -1 cluster[1] min(MTKPOWER_HINT_ACT_SWITCH): 2000000 max(-1): -1
6795-07-04 05:04:34.054   967  1033 I libPowerHal: [perfLockAcq] Done for hdl : 65343
6796:07-04 05:04:34.057  1617  2715 I mtkpower_client: [PowerHal_Wrap_notifyAppState] com.assistant.overlay/com.assistant.MainActivity pid=5245 activityId:78312923 state:1
6797:07-04 05:04:34.058   965   965 I MTK_APPList: [notifyAPPstate] com.assistant.overlay/com.assistant.MainActivity, pid=5245, activityId=78312923, uid=10335, state:RESUMED, fps:-1, win:0
6798-07-04 05:04:34.058   965   965 I MTK_APPList: [notifyAPPstate] multi_resumed_app_count: 2
6799-07-04 05:04:34.058   965   965 I MTK_APPList: [notifyAPPstate] multi_resumed_app_info[0] com.termux/com.termux.app.TermuxActivity, pid:32294, activityId:49262800, fps:-1, isMultiWindow:1
6800:07-04 05:04:34.058   965   965 I MTK_APPList: [notifyAPPstate] multi_resumed_app_info[1] com.assistant.overlay/com.assistant.MainActivity, pid:5245, activityId:78312923, fps:-1, isMultiWindow:0
6801-07-04 05:04:34.058   965   965 I MTK_APPList: [getForegroundAPPCount] 2
6802:07-04 05:04:34.058   965   965 I MTK_APPList: [notifyAPPstate] foreground:com.assistant.overlay, pid:5245, activityId:78312923, uid:10335
6803-07-04 05:04:34.058   965   965 I MTK_APPList: [notifyNetdUID] 10335
6804-07-04 05:04:34.059   965   965 I MTK_APPList: [notifyPID] 5245
6805-07-04 05:04:34.059   967  1033 I libPowerHal: [perfSetSysInfo] pid type:24, 5245
6806:07-04 05:04:34.059   965   965 I MTK_APPList: [notifyAPPstate] act com.assistant.controlroom.ui.FutureRoomsActivity => com.assistant.MainActivity
6807:07-04 05:04:34.061  1617  2715 I mtkpower_client: [PowerHal_Wrap_notifyAppState] com.assistant.overlay/com.assistant.MainActivity pid=5245 activityId:78312923 state:1
6808:07-04 05:04:34.061   965   965 I MTK_APPList: [notifyAPPstate] com.assistant.overlay/com.assistant.MainActivity, pid=5245, activityId=78312923, uid=10335, state:RESUMED, fps:-1, win:1
6809-07-04 05:04:34.061   965   965 I MTK_APPList: [notifyAPPstate] multi_resumed_app_count: 2
6810-07-04 05:04:34.061   965   965 I MTK_APPList: [notifyAPPstate] multi_resumed_app_info[0] com.termux/com.termux.app.TermuxActivity, pid:32294, activityId:49262800, fps:-1, isMultiWindow:1
6811:07-04 05:04:34.061   965   965 I MTK_APPList: [notifyAPPstate] multi_resumed_app_info[1] com.assistant.overlay/com.assistant.MainActivity, pid:5245, activityId:78312923, fps:-1, isMultiWindow:1
6812-07-04 05:04:34.061   965   965 I MTK_APPList: [getForegroundAPPCount] 2
6813:07-04 05:04:34.061   965   965 I MTK_APPList: [notifyAPPstate] foreground:com.assistant.overlay, pid:5245, activityId:78312923, uid:10335
6814-07-04 05:04:34.061   965   965 I MTK_APPList: [notifyNetdUID] 10335
6815-07-04 05:04:34.062   965   965 I MTK_APPList: [notifyPID] 5245
6816-07-04 05:04:34.062   967  1033 I libPowerHal: [perfSetSysInfo] pid type:24, 5245
6817-07-04 05:04:34.133   967   977 I libPowerHal: [mtkPowerHint] hint:23, hold:0, ext:30, ext_hold:5000
6818-07-04 05:04:34.134   967  1033 I libPowerHal: [perfLockRel] hdl:65342, idx:0
6819-07-04 05:04:34.135   967  1033 I libPowerHal: [unset_kswapd_affinity] unset affinity = 16129, set_kswapd_count= 0
6820-07-04 05:04:34.136   967  1033 I libPowerHal: [PD] MTKPOWER_HINT_ACT_SWITCH update ONESHOT(unset) cmd:10000700 param:16129 pr:3
6821-07-04 05:04:34.136   967  1033 I libPowerHal: [perfLockRel] Done for hdl : 65342
6822-07-04 05:04:34.137   967  1033 I libPowerHal: [PE] MTKPOWER_HINT_EXT_LAUNCH update cmd:2024000, param:100, pr:3
6823-07-04 05:04:34.138   967  1033 I libPowerHal: [PE] MTKPOWER_HINT_EXT_LAUNCH update cmd:1408300, param:40, pr:3
6824-07-04 05:04:34.138   967  1033 I libPowerHal: [perfLockAcq] Done for hdl : 65344
6825:07-04 05:04:34.155  1617  1665 I mtkpower_client: [PowerHal_Wrap_notifyAppState] com.assistant.overlay/com.assistant.controlroom.ui.FutureRoomsActivity pid=5245 activityId:122196706 state:0
6826:07-04 05:04:34.155   965   965 I MTK_APPList: [notifyAPPstate] com.assistant.overlay/com.assistant.controlroom.ui.FutureRoomsActivity, pid=5245, activityId=122196706, uid=10335, state:PAUSED, fps:-1, win:1
6827-07-04 05:04:34.155   965   965 I MTK_APPList: [notifyAPPstate] multi_resumed_app_count: 2
6828-07-04 05:04:34.155   965   965 I MTK_APPList: [notifyAPPstate] multi_resumed_app_info[0] com.termux/com.termux.app.TermuxActivity, pid:32294, activityId:49262800, fps:-1, isMultiWindow:1
6829:07-04 05:04:34.155   965   965 I MTK_APPList: [notifyAPPstate] multi_resumed_app_info[1] com.assistant.overlay/com.assistant.MainActivity, pid:5245, activityId:78312923, fps:-1, isMultiWindow:1
6830-07-04 05:04:34.155   965   965 I MTK_APPList: [getForegroundAPPCount] 2
6831-07-04 05:04:34.155   965   965 I MTK_APPList: [notifyNetdUID] 10335
6832-07-04 05:04:34.156   965   965 I MTK_APPList: [notifyPID] 5245
6833-07-04 05:04:34.156   967  1033 I libPowerHal: [perfSetSysInfo] pid type:24, 5245
6834-07-04 05:04:34.406   967  1033 I libPowerHal: [PE] MTKPOWER_HINT_APP_TOUCH update cmd:1408300, param:100, pr:3
6835-07-04 05:04:34.407   967  1033 I libPowerHal: [PE] MTKPOWER_HINT_APP_TOUCH update cmd:410000, param:1, pr:3
6836-07-04 05:04:34.407   967  1033 I libPowerHal: value: 1
6837-07-04 05:04:34.407   967  1033 I libPowerHal: [PE] MTKPOWER_HINT_APP_TOUCH update cmd:410000 param:1 pr:3
6838-07-04 05:04:34.407   967  1033 I libPowerHal: [perfLockAcq] Done for hdl : 65345
6839-07-04 05:04:34.455   967  1033 I mtkpower@impl: [powerd_req] TIMER_MSG_PERF_LOCK_TIMEOUT hdl:65343
6840-07-04 05:04:34.455   967  1033 I libPowerHal: [perfLockRel] hdl:65343, idx:1
6841-07-04 05:04:34.456   967  1033 I libPowerHal: [PD] system_server update cmd:400000 param:1700000 pr:3
6842-07-04 05:04:34.456   967  1033 I libPowerHal: [PD] system_server update cmd:400100 param:2000000 pr:3
6843-07-04 05:04:34.456   967  1033 I libPowerHal: [PD] system_server update cmd:400200 param:-1 pr:6
6844-07-04 05:04:34.457   967  1033 I libPowerHal: [recordCPUFreqInfo] set cluster[0] min(MTKPOWER_HINT_APP_TOUCH): 1700000 max(-1): -1 cluster[1] min(MTKPOWER_HINT_APP_TOUCH): 2000000 max(-1): -1
6845-07-04 05:04:34.457   967  1033 I libPowerHal: [perfLockRel] Done for hdl : 65343
6846-07-04 05:04:34.472  1617  1663 I mtkpower_client: perf_lock_acq, hdl:65272, dur:2000, num:8, pid:1617, tid:1663
6847-07-04 05:04:34.473  1617  1663 I mtkpower_client: ret_hdl:65346
6848-07-04 05:04:34.473   967  1033 I libPowerHal: [setGPUFreq] system_server user set gpu freq min:0, max:-1
6849-07-04 05:04:34.474   967  1033 I libPowerHal: [perfLockAcq] Done for hdl : 65346
6850-07-04 05:04:34.498  1617  2661 I mtkpower_client: perf_lock_acq, hdl:65290, dur:3000, num:4, pid:1617, tid:2661
6851-07-04 05:04:34.498   967  1033 I libPowerHal: [PE] MTKPOWER_HINT_UX_SCROLLING_COMMON update cmd:1468000 param:0 pr:3
6852-07-04 05:04:34.498   967  1033 I libPowerHal: [perfLockAcq] Done for hdl : 65347
6853-07-04 05:04:34.499  1617  2661 I mtkpower_client: ret_hdl:65348
6854-07-04 05:04:34.499   967  1033 I libPowerHal: cmdSetting - unknown cmd:340c300, scmd:(null) ,param_1:1
6855-07-04 05:04:34.499  5245  5706 I PowerHalMgrImpl: hdl:65348, pid:5245 
6856-07-04 05:04:34.499   967  1033 I libPowerHal: [fpsgo_ctrl_render_thread] 5285, 0xb40000795b454f40
6857-07-04 05:04:34.500  1617  3238 I mtkpower_client: perf_lock_rel, hdl:65348, pid: 1617, tid:3238
6858-07-04 05:04:34.500   967  1033 I libPowerHal: [PE] system_server update ONESHOT(set) cmd:2000300 param:5285 pr:3
6859-07-04 05:04:34.500   967  1033 I libPowerHal: [perfLockAcq] Done for hdl : 65348
6860-07-04 05:04:34.501   967  1033 I libPowerHal: [perfLockRel] hdl:65348, idx:4
6861-07-04 05:04:34.501  1617  3238 I mtkpower_client: perf_lock_acq, hdl:65348, dur:3000, num:4, pid:1617, tid:3238
6862-07-04 05:04:34.502   967  1033 I libPowerHal: [fpsgo_ctrl_render_thread] 5285, 0xb40000795b454f40
6863-07-04 05:04:34.502   967  1033 I libPowerHal: [PD] system_server update ONESHOT(unset) cmd:2000300 param:5285 pr:3
6864-07-04 05:04:34.502   967  1033 I libPowerHal: [perfLockRel] Done for hdl : 65348
6865-07-04 05:04:34.503  1617  3238 I mtkpower_client: ret_hdl:65349
6866-07-04 05:04:34.503  5245  5706 I PowerHalMgrImpl: hdl:65349, pid:5245 
6867-07-04 05:04:34.503  1617  3238 I mtkpower_client: perf_lock_rel, hdl:65349, pid: 1617, tid:3238
6868-07-04 05:04:34.504   967  1033 I libPowerHal: cmdSetting - unknown cmd:340c300, scmd:(null) ,param_1:1
6869-07-04 05:04:34.504   967  1033 I libPowerHal: [PE] system_server update cmd:3408500, param:0, pr:3
--
6885-07-04 05:04:34.907   967  1033 I libPowerHal: [PD] system_server update cmd:400000 param:-1 pr:6
6886-07-04 05:04:34.908   967  1033 I libPowerHal: [PD] system_server update cmd:400100 param:-1 pr:6
6887-07-04 05:04:34.908   967  1033 I libPowerHal: [setDvfsrcDevFreqOpp] opp:1, freq:2400000000
6888-07-04 05:04:34.909   967  1033 I libPowerHal: [recordCPUFreqInfo] set cluster[0] min(-1): -1 max(-1): -1 cluster[1] min(-1): -1 max(-1): -1
6889-07-04 05:04:34.909   967  1033 I libPowerHal: [perfLockRel] Done for hdl : 65346
6890-07-04 05:04:34.956  1617  2715 I mtkpower_client: perf_lock_acq, hdl:65349, dur:3000, num:4, pid:1617, tid:2715
6891-07-04 05:04:34.958   967  1033 I libPowerHal: [perfLockRel] hdl:65347, idx:3
6892-07-04 05:04:34.959   967  1033 I libPowerHal: [PD] MTKPOWER_HINT_UX_SCROLLING_COMMON update cmd:1468000 param:1 pr:6
6893-07-04 05:04:34.959   967  1033 I libPowerHal: [perfLockRel] Done for hdl : 65347
6894-07-04 05:04:34.960  1617  2715 I mtkpower_client: ret_hdl:65350
6895-07-04 05:04:34.961  5245  5706 I PowerHalMgrImpl: hdl:65350, pid:5245 
6896-07-04 05:04:34.961   967  1033 I libPowerHal: cmdSetting - unknown cmd:340c300, scmd:(null) ,param_1:1
6897-07-04 05:04:34.962  1617  2715 I mtkpower_client: perf_lock_rel, hdl:65350, pid: 1617, tid:2715
6898-07-04 05:04:34.962   967  1033 I libPowerHal: [fpsgo_ctrl_render_thread] -5285, 0xb40000795b448000
6899-07-04 05:04:34.962   967  1033 I libPowerHal: [PE] system_server update ONESHOT(set) cmd:2000300 param:-5285 pr:3
6900-07-04 05:04:34.962   967  1033 I libPowerHal: [perfLockAcq] Done for hdl : 65350
6901-07-04 05:04:34.964   967  1033 I libPowerHal: [perfLockRel] hdl:65350, idx:0
6902-07-04 05:04:34.965   967  1033 I libPowerHal: [fpsgo_ctrl_render_thread] -5285, 0xb40000795b448000
6903-07-04 05:04:34.966   967  1033 I libPowerHal: [PD] system_server update ONESHOT(unset) cmd:2000300 param:-5285 pr:3
6904-07-04 05:04:34.966   967  1033 I libPowerHal: [perfLockRel] Done for hdl : 65350
6905:07-04 05:04:35.326  1007  1007 I BufferQueueProducer: [com.assistant.overlay/com.assistant.MainActivity#15682](this:0xb400006f4aa3a7c0,id:-1,api:0,p:-1,c:1007) queueBuffer: fps=32.21 dur=1210.70 max=410.99 min=10.72
6906-07-04 05:04:35.371  1007  1007 I BufferQueueProducer: [StatusBar#119](this:0xb400006f4a9a38f0,id:-1,api:0,p:-1,c:1007) queueBuffer: fps=0.60 dur=1666.43 max=1666.43 min=1666.43
6907-07-04 05:04:35.382  1007  1007 I BufferQueueProducer: [StatusBar1#124](this:0xb400006f4a9ba570,id:-1,api:0,p:-1,c:1007) queueBuffer: fps=0.60 dur=1677.54 max=1677.54 min=1677.54
6908-07-04 05:04:35.607   967  1033 I libPowerHal: [PE] MTKPOWER_HINT_APP_TOUCH update cmd:1408300, param:100, pr:3
6909-07-04 05:04:35.608   967  1033 I libPowerHal: [PE] MTKPOWER_HINT_APP_TOUCH update cmd:410000, param:1, pr:3
6910-07-04 05:04:35.608   967  1033 I libPowerHal: [PE] MTKPOWER_HINT_APP_TOUCH update cmd:400000 param:1700000 pr:3
6911-07-04 05:04:35.608   967  1033 I libPowerHal: [PE] MTKPOWER_HINT_APP_TOUCH update cmd:400100 param:2000000 pr:3
6912-07-04 05:04:35.608   967  1033 I libPowerHal: value: 1
6913-07-04 05:04:35.608   967  1033 I libPowerHal: [PE] MTKPOWER_HINT_APP_TOUCH update cmd:410000 param:1 pr:3
6914-07-04 05:04:35.608   967  1033 I libPowerHal: [setDvfsrcDevFreqOpp] opp:0, freq:3600000000
6915-07-04 05:04:35.608   967  1033 I libPowerHal: [PE] MTKPOWER_HINT_APP_TOUCH update cmd:1000000 param:0 pr:3
6916-07-04 05:04:35.608   967  1033 I libPowerHal: [recordCPUFreqInfo] set cluster[0] min(MTKPOWER_HINT_APP_TOUCH): 1700000 max(-1): -1 cluster[1] min(MTKPOWER_HINT_APP_TOUCH): 2000000 max(-1): -1
6917-07-04 05:04:35.608   967  1033 I libPowerHal: [perfLockAcq] Done for hdl : 65351
6918-07-04 05:04:35.692   967  1033 I libPowerHal: [perfLockRel] hdl:65351, idx:0
6919-07-04 05:04:35.693   967  1033 I libPowerHal: [PD] MTKPOWER_HINT_APP_TOUCH update cmd:400000 param:-1 pr:6
6920-07-04 05:04:35.694   967  1033 I libPowerHal: [PD] MTKPOWER_HINT_APP_TOUCH update cmd:400100 param:-1 pr:6
6921-07-04 05:04:35.694   967  1033 I libPowerHal: value: 0
6922-07-04 05:04:35.694   967  1033 I libPowerHal: [PD] MTKPOWER_HINT_APP_TOUCH update cmd:410000 param:0 pr:6
6923-07-04 05:04:35.694   967  1033 I libPowerHal: [setDvfsrcDevFreqOpp] opp:1, freq:2400000000
6924-07-04 05:04:35.695   967  1033 I libPowerHal: [recordCPUFreqInfo] set cluster[0] min(-1): -1 max(-1): -1 cluster[1] min(-1): -1 max(-1): -1
6925-07-04 05:04:35.695   967  1033 I libPowerHal: [perfLockRel] Done for hdl : 65351
6926-07-04 05:04:35.702   967   977 I mtkpower@impl: [setMode] type:5, enabled:1
6927-07-04 05:04:35.704   967  1033 I libPowerHal: [PE] LAUNCH update cmd:1408300, param:100, pr:3
6928-07-04 05:04:35.704   967  1033 I libPowerHal: [PE] LAUNCH update cmd:400000 param:3000000 pr:3
6929-07-04 05:04:35.705   967  1033 I libPowerHal: [PE] LAUNCH update cmd:400100 param:3000000 pr:3
6930-07-04 05:04:35.705   967  1033 I libPowerHal: [setDvfsrcDevFreqOpp] opp:0, freq:3600000000
6931-07-04 05:04:35.705   967  1033 I libPowerHal: [PE] LAUNCH update cmd:1000000 param:0 pr:3
6932-07-04 05:04:35.705   967  1033 I libPowerHal: [recordCPUFreqInfo] set cluster[0] min(LAUNCH): 1700000 max(-1): -1 cluster[1] min(LAUNCH): 2000000 max(-1): -1
6933-07-04 05:04:35.705   967  1033 I libPowerHal: [perfLockAcq] Done for hdl : 65352
6934-07-04 05:04:35.706  1617  3238 I mtkpower_client: perf_lock_acq, hdl:65343, dur:400, num:10, pid:1617, tid:3238
6935-07-04 05:04:35.707  1617  3238 I mtkpower_client: ret_hdl:65353
6936-07-04 05:04:35.707   967  1033 I libPowerHal: [setGPUFreq] system_server user set gpu freq min:0, max:-1
6937-07-04 05:04:35.708   967  1033 I libPowerHal: [PE] system_server update cmd:400200 param:3000000 pr:3
6938-07-04 05:04:35.708   967  1033 I libPowerHal: [recordCPUFreqInfo] set cluster[0] min(LAUNCH): 1700000 max(-1): -1 cluster[1] min(LAUNCH): 2000000 max(-1): -1
6939-07-04 05:04:35.708   967  1033 I libPowerHal: [perfLockAcq] Done for hdl : 65353
6940:07-04 05:04:35.708  1617  3238 I mtkpower_client: [PowerHal_Wrap_notifyAppState] com.assistant.overlay/com.assistant.MainActivity pid=5245 activityId:78312923 state:0
6941:07-04 05:04:35.709   965   965 I MTK_APPList: [notifyAPPstate] com.assistant.overlay/com.assistant.MainActivity, pid=5245, activityId=78312923, uid=10335, state:PAUSED, fps:-1, win:1
6942-07-04 05:04:35.709   965   965 I MTK_APPList: [notifyAPPstate] multi_resumed_app_count: 1
6943-07-04 05:04:35.709   965   965 I MTK_APPList: [notifyAPPstate] multi_resumed_app_info[0] com.termux/com.termux.app.TermuxActivity, pid:32294, activityId:49262800, fps:-1, isMultiWindow:1
6944-07-04 05:04:35.709   965   965 I MTK_APPList: [getForegroundAPPCount] 1
6945-07-04 05:04:35.709   965   965 I MTK_APPList: [notifyNetdUID] 10335
6946-07-04 05:04:35.709   965   965 I MTK_APPList: [notifyPID] 5245
6947-07-04 05:04:35.710   967  1033 I libPowerHal: [perfSetSysInfo] pid type:24, 5245
6948-07-04 05:04:35.712   967  1033 I libPowerHal: [perfLockRel] hdl:65344, idx:2
6949-07-04 05:04:35.713   967  1033 I libPowerHal: [perfLockRel] Done for hdl : 65344
6950-07-04 05:04:35.714   967  1033 I libPowerHal: [set_kswapd_affinity] set affinity = 16129, set_kswapd_count= 1
6951-07-04 05:04:35.714   967  1033 I libPowerHal: [PE] MTKPOWER_HINT_ACT_SWITCH update ONESHOT(set) cmd:10000700 param:16129 pr:3
6952-07-04 05:04:35.714   967  1033 I libPowerHal: [perfLockAcq] Done for hdl : 65354
6953-07-04 05:04:35.724  1617  1881 I mtkpower_client: perf_lock_acq, hdl:65353, dur:400, num:10, pid:1617, tid:1881
6954-07-04 05:04:35.724  1617  1881 I mtkpower_client: ret_hdl:65353
6955-07-04 05:04:35.727   967  1033 I libPowerHal: [perfLockAcq] Done for hdl : 65353
6956:07-04 05:04:35.734  1617  1881 I mtkpower_client: [PowerHal_Wrap_notifyAppState] com.assistant.overlay/com.assistant.controlroom.ui.InterceptionControlRoomActivity pid=5245 activityId:148221039 state:1
6957:07-04 05:04:35.735   965   965 I MTK_APPList: [notifyAPPstate] com.assistant.overlay/com.assistant.controlroom.ui.InterceptionControlRoomActivity, pid=5245, activityId=148221039, uid=10335, state:RESUMED, fps:-1, win:0
6958-07-04 05:04:35.735   965   965 I MTK_APPList: [notifyAPPstate] multi_resumed_app_count: 2
6959-07-04 05:04:35.735   965   965 I MTK_APPList: [notifyAPPstate] multi_resumed_app_info[0] com.termux/com.termux.app.TermuxActivity, pid:32294, activityId:49262800, fps:-1, isMultiWindow:1
6960:07-04 05:04:35.735   965   965 I MTK_APPList: [notifyAPPstate] multi_resumed_app_info[1] com.assistant.overlay/com.assistant.controlroom.ui.InterceptionControlRoomActivity, pid:5245, activityId:148221039, fps:-1, isMultiWindow:0
6961-07-04 05:04:35.735   965   965 I MTK_APPList: [getForegroundAPPCount] 2
6962:07-04 05:04:35.735   965   965 I MTK_APPList: [notifyAPPstate] foreground:com.assistant.overlay, pid:5245, activityId:148221039, uid:10335
6963-07-04 05:04:35.735   965   965 I MTK_APPList: [notifyNetdUID] 10335
6964-07-04 05:04:35.736   965   965 I MTK_APPList: [notifyPID] 5245
6965-07-04 05:04:35.736   967  1033 I libPowerHal: [perfSetSysInfo] pid type:24, 5245
6966:07-04 05:04:35.737   965   965 I MTK_APPList: [notifyAPPstate] act com.assistant.MainActivity => com.assistant.controlroom.ui.InterceptionControlRoomActivity
6967-07-04 05:04:35.841  1007  1007 I BufferQueueProducer: [FramebufferSurface](this:0xb400006eaa4d6290,id:-1,api:1,p:1007,c:1007) queueBuffer: fps=37.81 dur=1058.03 max=317.88 min=8.83
6968:07-04 05:04:36.063  1617  1879 I mtkpower_client: [PowerHal_Wrap_notifyAppState] com.assistant.overlay/com.assistant.overlay pid=5245 activityId:5245 state:3
6969:07-04 05:04:36.063   965   965 I MTK_APPList: [notifyAPPstate] com.assistant.overlay/com.assistant.overlay, pid=5245, activityId=5245, uid=10335, state:DEAD, fps:-1, win:1
6970-07-04 05:04:36.063   965   965 I MTK_APPList: [notifyAPPstate] multi_resumed_app_count: 1
6971-07-04 05:04:36.063   965   965 I MTK_APPList: [notifyAPPstate] multi_resumed_app_info[0] com.termux/com.termux.app.TermuxActivity, pid:32294, activityId:49262800, fps:-1, isMultiWindow:1
6972-07-04 05:04:36.063   965   965 I MTK_APPList: [getForegroundAPPCount] 1
6973:07-04 05:04:36.063   965   965 I MTK_APPList: [notifyAPPstate] pack:com.assistant.overlay, pid:5245, STATE_DEAD
6974-07-04 05:04:36.063   965   965 I MTK_APPList: [notifyNetdUID] 10335
6975-07-04 05:04:36.064   965   965 I MTK_APPList: [notifyPID] 5245
6976-07-04 05:04:36.065   967  1033 I libPowerHal: [perfSetSysInfo] pid type:24, 5245
6977:07-04 05:04:36.083  1617  1879 I mtkpower_client: [PowerHal_Wrap_notifyAppState] com.assistant.overlay/com.assistant.controlroom.ui.InterceptionControlRoomActivity pid=5245 activityId:148221039 state:0
6978:07-04 05:04:36.083   965   965 I MTK_APPList: [notifyAPPstate] com.assistant.overlay/com.assistant.controlroom.ui.InterceptionControlRoomActivity, pid=5245, activityId=148221039, uid=10335, state:PAUSED, fps:-1, win:0
6979-07-04 05:04:36.083   965   965 I MTK_APPList: [notifyAPPstate] multi_resumed_app_count: 1
6980-07-04 05:04:36.083   965   965 I MTK_APPList: [notifyAPPstate] multi_resumed_app_info[0] com.termux/com.termux.app.TermuxActivity, pid:32294, activityId:49262800, fps:-1, isMultiWindow:1
6981-07-04 05:04:36.083   965   965 I MTK_APPList: [getForegroundAPPCount] 1
6982-07-04 05:04:36.083   965   965 I MTK_APPList: [notifyNetdUID] 10335
6983-07-04 05:04:36.084   965   965 I MTK_APPList: [notifyPID] 5245
6984-07-04 05:04:36.084   967  1033 I libPowerHal: [perfSetSysInfo] pid type:24, 5245
6985-07-04 05:04:36.087   967  1033 I libPowerHal: [set_kswapd_affinity] set affinity = 16129, set_kswapd_count= 2
6986-07-04 05:04:36.087   967  1033 I libPowerHal: [PE] MTKPOWER_HINT_ACT_SWITCH update ONESHOT(set) cmd:10000700 param:16129 pr:3
6987-07-04 05:04:36.087   967  1033 I libPowerHal: [perfLockAcq] Done for hdl : 65355
6988-07-04 05:04:36.087   967  1033 I libPowerHal: [perfLockRel] hdl:65354, idx:3
6989-07-04 05:04:36.088   967  1033 I libPowerHal: [unset_kswapd_affinity] unset affinity = 16129, set_kswapd_count= 1
6990-07-04 05:04:36.088   967  1033 I libPowerHal: [PD] MTKPOWER_HINT_ACT_SWITCH update ONESHOT(unset) cmd:10000700 param:16129 pr:3
6991-07-04 05:04:36.089   967  1033 I libPowerHal: [perfLockRel] Done for hdl : 65354
6992-07-04 05:04:36.128   967  1033 I mtkpower@impl: [powerd_req] TIMER_MSG_PERF_LOCK_TIMEOUT hdl:65353
6993-07-04 05:04:36.128   967  1033 I libPowerHal: [perfLockRel] hdl:65353, idx:1
6994-07-04 05:04:36.129   967  1033 I libPowerHal: [PD] system_server update cmd:400200 param:-1 pr:6
6995-07-04 05:04:36.130   967  1033 I libPowerHal: [recordCPUFreqInfo] set cluster[0] min(LAUNCH): 1700000 max(-1): -1 cluster[1] min(LAUNCH): 2000000 max(-1): -1
6996-07-04 05:04:36.130   967  1033 I libPowerHal: [perfLockRel] Done for hdl : 65353
6997:07-04 05:04:36.170  1617  2715 I mtkpower_client: [PowerHal_Wrap_notifyAppState] com.assistant.overlay/com.assistant.overlay pid=5245 activityId:5245 state:3
6998:07-04 05:04:36.170   965   965 I MTK_APPList: [notifyAPPstate] com.assistant.overlay/com.assistant.overlay, pid=5245, activityId=5245, uid=10335, state:DEAD, fps:-1, win:0
6999-07-04 05:04:36.170   965   965 I MTK_APPList: [notifyAPPstate] multi_resumed_app_count: 1
7000-07-04 05:04:36.170   965   965 I MTK_APPList: [notifyAPPstate] multi_resumed_app_info[0] com.termux/com.termux.app.TermuxActivity, pid:32294, activityId:49262800, fps:-1, isMultiWindow:1
7001-07-04 05:04:36.170   965   965 I MTK_APPList: [getForegroundAPPCount] 1
7002:07-04 05:04:36.170   965   965 I MTK_APPList: [notifyAPPstate] pack:com.assistant.overlay, pid:5245, STATE_DEAD
7003-07-04 05:04:36.170   965   965 I MTK_APPList: [notifyNetdUID] 10335
7004-07-04 05:04:36.171   965   965 I MTK_APPList: [notifyPID] 5245
7005-07-04 05:04:36.173   967  1033 I libPowerHal: [perfSetSysInfo] pid type:24, 5245
7006-07-04 05:04:36.182  1617  2715 I mtkpower_client: perf_lock_acq, hdl:65353, dur:400, num:10, pid:1617, tid:2715
7007-07-04 05:04:36.183  1617  2715 I mtkpower_client: ret_hdl:65356
7008-07-04 05:04:36.184   967  1033 I libPowerHal: [setGPUFreq] system_server user set gpu freq min:0, max:-1
7009-07-04 05:04:36.184   967  1033 I libPowerHal: [PE] system_server update cmd:400200 param:3000000 pr:3
7010-07-04 05:04:36.184   967  1033 I libPowerHal: [recordCPUFreqInfo] set cluster[0] min(LAUNCH): 1700000 max(-1): -1 cluster[1] min(LAUNCH): 2000000 max(-1): -1
7011-07-04 05:04:36.185  1617  2715 I mtkpower_client: [PowerHal_Wrap_notifyAppState] com.miui.home/com.miui.home.launcher.Launcher pid=2438 activityId:232027971 state:1
7012-07-04 05:04:36.185   965   965 I MTK_APPList: [notifyAPPstate] com.miui.home/com.miui.home.launcher.Launcher, pid=2438, activityId=232027971, uid=10152, state:RESUMED, fps:-1, win:0
7013-07-04 05:04:36.186   965   965 I MTK_APPList: [notifyAPPstate] multi_resumed_app_count: 2
7014-07-04 05:04:36.186   965   965 I MTK_APPList: [notifyAPPstate] multi_resumed_app_info[0] com.termux/com.termux.app.TermuxActivity, pid:32294, activityId:49262800, fps:-1, isMultiWindow:1
7015-07-04 05:04:36.186   965   965 I MTK_APPList: [notifyAPPstate] multi_resumed_app_info[1] com.miui.home/com.miui.home.launcher.Launcher, pid:2438, activityId:232027971, fps:-1, isMultiWindow:0
7016-07-04 05:04:36.186   965   965 I MTK_APPList: [getForegroundAPPCount] 2
7017-07-04 05:04:36.186   965   965 I MTK_APPList: [notifyAPPstate] foreground:com.miui.home, pid:2438, activityId:232027971, uid:10152
7018-07-04 05:04:36.186   965   965 I MTK_APPList: [notifyNetdUID] 10152
7019-07-04 05:04:36.187   967  1033 I libPowerHal: [perfLockAcq] Done for hdl : 65356
7020-07-04 05:04:36.188   967  1033 I libPowerHal: [set_kswapd_affinity] set affinity = 16129, set_kswapd_count= 2
7021-07-04 05:04:36.188   967  1033 I libPowerHal: [PE] MTKPOWER_HINT_PACK_SWITCH update ONESHOT(set) cmd:10000700 param:16129 pr:3
7022-07-04 05:04:36.188   967  1033 I libPowerHal: [perfLockAcq] Done for hdl : 65357
7023-07-04 05:04:36.188   965   965 I MTK_APPList: [notifyPID] 2438
7024-07-04 05:04:36.188   967  1033 I libPowerHal: [perfLockRel] hdl:64944, idx:-1
7025-07-04 05:04:36.189   967  1033 I libPowerHal: [perfSetSysInfo] pid type:24, 2438
7026:07-04 05:04:36.189   965   965 I MTK_APPList: [notifyAPPstate] pc:1, com.assistant.overlay => com.miui.home
7027-07-04 05:04:36.209   967   977 E libPowerHal: Could not open '/proc/1247/comm'
7028-07-04 05:04:36.210   967  1033 E libPowerHal: Could not open '/proc/1247/cmdline'
7029-07-04 05:04:36.211   967  1033 I libPowerHal: [perfLockAcq] Done for hdl : 65358
7030-07-04 05:04:36.326   967   977 I libPowerHal: [mtkPowerHint] hint:22, hold:500, ext:0, ext_hold:0
7031-07-04 05:04:36.328   967  1033 I libPowerHal: [set_kswapd_affinity] set affinity = 16129, set_kswapd_count= 3
7032-07-04 05:04:36.328   967  1033 I libPowerHal: [PE] MTKPOWER_HINT_PACK_SWITCH update ONESHOT(set) cmd:10000700 param:16129 pr:3
7033-07-04 05:04:36.328   967  1033 I libPowerHal: [perfLockAcq] Done for hdl : 65359
7034-07-04 05:04:36.330   967   977 I mtkpower@impl: [setMode] type:5, enabled:0
7035-07-04 05:04:36.330   967  1033 I libPowerHal: [perfLockRel] hdl:65357, idx:3
7036-07-04 05:04:36.331   967  1033 I libPowerHal: [unset_kswapd_affinity] unset affinity = 16129, set_kswapd_count= 2
7037-07-04 05:04:36.332   967  1033 I libPowerHal: [PD] MTKPOWER_HINT_PACK_SWITCH update ONESHOT(unset) cmd:10000700 param:16129 pr:3
7038-07-04 05:04:36.332   967  1033 I libPowerHal: [perfLockRel] Done for hdl : 65357
7039-07-04 05:04:36.333   967   977 I libPowerHal: [mtkPowerHint] hint:23, hold:0, ext:30, ext_hold:5000
7040-07-04 05:04:36.333   967  1033 I libPowerHal: [perfLockRel] hdl:65352, idx:0
7041-07-04 05:04:36.334   967  1033 I libPowerHal: [perfLockRel] Done for hdl : 65352
7042-07-04 05:04:36.335   967  1033 I libPowerHal: [perfLockRel] hdl:65355, idx:2
7043-07-04 05:04:36.336   967  1033 I libPowerHal: [unset_kswapd_affinity] unset affinity = 16129, set_kswapd_count= 1
7044-07-04 05:04:36.336   967  1033 I libPowerHal: [PD] MTKPOWER_HINT_ACT_SWITCH update ONESHOT(unset) cmd:10000700 param:16129 pr:3
7045-07-04 05:04:36.336   967  1033 I libPowerHal: [perfLockRel] Done for hdl : 65355
7046-07-04 05:04:36.338   967  1033 I libPowerHal: [PE] MTKPOWER_HINT_EXT_LAUNCH update cmd:2024000, param:100, pr:3
7047-07-04 05:04:36.338   967  1033 I libPowerHal: [perfLockAcq] Done for hdl : 65360
7048-07-04 05:04:36.584  1617  1665 I mtkpower_client: [PowerHal_Wrap_notifyAppState] com.miui.home/com.miui.home.launcher.Launcher pid=2438 activityId:232027971 state:1
7049-07-04 05:04:36.584   965   965 I MTK_APPList: [notifyAPPstate] com.miui.home/com.miui.home.launcher.Launcher, pid=2438, activityId=232027971, uid=10152, state:RESUMED, fps:-1, win:1
7050-07-04 05:04:36.584   965   965 I MTK_APPList: [notifyAPPstate] multi_resumed_app_count: 2
7051-07-04 05:04:36.584   965   965 I MTK_APPList: [notifyAPPstate] multi_resumed_app_info[0] com.termux/com.termux.app.TermuxActivity, pid:32294, activityId:49262800, fps:-1, isMultiWindow:1
7052-07-04 05:04:36.584   965   965 I MTK_APPList: [notifyAPPstate] multi_resumed_app_info[1] com.miui.home/com.miui.home.launcher.Launcher, pid:2438, activityId:232027971, fps:-1, isMultiWindow:1
7053-07-04 05:04:36.584   965   965 I MTK_APPList: [getForegroundAPPCount] 2
7054-07-04 05:04:36.584   965   965 I MTK_APPList: [notifyAPPstate] foreground:com.miui.home, pid:2438, activityId:232027971, uid:10152
7055-07-04 05:04:36.584   965   965 I MTK_APPList: [notifyNetdUID] 10152
7056-07-04 05:04:36.585   965   965 I MTK_APPList: [notifyPID] 2438
7057-07-04 05:04:36.586   967  1033 I mtkpower@impl: [powerd_req] TIMER_MSG_PERF_LOCK_TIMEOUT hdl:65356
7058-07-04 05:04:36.586   967  1033 I libPowerHal: [perfLockRel] hdl:65356, idx:1
7059-07-04 05:04:36.586   967  1033 I libPowerHal: [PD] system_server update cmd:400200 param:-1 pr:6
7060-07-04 05:04:36.587   967  1033 I libPowerHal: [recordCPUFreqInfo] set cluster[0] min(LAUNCH): 1700000 max(-1): -1 cluster[1] min(LAUNCH): 2000000 max(-1): -1
7061-07-04 05:04:36.587   967  1033 I libPowerHal: [perfLockRel] Done for hdl : 65356
7062-07-04 05:04:36.587   967  1033 I libPowerHal: [perfSetSysInfo] pid type:24, 2438
7063:07-04 05:04:36.588   965   965 I MTK_APPList: [notifyAPPstate] act com.assistant.controlroom.ui.InterceptionControlRoomActivity => com.miui.home.launcher.Launcher
7064-07-04 05:04:36.711   967  1033 I mtkpower@impl: [powerd_req] TIMER_MSG_PERF_LOCK_TIMEOUT hdl:65358
7065-07-04 05:04:36.711   967  1033 I libPowerHal: [perfLockRel] hdl:65358, idx:4
7066-07-04 05:04:36.712   967  1033 I libPowerHal: [perfLockRel] Done for hdl : 65358
7067-07-04 05:04:36.828   967  1033 I mtkpower@impl: [powerd_req] TIMER_MSG_PERF_LOCK_TIMEOUT hdl:65359
7068-07-04 05:04:36.828   967  1033 I libPowerHal: [perfLockRel] hdl:65359, idx:5
7069-07-04 05:04:36.830   967  1033 I libPowerHal: [PD] MTKPOWER_HINT_PACK_SWITCH update cmd:400000 param:-1 pr:6
7070-07-04 05:04:36.831   967  1033 I libPowerHal: [PD] MTKPOWER_HINT_PACK_SWITCH update cmd:400100 param:-1 pr:6
7071-07-04 05:04:36.832   967  1033 I libPowerHal: [setDvfsrcDevFreqOpp] opp:1, freq:2400000000
7072-07-04 05:04:36.832   967  1033 I libPowerHal: [unset_kswapd_affinity] unset affinity = 16129, set_kswapd_count= 0
7073-07-04 05:04:36.833   967  1033 I libPowerHal: [PD] MTKPOWER_HINT_PACK_SWITCH update ONESHOT(unset) cmd:10000700 param:16129 pr:3
7074-07-04 05:04:36.833   967  1033 I libPowerHal: [recordCPUFreqInfo] set cluster[0] min(-1): -1 max(-1): -1 cluster[1] min(-1): -1 max(-1): -1
7075-07-04 05:04:36.833   967  1033 I libPowerHal: [perfLockRel] Done for hdl : 65359
7076-07-04 05:04:37.963   967  1033 I libPowerHal: [PE] MTKPOWER_HINT_APP_TOUCH update cmd:1408300, param:100, pr:3
7077-07-04 05:04:37.964   967  1033 I libPowerHal: [PE] MTKPOWER_HINT_APP_TOUCH update cmd:410000, param:1, pr:3
7078-07-04 05:04:37.964   967  1033 I libPowerHal: [PE] MTKPOWER_HINT_APP_TOUCH update cmd:400000 param:1700000 pr:3
7079-07-04 05:04:37.964   967  1033 I libPowerHal: [PE] MTKPOWER_HINT_APP_TOUCH update cmd:400100 param:2000000 pr:3
7080-07-04 05:04:37.964   967  1033 I libPowerHal: value: 1
7081-07-04 05:04:37.965   967  1033 I libPowerHal: [PE] MTKPOWER_HINT_APP_TOUCH update cmd:410000 param:1 pr:3
7082-07-04 05:04:37.965   967  1033 I libPowerHal: [setDvfsrcDevFreqOpp] opp:0, freq:3600000000
7083-07-04 05:04:37.965   967  1033 I libPowerHal: [PE] MTKPOWER_HINT_APP_TOUCH update cmd:1000000 param:0 pr:3
7084-07-04 05:04:37.965   967  1033 I libPowerHal: [recordCPUFreqInfo] set cluster[0] min(MTKPOWER_HINT_APP_TOUCH): 1700000 max(-1): -1 cluster[1] min(MTKPOWER_HINT_APP_TOUCH): 2000000 max(-1): -1
7085-07-04 05:04:37.965   967  1033 I libPowerHal: [perfLockAcq] Done for hdl : 65361
7086-07-04 05:04:37.970   967  1033 I libPowerHal: [perfLockRel] hdl:65360, idx:3
7087-07-04 05:04:37.971   967  1033 I libPowerHal: [perfLockRel] Done for hdl : 65360
7088-07-04 05:04:37.973   967  1033 I libPowerHal: [PE] MTKPOWER_HINT_PROCESS_CREATE update cmd:2024000, param:100, pr:3
7089-07-04 05:04:37.973   967  1033 I libPowerHal: [PE] MTKPOWER_HINT_PROCESS_CREATE update cmd:400000 param:3000000 pr:3
7090-07-04 05:04:37.973   967  1033 I libPowerHal: [PE] MTKPOWER_HINT_PROCESS_CREATE update cmd:400100 param:3000000 pr:3
7091-07-04 05:04:37.973   967  1033 I libPowerHal: [set_kswapd_affinity] set affinity = 16129, set_kswapd_count= 1
7092-07-04 05:04:37.973   967  1033 I libPowerHal: [PE] MTKPOWER_HINT_PROCESS_CREATE update ONESHOT(set) cmd:10000700 param:16129 pr:3
7093-07-04 05:04:37.973   967  1033 I libPowerHal: [recordCPUFreqInfo] set cluster[0] min(MTKPOWER_HINT_PROCESS_CREATE): 1700000 max(-1): -1 cluster[1] min(MTKPOWER_HINT_PROCESS_CREATE): 2000000 max(-1): -1
7094-07-04 05:04:37.973   967  1033 I libPowerHal: [perfLockAcq] Done for hdl : 65362
7095-07-04 05:04:37.974   967  1033 I libPowerHal: [perfLockRel] hdl:64946, idx:-1
7096-07-04 05:04:37.992  1007  1007 I BufferQueueProducer: [com.miui.home/com.miui.home.launcher.Launcher#15700](this:0xb400006f4aa1b290,id:-1,api:0,p:-1,c:1007) queueBuffer: fps=0.58 dur=1732.28 max=1732.28 min=1732.28
7097-07-04 05:04:37.996  1007  1007 I BufferQueueProducer: [FramebufferSurface](this:0xb400006eaa4d6290,id:-1,api:1,p:1007,c:1007) queueBuffer: fps=11.61 dur=2154.21 max=1509.11 min=9.35
7098-07-04 05:04:38.056   967  1033 I libPowerHal: [perfLockRel] hdl:65361, idx:0
7099-07-04 05:04:38.057   967  1033 I libPowerHal: value: 0
7100-07-04 05:04:38.057   967  1033 I libPowerHal: [PD] MTKPOWER_HINT_APP_TOUCH update cmd:410000 param:0 pr:6
7101-07-04 05:04:38.059   967  1033 I libPowerHal: [perfLockRel] Done for hdl : 65361
7102-07-04 05:04:38.086   967  1033 I libPowerHal: [set_kswapd_affinity] set affinity = 16129, set_kswapd_count= 2
7103-07-04 05:04:38.086   967  1033 I libPowerHal: [PE] MTKPOWER_HINT_PACK_SWITCH update ONESHOT(set) cmd:10000700 param:16129 pr:3
--
7112-07-04 05:04:38.136   965   965 I MTK_APPList: [notifyAPPstate] multi_resumed_app_count: 1
7113-07-04 05:04:38.136   965   965 I MTK_APPList: [notifyAPPstate] multi_resumed_app_info[0] com.termux/com.termux.app.TermuxActivity, pid:32294, activityId:49262800, fps:-1, isMultiWindow:1
7114-07-04 05:04:38.136   965   965 I MTK_APPList: [getForegroundAPPCount] 1
7115-07-04 05:04:38.136   965   965 I MTK_APPList: [notifyNetdUID] 10152
7116-07-04 05:04:38.136   967  1033 I libPowerHal: [unset_kswapd_affinity] unset affinity = 16129, set_kswapd_count= 1
7117-07-04 05:04:38.136   967  1033 I libPowerHal: [PD] MTKPOWER_HINT_PACK_SWITCH update ONESHOT(unset) cmd:10000700 param:16129 pr:3
7118-07-04 05:04:38.137   967  1033 I libPowerHal: [perfLockRel] Done for hdl : 65363
7119-07-04 05:04:38.138   965   965 I MTK_APPList: [notifyPID] 2438
7120-07-04 05:04:38.138   967  1033 I libPowerHal: [perfSetSysInfo] pid type:24, 2438
7121-07-04 05:04:38.297  1617  1665 I mtkpower_client: [PowerHal_Wrap_notifyAppState] com.miui.home/com.miui.home.launcher.Launcher pid=2438 activityId:232027971 state:0
7122-07-04 05:04:38.302   965   965 I MTK_APPList: [notifyAPPstate] com.miui.home/com.miui.home.launcher.Launcher, pid=2438, activityId=232027971, uid=10152, state:PAUSED, fps:-1, win:0
7123-07-04 05:04:38.302   965   965 I MTK_APPList: [notifyAPPstate] multi_resumed_app_count: 1
7124-07-04 05:04:38.302   965   965 I MTK_APPList: [notifyAPPstate] multi_resumed_app_info[0] com.termux/com.termux.app.TermuxActivity, pid:32294, activityId:49262800, fps:-1, isMultiWindow:1
7125-07-04 05:04:38.302   965   965 I MTK_APPList: [getForegroundAPPCount] 1
7126-07-04 05:04:38.302   965   965 I MTK_APPList: [notifyNetdUID] 10152
7127-07-04 05:04:38.303   965   965 I MTK_APPList: [notifyPID] 2438
7128-07-04 05:04:38.306   967  1033 I libPowerHal: [perfSetSysInfo] pid type:24, 2438
7129-07-04 05:04:38.348  1007  1007 I BufferQueueProducer: [NavigationBar0#118](this:0xb400006f4a9a6680,id:-1,api:0,p:-1,c:1007) queueBuffer: fps=0.69 dur=4377.02 max=4288.01 min=10.55
7130-07-04 05:04:38.514  1007  1007 I BufferQueueProducer: [StatusBar1#124](this:0xb400006f4a9ba570,id:-1,api:0,p:-1,c:1007) queueBuffer: fps=0.32 dur=3132.48 max=3132.48 min=3132.48
7131-07-04 05:04:38.514  1007  1007 I BufferQueueProducer: [StatusBar#119](this:0xb400006f4a9a38f0,id:-1,api:0,p:-1,c:1007) queueBuffer: fps=0.32 dur=3143.39 max=3143.39 min=3143.39
7132:07-04 05:04:38.992  1617  1640 I mtkpower_client: [PowerHal_Wrap_notifyAppState] com.assistant.overlay/com.assistant.MainActivity pid=8806 activityId:195925725 state:1
7133:07-04 05:04:38.992   965   965 I MTK_APPList: [notifyAPPstate] com.assistant.overlay/com.assistant.MainActivity, pid=8806, activityId=195925725, uid=10335, state:RESUMED, fps:-1, win:0
7134-07-04 05:04:38.992   965   965 I MTK_APPList: [notifyAPPstate] multi_resumed_app_count: 2
7135-07-04 05:04:38.992   965   965 I MTK_APPList: [notifyAPPstate] multi_resumed_app_info[0] com.termux/com.termux.app.TermuxActivity, pid:32294, activityId:49262800, fps:-1, isMultiWindow:1
7136:07-04 05:04:38.992   965   965 I MTK_APPList: [notifyAPPstate] multi_resumed_app_info[1] com.assistant.overlay/com.assistant.MainActivity, pid:8806, activityId:195925725, fps:-1, isMultiWindow:0
7137-07-04 05:04:38.992   965   965 I MTK_APPList: [getForegroundAPPCount] 2
7138:07-04 05:04:38.992   965   965 I MTK_APPList: [notifyAPPstate] foreground:com.assistant.overlay, pid:8806, activityId:195925725, uid:10335
7139-07-04 05:04:38.992   965   965 I MTK_APPList: [notifyNetdUID] 10335
7140-07-04 05:04:38.994   965   965 I MTK_APPList: [notifyPID] 8806
7141-07-04 05:04:38.996   967  1033 I libPowerHal: [perfSetSysInfo] pid type:24, 8806
7142:07-04 05:04:38.997   965   965 I MTK_APPList: [notifyAPPstate] pc:0, com.miui.home => com.assistant.overlay
7143-07-04 05:04:39.016  1007  1007 I BufferQueueProducer: [FramebufferSurface](this:0xb400006eaa4d6290,id:-1,api:1,p:1007,c:1007) queueBuffer: fps=81.32 dur=1020.61 max=56.07 min=8.68
7144-07-04 05:04:39.786   967   977 I libPowerHal: [mtkPowerHint] hint:21, hold:6000, ext:30, ext_hold:35000
7145-07-04 05:04:39.790   967  1033 I libPowerHal: [set_kswapd_affinity] set affinity = 16129, set_kswapd_count= 2
7146-07-04 05:04:39.790   967  1033 I libPowerHal: [PE] MTKPOWER_HINT_PROCESS_CREATE update ONESHOT(set) cmd:10000700 param:16129 pr:3
7147-07-04 05:04:39.790   967  1033 I libPowerHal: [perfLockAcq] Done for hdl : 65365
7148-07-04 05:04:39.791   967  1033 I libPowerHal: [perfLockRel] hdl:65362, idx:1
7149-07-04 05:04:39.792   967  1033 I libPowerHal: [unset_kswapd_affinity] unset affinity = 16129, set_kswapd_count= 1
7150-07-04 05:04:39.792   967  1033 I libPowerHal: [PD] MTKPOWER_HINT_PROCESS_CREATE update ONESHOT(unset) cmd:10000700 param:16129 pr:3
7151-07-04 05:04:39.793   967  1033 I libPowerHal: [perfLockRel] Done for hdl : 65362
7152-07-04 05:04:39.793   967   977 I mtkpower@impl: [setMode] type:5, enabled:0
7153-07-04 05:04:39.794   967  1033 I libPowerHal: [perfLockAcq] Done for hdl : 65366
7154-07-04 05:04:39.795   967  1033 I libPowerHal: [perfLockRel] hdl:65364, idx:2
7155-07-04 05:04:39.796   967  1033 I libPowerHal: [perfLockRel] Done for hdl : 65364
7156-07-04 05:04:40.789  1617  2171 I mtkpower_client: perf_lock_acq, hdl:64948, dur:3000, num:4, pid:1617, tid:2171
7157-07-04 05:04:40.791  1617  2171 I mtkpower_client: ret_hdl:65367
7158-07-04 05:04:40.791  1617  2171 I mtkpower_client: perf_lock_rel, hdl:65367, pid: 1617, tid:2171
7159-07-04 05:04:40.791   967  1033 I libPowerHal: cmdSetting - unknown cmd:340c300, scmd:(null) ,param_1:1
7160-07-04 05:04:40.791   967  1033 I libPowerHal: end_default_hold_time HindID : 21
7161-07-04 05:04:40.791   967  1033 I libPowerHal: [disableScenarioByHintId] Disable HindID : 21
7162-07-04 05:04:40.791   967  1033 I libPowerHal: [disableScenarioByHintId] disableScenarioByHintId: HindID : 21
7163-07-04 05:04:40.793   967  1033 I libPowerHal: [PD] MTKPOWER_HINT_PROCESS_CREATE update cmd:400000 param:-1 pr:6
7164-07-04 05:04:40.793   967  1033 I libPowerHal: [PD] MTKPOWER_HINT_PROCESS_CREATE update cmd:400100 param:-1 pr:6
7165-07-04 05:04:40.794   967  1033 I libPowerHal: [setDvfsrcDevFreqOpp] opp:1, freq:2400000000
7166-07-04 05:04:40.794   967  1033 I libPowerHal: [unset_kswapd_affinity] unset affinity = 16129, set_kswapd_count= 0
7167-07-04 05:04:40.794   967  1033 I libPowerHal: [PD] MTKPOWER_HINT_PROCESS_CREATE update ONESHOT(unset) cmd:10000700 param:16129 pr:3
7168-07-04 05:04:40.794   967  1033 I libPowerHal: [recordCPUFreqInfo] set cluster[0] min(-1): -1 max(-1): -1 cluster[1] min(-1): -1 max(-1): -1
7169-07-04 05:04:40.794   967  1033 I libPowerHal: [disableScenarioByHintId] Disable HindID : 57
7170-07-04 05:04:40.794   967  1033 I libPowerHal: [PE] system_server update ONESHOT(set) cmd:3410300 param:21 pr:3
7171-07-04 05:04:40.794   967  1033 I libPowerHal: [perfLockAcq] Done for hdl : 65367
7172-07-04 05:04:40.796   967  1033 I libPowerHal: [perfLockRel] hdl:65367, idx:1
7173-07-04 05:04:40.796   967  1033 I libPowerHal: end_default_hold_time HindID : 21
7174-07-04 05:04:40.796   967  1033 I libPowerHal: [disableScenarioByHintId] Disable HindID : 21
7175-07-04 05:04:40.796   967  1033 I libPowerHal: [disableScenarioByHintId] Disable HindID : 57
7176-07-04 05:04:40.796   967  1033 I libPowerHal: [PD] system_server update ONESHOT(unset) cmd:3410300 param:21 pr:3
7177-07-04 05:04:40.797   967  1033 I libPowerHal: [perfLockRel] Done for hdl : 65367
7178-07-04 05:04:40.951  1007  1007 I BufferQueueProducer: [FramebufferSurface](this:0xb400006eaa4d6290,id:-1,api:1,p:1007,c:1007) queueBuffer: fps=13.44 dur=1934.38 max=998.72 min=8.27
7179-07-04 05:04:40.957  1007  1007 I mtkpower_client: PowerHal_Wrap_EnableMultiDisplayMode, enable:0 fps:60 CurMultiDisplayMode:-1
7180:07-04 05:04:41.130  1007  1007 I BufferQueueProducer: [com.assistant.overlay/com.assistant.MainActivity#15727](this:0xb400006f4a9aef30,id:-1,api:0,p:-1,c:1007) queueBuffer: fps=2.17 dur=1382.63 max=1304.83 min=12.66
7181-07-04 05:04:41.146  1007  1007 I mtkpower_client: PowerHal_Wrap_EnableMultiDisplayMode, enable:0 fps:90 CurMultiDisplayMode:-1
7182-07-04 05:04:41.326   967  1033 I libPowerHal: [PE] MTKPOWER_HINT_APP_TOUCH update cmd:1408300, param:100, pr:3
7183-07-04 05:04:41.327   967  1033 I libPowerHal: [PE] MTKPOWER_HINT_APP_TOUCH update cmd:410000, param:1, pr:3
7184-07-04 05:04:41.327   967  1033 I libPowerHal: [PE] MTKPOWER_HINT_APP_TOUCH update cmd:400000 param:1700000 pr:3
7185-07-04 05:04:41.327   967  1033 I libPowerHal: [PE] MTKPOWER_HINT_APP_TOUCH update cmd:400100 param:2000000 pr:3
7186-07-04 05:04:41.327   967  1033 I libPowerHal: value: 1
7187-07-04 05:04:41.327   967  1033 I libPowerHal: [PE] MTKPOWER_HINT_APP_TOUCH update cmd:410000 param:1 pr:3
7188-07-04 05:04:41.328   967  1033 I libPowerHal: [setDvfsrcDevFreqOpp] opp:0, freq:3600000000
7189-07-04 05:04:41.328   967  1033 I libPowerHal: [PE] MTKPOWER_HINT_APP_TOUCH update cmd:1000000 param:0 pr:3
7190-07-04 05:04:41.328   967  1033 I libPowerHal: [recordCPUFreqInfo] set cluster[0] min(MTKPOWER_HINT_APP_TOUCH): 1700000 max(-1): -1 cluster[1] min(MTKPOWER_HINT_APP_TOUCH): 2000000 max(-1): -1
7191-07-04 05:04:41.328   967  1033 I libPowerHal: [perfLockAcq] Done for hdl : 65368
7192-07-04 05:04:41.402   967  1033 I libPowerHal: [perfLockRel] hdl:65368, idx:0
7193-07-04 05:04:41.403   967  1033 I libPowerHal: [PD] MTKPOWER_HINT_APP_TOUCH update cmd:400000 param:-1 pr:6
7194-07-04 05:04:41.404   967  1033 I libPowerHal: [PD] MTKPOWER_HINT_APP_TOUCH update cmd:400100 param:-1 pr:6
7195-07-04 05:04:41.404   967  1033 I libPowerHal: value: 0
7196-07-04 05:04:41.404   967  1033 I libPowerHal: [PD] MTKPOWER_HINT_APP_TOUCH update cmd:410000 param:0 pr:6
7197-07-04 05:04:41.404   967  1033 I libPowerHal: [setDvfsrcDevFreqOpp] opp:1, freq:2400000000
7198-07-04 05:04:41.405   967  1033 I libPowerHal: [recordCPUFreqInfo] set cluster[0] min(-1): -1 max(-1): -1 cluster[1] min(-1): -1 max(-1): -1
7199-07-04 05:04:41.405   967  1033 I libPowerHal: [perfLockRel] Done for hdl : 65368
7200-07-04 05:04:41.416   967   977 I mtkpower@impl: [setMode] type:5, enabled:1
7201-07-04 05:04:41.418   967  1033 I libPowerHal: [PE] LAUNCH update cmd:1408300, param:100, pr:3
7202-07-04 05:04:41.419   967  1033 I libPowerHal: [PE] LAUNCH update cmd:400000 param:3000000 pr:3
7203-07-04 05:04:41.419   967  1033 I libPowerHal: [PE] LAUNCH update cmd:400100 param:3000000 pr:3
7204-07-04 05:04:41.419   967  1033 I libPowerHal: [setDvfsrcDevFreqOpp] opp:0, freq:3600000000
7205-07-04 05:04:41.419   967  1033 I libPowerHal: [PE] LAUNCH update cmd:1000000 param:0 pr:3
7206-07-04 05:04:41.419   967  1033 I libPowerHal: [recordCPUFreqInfo] set cluster[0] min(LAUNCH): 1700000 max(-1): -1 cluster[1] min(LAUNCH): 2000000 max(-1): -1
7207-07-04 05:04:41.419   967  1033 I libPowerHal: [perfLockAcq] Done for hdl : 65369
7208-07-04 05:04:41.422  1617  5087 I mtkpower_client: perf_lock_acq, hdl:0, dur:400, num:10, pid:1617, tid:5087
7209-07-04 05:04:41.422  1617  5087 I mtkpower_client: ret_hdl:65370
7210-07-04 05:04:41.423   967  1033 I libPowerHal: [setGPUFreq] system_server user set gpu freq min:0, max:-1
7211-07-04 05:04:41.424   967  1033 I libPowerHal: [PE] system_server update cmd:400200 param:3000000 pr:3
7212-07-04 05:04:41.424   967  1033 I libPowerHal: [recordCPUFreqInfo] set cluster[0] min(LAUNCH): 1700000 max(-1): -1 cluster[1] min(LAUNCH): 2000000 max(-1): -1
7213-07-04 05:04:41.424   967  1033 I libPowerHal: [perfLockAcq] Done for hdl : 65370
7214:07-04 05:04:41.424  1617  5087 I mtkpower_client: [PowerHal_Wrap_notifyAppState] com.assistant.overlay/com.assistant.MainActivity pid=8806 activityId:195925725 state:0
7215:07-04 05:04:41.425   965   965 I MTK_APPList: [notifyAPPstate] com.assistant.overlay/com.assistant.MainActivity, pid=8806, activityId=195925725, uid=10335, state:PAUSED, fps:-1, win:1
7216-07-04 05:04:41.425   965   965 I MTK_APPList: [notifyAPPstate] multi_resumed_app_count: 1
7217-07-04 05:04:41.425   965   965 I MTK_APPList: [notifyAPPstate] multi_resumed_app_info[0] com.termux/com.termux.app.TermuxActivity, pid:32294, activityId:49262800, fps:-1, isMultiWindow:1
7218-07-04 05:04:41.425   965   965 I MTK_APPList: [getForegroundAPPCount] 1
7219-07-04 05:04:41.425   965   965 I MTK_APPList: [notifyNetdUID] 10335
7220-07-04 05:04:41.425   965   965 I MTK_APPList: [notifyPID] 8806
7221-07-04 05:04:41.427   967  1033 I libPowerHal: [perfSetSysInfo] pid type:24, 8806
7222-07-04 05:04:41.428   967  1033 I libPowerHal: [perfLockRel] hdl:65366, idx:3
7223-07-04 05:04:41.429   967  1033 I libPowerHal: [perfLockRel] Done for hdl : 65366
7224-07-04 05:04:41.431   967  1033 I libPowerHal: [set_kswapd_affinity] set affinity = 16129, set_kswapd_count= 1
7225-07-04 05:04:41.431   967  1033 I libPowerHal: [PE] MTKPOWER_HINT_ACT_SWITCH update ONESHOT(set) cmd:10000700 param:16129 pr:3
7226-07-04 05:04:41.431   967  1033 I libPowerHal: [perfLockAcq] Done for hdl : 65371
7227-07-04 05:04:41.435  8806  8806 I PowerHalMgrImpl: perfLockAcq is supported. 
7228-07-04 05:04:41.440  1617  2717 I mtkpower_client: perf_lock_acq, hdl:65370, dur:400, num:10, pid:1617, tid:2717
7229-07-04 05:04:41.441  1617  2717 I mtkpower_client: ret_hdl:65370
7230-07-04 05:04:41.443   967  1033 I libPowerHal: [perfLockAcq] Done for hdl : 65370
7231:07-04 05:04:41.452  1617  2717 I mtkpower_client: [PowerHal_Wrap_notifyAppState] com.assistant.overlay/com.assistant.controlroom.ui.GoalkeeperControlRoomActivity pid=8806 activityId:52175336 state:1
7232:07-04 05:04:41.452   965   965 I MTK_APPList: [notifyAPPstate] com.assistant.overlay/com.assistant.controlroom.ui.GoalkeeperControlRoomActivity, pid=8806, activityId=52175336, uid=10335, state:RESUMED, fps:-1, win:0
7233-07-04 05:04:41.452   965   965 I MTK_APPList: [notifyAPPstate] multi_resumed_app_count: 2
7234-07-04 05:04:41.452   965   965 I MTK_APPList: [notifyAPPstate] multi_resumed_app_info[0] com.termux/com.termux.app.TermuxActivity, pid:32294, activityId:49262800, fps:-1, isMultiWindow:1
7235:07-04 05:04:41.452   965   965 I MTK_APPList: [notifyAPPstate] multi_resumed_app_info[1] com.assistant.overlay/com.assistant.controlroom.ui.GoalkeeperControlRoomActivity, pid:8806, activityId:52175336, fps:-1, isMultiWindow:0
7236-07-04 05:04:41.452   965   965 I MTK_APPList: [getForegroundAPPCount] 2
7237:07-04 05:04:41.452   965   965 I MTK_APPList: [notifyAPPstate] foreground:com.assistant.overlay, pid:8806, activityId:52175336, uid:10335
7238-07-04 05:04:41.452   965   965 I MTK_APPList: [notifyNetdUID] 10335
7239-07-04 05:04:41.453   965   965 I MTK_APPList: [notifyPID] 8806
7240-07-04 05:04:41.454   967  1033 I libPowerHal: [perfSetSysInfo] pid type:24, 8806
7241:07-04 05:04:41.454   965   965 I MTK_APPList: [notifyAPPstate] act com.miui.home.launcher.Launcher => com.assistant.controlroom.ui.GoalkeeperControlRoomActivity
7242-07-04 05:04:41.535  1007  1007 I BufferQueueProducer: [StatusBar1#124](this:0xb400006f4a9ba570,id:-1,api:0,p:-1,c:1007) queueBuffer: fps=0.66 dur=3020.92 max=2165.85 min=855.07
7243-07-04 05:04:41.535  1007  1007 I BufferQueueProducer: [StatusBar#119](this:0xb400006f4a9a38f0,id:-1,api:0,p:-1,c:1007) queueBuffer: fps=0.66 dur=3020.95 max=2165.98 min=854.97
