4950:07-04 05:04:17.871   965   965 I MTK_APPList: [notifyAPPstate] multi_resumed_app_info[1] com.assistant.overlay/com.assistant.overlay.ui.AnalyticsTheaterActivity, pid:5245, activityId:180656082, fps:-1, isMultiWindow:0
4951-07-04 05:04:17.871   965   965 I MTK_APPList: [getForegroundAPPCount] 2
4952-07-04 05:04:17.871   965   965 I MTK_APPList: [notifyAPPstate] pack:com.google.android.inputmethod.latin, pid:6668, STATE_DEAD
4953-07-04 05:04:17.871   965   965 I MTK_APPList: [notifyNetdUID] 10335
4954-07-04 05:04:17.875   965   965 I MTK_APPList: [notifyPID] 5245
4955-07-04 05:04:17.876   967  1033 I libPowerHal: [perfSetSysInfo] pid type:24, 5245
4956-07-04 05:04:17.879   967  1033 I libPowerHal: [PE] MTKPOWER_HINT_APP_TOUCH update cmd:1408300, param:100, pr:3
4957-07-04 05:04:17.879   967  1033 I libPowerHal: [PE] MTKPOWER_HINT_APP_TOUCH update cmd:410000, param:1, pr:3
4958-07-04 05:04:17.879   967  1033 I libPowerHal: value: 1
4959-07-04 05:04:17.879   967  1033 I libPowerHal: [PE] MTKPOWER_HINT_APP_TOUCH update cmd:410000 param:1 pr:3
4960-07-04 05:04:17.880   967  1033 I libPowerHal: [perfLockAcq] Done for hdl : 65256
4961-07-04 05:04:17.907  1617  1663 I mtkpower_client: perf_lock_acq, hdl:65248, dur:2000, num:8, pid:1617, tid:1663
4962-07-04 05:04:17.908  1617  1663 I mtkpower_client: ret_hdl:65257
4963-07-04 05:04:17.909   967  1033 I libPowerHal: [setGPUFreq] system_server user set gpu freq min:0, max:-1
4964-07-04 05:04:17.909   967  1033 I libPowerHal: [perfLockAcq] Done for hdl : 65257
4965-07-04 05:04:17.927  1617  1639 I mtkpower_client: perf_lock_acq, hdl:65254, dur:3000, num:4, pid:1617, tid:1639
4966-07-04 05:04:17.928   967  1033 I libPowerHal: [perfLockRel] hdl:65253, idx:2
4967-07-04 05:04:17.929   967  1033 I libPowerHal: [recordCPUFreqInfo] set cluster[0] min(system_server): 1700000 max(-1): -1 cluster[1] min(system_server): 2000000 max(-1): -1
4968-07-04 05:04:17.929   967  1033 I libPowerHal: [perfLockRel] Done for hdl : 65253
4969-07-04 05:04:17.930   967  1033 I libPowerHal: cmdSetting - unknown cmd:340c300, scmd:(null) ,param_1:1
4970-07-04 05:04:17.931   967  1033 I libPowerHal: [fpsgo_ctrl_render_thread] 5285, 0xb40000795b44e7a0
4971-07-04 05:04:17.931   967  1033 I libPowerHal: [PE] system_server update ONESHOT(set) cmd:2000300 param:5285 pr:3
4972-07-04 05:04:17.931   967  1033 I libPowerHal: [perfLockAcq] Done for hdl : 65258
4973-07-04 05:04:17.931  1617  1639 I mtkpower_client: ret_hdl:65258
4974-07-04 05:04:17.937  5245  5706 I PowerHalMgrImpl: hdl:65258, pid:5245 
4975-07-04 05:04:17.938  1617  1639 I mtkpower_client: perf_lock_rel, hdl:65258, pid: 1617, tid:1639
4976-07-04 05:04:17.938   967  1033 I libPowerHal: [perfLockRel] hdl:65258, idx:2
4977-07-04 05:04:17.939  1617  1639 I mtkpower_client: perf_lock_acq, hdl:65258, dur:3000, num:4, pid:1617, tid:1639
4978-07-04 05:04:17.939   967  1033 I libPowerHal: [fpsgo_ctrl_render_thread] 5285, 0xb40000795b44e7a0
4979-07-04 05:04:17.939   967  1033 I libPowerHal: [PD] system_server update ONESHOT(unset) cmd:2000300 param:5285 pr:3
4980-07-04 05:04:17.940   967  1033 I libPowerHal: [perfLockRel] Done for hdl : 65258
4981-07-04 05:04:17.941  1617  1639 I mtkpower_client: ret_hdl:65259
4982-07-04 05:04:17.941   967  1033 I libPowerHal: cmdSetting - unknown cmd:340c300, scmd:(null) ,param_1:1
4983-07-04 05:04:17.941  5245  5706 I PowerHalMgrImpl: hdl:65259, pid:5245 
4984-07-04 05:04:17.941   967  1033 I libPowerHal: [PE] system_server update cmd:3408500, param:0, pr:3
4985-07-04 05:04:17.941  1617  1639 I mtkpower_client: perf_lock_rel, hdl:65259, pid: 1617, tid:1639
4986-07-04 05:04:17.941   967  1033 I libPowerHal: [touch_boost_enabled] value:0
4987-07-04 05:04:17.941   967  1033 I libPowerHal: [PE] system_server update cmd:3408500 param:0 pr:3
4988-07-04 05:04:17.942   967  1033 I libPowerHal: [perfLockAcq] Done for hdl : 65259
4989-07-04 05:04:17.942   967  1023 I libPowerHal: [force_stop_touch_boost] force stop touch boost,
4990-07-04 05:04:17.944   967  1033 I libPowerHal: [perfLockRel] hdl:65259, idx:2
--
5088-07-04 05:04:18.272   967  1033 I libPowerHal: [PE] MTKPOWER_HINT_UX_SCROLLING update cmd:404000 param:3000000 pr:3
5089-07-04 05:04:18.272   967  1033 I libPowerHal: [PE] MTKPOWER_HINT_UX_SCROLLING update cmd:404100 param:3000000 pr:3
5090-07-04 05:04:18.272   967  1033 I libPowerHal: [recordCPUFreqInfo] set cluster[0] min(system_server): 1700000 max(MTKPOWER_HINT_UX_SCROLLING): -1 cluster[1] min(system_server): 2000000 max(MTKPOWER_HINT_UX_SCROLLING): -1
5091-07-04 05:04:18.272   967  1033 I libPowerHal: [perfLockAcq] Done for hdl : 65268
5092-07-04 05:04:18.273   967  1033 I libPowerHal: [perfLockAcq] Done for hdl : 65269
5093-07-04 05:04:18.274   967  1033 I libPowerHal: [perfLockRel] hdl:65261, idx:1
5094-07-04 05:04:18.274   967  1033 I libPowerHal: [perfLockRel] Done for hdl : 65261
5095-07-04 05:04:18.276  1617  1639 I mtkpower_client: ret_hdl:65270
5096-07-04 05:04:18.276   967  1033 I libPowerHal: cmdSetting - unknown cmd:340c300, scmd:(null) ,param_1:1
5097-07-04 05:04:18.276   967  1033 I libPowerHal: [perfLockAcq] Done for hdl : 65270
5098-07-04 05:04:18.277  5245  5706 I PowerHalMgrImpl: hdl:65270, pid:5245 
5099-07-04 05:04:18.277  1617  1639 I mtkpower_client: perf_lock_rel, hdl:65270, pid: 1617, tid:1639
5100-07-04 05:04:18.277   967  1033 I libPowerHal: [perfLockRel] hdl:65265, idx:3
5101-07-04 05:04:18.278   967  1033 I libPowerHal: [perfLockRel] Done for hdl : 65265
5102-07-04 05:04:18.279   967  1033 I libPowerHal: [perfLockRel] hdl:65270, idx:1
5103-07-04 05:04:18.281   967  1033 I libPowerHal: [perfLockRel] Done for hdl : 65270
5104-07-04 05:04:18.300  1617  1639 I mtkpower_client: [PowerHal_Wrap_notifyAppState] com.google.android.setupwizard/com.google.android.setupwizard pid=6800 activityId:6800 state:3
5105-07-04 05:04:18.300   965   965 I MTK_APPList: [notifyAPPstate] com.google.android.setupwizard/com.google.android.setupwizard, pid=6800, activityId=6800, uid=1110242, state:DEAD, fps:-1, win:1
5106-07-04 05:04:18.301   965   965 I MTK_APPList: [notifyAPPstate] multi_resumed_app_count: 2
5107-07-04 05:04:18.301   965   965 I MTK_APPList: [notifyAPPstate] multi_resumed_app_info[0] com.termux/com.termux.app.TermuxActivity, pid:32294, activityId:49262800, fps:-1, isMultiWindow:1
5108:07-04 05:04:18.301   965   965 I MTK_APPList: [notifyAPPstate] multi_resumed_app_info[1] com.assistant.overlay/com.assistant.overlay.ui.AnalyticsTheaterActivity, pid:5245, activityId:180656082, fps:-1, isMultiWindow:0
5109-07-04 05:04:18.301   965   965 I MTK_APPList: [getForegroundAPPCount] 2
5110-07-04 05:04:18.301   965   965 I MTK_APPList: [notifyAPPstate] pack:com.google.android.setupwizard, pid:6800, STATE_DEAD
5111-07-04 05:04:18.301   965   965 I MTK_APPList: [notifyNetdUID] 10335
5112-07-04 05:04:18.302   965   965 I MTK_APPList: [notifyPID] 5245
5113-07-04 05:04:18.303   967  1033 I libPowerHal: [perfSetSysInfo] pid type:24, 5245
5114-07-04 05:04:18.328  1222  1261 I misight : OnEvent EventPrivacyCompliance event=915100004
5115-07-04 05:04:18.328  1222  1261 D misight : ProcessEvent devVersion==OS3.0.302.0.WBNMIXM,faultLevel=2,prv=3 region=eea
5116-07-04 05:04:18.329  1222  1261 I misight : OnEvent EventStorageManager event=915100004,3
5117-07-04 05:04:18.329  1222  1261 D misight : ProcessNewDayEvent event happen time 1783137858,start time=1783119600,restart=1
5118-07-04 05:04:18.329  1222  1261 D misight : ProcessNewDayEvent event happen time 1783137858, last=1783137858,start time=1783119600,next day =1783206000, interval=68442
5119-07-04 05:04:18.329  1222  1261 D misight : Execute start execute sql /data/miuilog/misight/event.db:select id,event_id,daily_cnt,over_cnt,hour_cnt,next_expire_time,last_happen_time,last_log_time from event_daily where event_id = '915100004' limit 1
5120-07-04 05:04:18.329  1222  1261 D misight : DetectDropByTime event 915100004 parser maxCnt=200 lastTime=1783137755 same=0, overCnt=1575,dailyCnt=99,hourCnt=3
5121-07-04 05:04:18.329  1222  1261 I misight : DetectDropEvent event 915100004 over hour cnt drop it, hourCnt=4 halfCnt=3, maxCnt=200 punishSecond=674,space=103
5122-07-04 05:04:18.329  1222  1261 D misight : Execute start execute sql /data/miuilog/misight/event.db:update event_daily set  daily_cnt=99, hour_cnt=3, next_expire_time=1783141341, over_cnt=1576, last_happen_time=1783137755, last_log_time=0  where id = '3'
5123-07-04 05:04:18.331  1222  1261 I misight : OnEvent HighProbFaultDetect 915100004
5124-07-04 05:04:18.331  1222  1261 D misight : OnEvent high fault expired
5125-07-04 05:04:18.331  1222  1261 I misight : OnEvent EventLogProcessor event=915100004,3
5126-07-04 05:04:18.331  1222  1261 I misight : OnEvent EventInfoPack event 915100004
5127-07-04 05:04:18.416   967  1033 I libPowerHal: [PE] MTKPOWER_HINT_APP_TOUCH update cmd:1408300, param:100, pr:3
5128-07-04 05:04:18.416   967  1033 I libPowerHal: [PE] MTKPOWER_HINT_APP_TOUCH update cmd:410000, param:1, pr:3
5129-07-04 05:04:18.416   967  1033 I libPowerHal: value: 1
5130-07-04 05:04:18.416   967  1033 I libPowerHal: [PE] MTKPOWER_HINT_APP_TOUCH update cmd:410000 param:1 pr:3
5131-07-04 05:04:18.416   967  1033 I libPowerHal: [perfLockAcq] Done for hdl : 65271
5132-07-04 05:04:18.439  1617  1663 I mtkpower_client: perf_lock_acq, hdl:65265, dur:2000, num:8, pid:1617, tid:1663
5133-07-04 05:04:18.440  1617  1663 I mtkpower_client: ret_hdl:65272
5134-07-04 05:04:18.441   967  1033 I libPowerHal: [setGPUFreq] system_server user set gpu freq min:0, max:-1
5135-07-04 05:04:18.441   967  1033 I libPowerHal: [perfLockAcq] Done for hdl : 65272
5136-07-04 05:04:18.462  1617  1881 I mtkpower_client: perf_lock_acq, hdl:65270, dur:3000, num:4, pid:1617, tid:1881
5137-07-04 05:04:18.463   967  1033 I libPowerHal: cmdSetting - unknown cmd:340c300, scmd:(null) ,param_1:1
5138-07-04 05:04:18.463   967  1033 I libPowerHal: [fpsgo_ctrl_render_thread] 5285, 0xb40000795b45b6e0
5139-07-04 05:04:18.463  1617  1881 I mtkpower_client: ret_hdl:65273
5140-07-04 05:04:18.463   967  1033 I libPowerHal: [PE] system_server update ONESHOT(set) cmd:2000300 param:5285 pr:3
5141-07-04 05:04:18.464   967  1033 I libPowerHal: [perfLockAcq] Done for hdl : 65273
5142-07-04 05:04:18.464  5245  5706 I PowerHalMgrImpl: hdl:65273, pid:5245 
5143-07-04 05:04:18.465  1617  5097 I mtkpower_client: perf_lock_rel, hdl:65273, pid: 1617, tid:5097
5144-07-04 05:04:18.465   967  1033 I libPowerHal: [perfLockRel] hdl:65268, idx:2
5145-07-04 05:04:18.466   967  1033 I libPowerHal: [recordCPUFreqInfo] set cluster[0] min(system_server): 1700000 max(-1): -1 cluster[1] min(system_server): 2000000 max(-1): -1
5146-07-04 05:04:18.466   967  1033 I libPowerHal: [perfLockRel] Done for hdl : 65268
5147-07-04 05:04:18.467  1617  3238 I mtkpower_client: perf_lock_acq, hdl:65273, dur:3000, num:4, pid:1617, tid:3238
5148-07-04 05:04:18.468   967  1033 I libPowerHal: [perfLockRel] hdl:65273, idx:6
--
5175-07-04 05:04:18.498   967  1033 I libPowerHal: [perfLockAcq] Done for hdl : 65275
5176-07-04 05:04:18.499  1617  1663 I mtkpower_client: perf_lock_rel, hdl:65272, pid: 1617, tid:1663
5177-07-04 05:04:18.500   967  1033 I libPowerHal: [perfLockAcq] Done for hdl : 65276
5178-07-04 05:04:18.500   967  1033 I libPowerHal: [perfLockRel] hdl:65269, idx:4
5179-07-04 05:04:18.501   967  1033 I libPowerHal: [perfLockRel] Done for hdl : 65269
5180-07-04 05:04:18.502   967  1033 I libPowerHal: [perfLockRel] hdl:65272, idx:3
5181-07-04 05:04:18.504   967  1033 I libPowerHal: [perfLockRel] Done for hdl : 65272
5182-07-04 05:04:18.504  1617  2717 I mtkpower_client: perf_lock_acq, hdl:65274, dur:3000, num:4, pid:1617, tid:2717
5183-07-04 05:04:18.510   967  1033 I libPowerHal: [PE] MTKPOWER_HINT_UX_SCROLLING update cmd:1408300, param:60, pr:3
5184-07-04 05:04:18.511   967  1033 I libPowerHal: [PE] MTKPOWER_HINT_UX_SCROLLING update cmd:404000 param:3000000 pr:3
5185-07-04 05:04:18.511   967  1033 I libPowerHal: [PE] MTKPOWER_HINT_UX_SCROLLING update cmd:404100 param:3000000 pr:3
5186-07-04 05:04:18.511   967  1033 I libPowerHal: [recordCPUFreqInfo] set cluster[0] min(system_server): 1700000 max(MTKPOWER_HINT_UX_SCROLLING): -1 cluster[1] min(system_server): 2000000 max(MTKPOWER_HINT_UX_SCROLLING): -1
5187-07-04 05:04:18.511   967  1033 I libPowerHal: [perfLockAcq] Done for hdl : 65277
5188-07-04 05:04:18.512   967  1033 I libPowerHal: cmdSetting - unknown cmd:340c300, scmd:(null) ,param_1:1
5189-07-04 05:04:18.513   967  1033 I libPowerHal: [perfLockAcq] Done for hdl : 65278
5190-07-04 05:04:18.514  1617  2717 I mtkpower_client: ret_hdl:65278
5191-07-04 05:04:18.517  5245  5706 I PowerHalMgrImpl: hdl:65278, pid:5245 
5192-07-04 05:04:18.518  1617  4081 I mtkpower_client: perf_lock_rel, hdl:65278, pid: 1617, tid:4081
5193-07-04 05:04:18.519   967  1033 I libPowerHal: [perfLockRel] hdl:65278, idx:3
5194-07-04 05:04:18.519   967  1033 I libPowerHal: [perfLockRel] Done for hdl : 65278
5195:07-04 05:04:18.720  1007  1007 I BufferQueueProducer: [com.assistant.overlay/com.assistant.overlay.ui.AnalyticsTheaterActivity#15601](this:0xb400006f4aa18500,id:-1,api:0,p:-1,c:1007) queueBuffer: fps=86.08 dur=1010.73 max=22.29 min=10.58
5196-07-04 05:04:18.723  1007  1007 I BufferQueueProducer: [FramebufferSurface](this:0xb400006eaa4d6290,id:-1,api:1,p:1007,c:1007) queueBuffer: fps=86.16 dur=1009.71 max=22.61 min=9.23
5197-07-04 05:04:18.763  1617  1639 I mtkpower_client: [PowerHal_Wrap_notifyAppState] com.google.android.inputmethod.latin/com.google.android.inputmethod.latin pid=6827 activityId:6827 state:3
5198-07-04 05:04:18.763   965   965 I MTK_APPList: [notifyAPPstate] com.google.android.inputmethod.latin/com.google.android.inputmethod.latin, pid=6827, activityId=6827, uid=1110181, state:DEAD, fps:-1, win:1
5199-07-04 05:04:18.765   965   965 I MTK_APPList: [notifyAPPstate] multi_resumed_app_count: 2
5200-07-04 05:04:18.765   965   965 I MTK_APPList: [notifyAPPstate] multi_resumed_app_info[0] com.termux/com.termux.app.TermuxActivity, pid:32294, activityId:49262800, fps:-1, isMultiWindow:1
5201:07-04 05:04:18.765   965   965 I MTK_APPList: [notifyAPPstate] multi_resumed_app_info[1] com.assistant.overlay/com.assistant.overlay.ui.AnalyticsTheaterActivity, pid:5245, activityId:180656082, fps:-1, isMultiWindow:0
5202-07-04 05:04:18.765   965   965 I MTK_APPList: [getForegroundAPPCount] 2
5203-07-04 05:04:18.765   965   965 I MTK_APPList: [notifyAPPstate] pack:com.google.android.inputmethod.latin, pid:6827, STATE_DEAD
5204-07-04 05:04:18.765   965   965 I MTK_APPList: [notifyNetdUID] 10335
5205-07-04 05:04:18.766   965   965 I MTK_APPList: [notifyPID] 5245
5206-07-04 05:04:18.766   967  1033 I libPowerHal: [perfSetSysInfo] pid type:24, 5245
5207-07-04 05:04:18.897  1617  1640 I mtkpower_client: [PowerHal_Wrap_notifyAppState] com.google.android.setupwizard/com.google.android.setupwizard pid=6888 activityId:6888 state:3
5208-07-04 05:04:18.900   965   965 I MTK_APPList: [notifyAPPstate] com.google.android.setupwizard/com.google.android.setupwizard, pid=6888, activityId=6888, uid=1110242, state:DEAD, fps:-1, win:1
5209-07-04 05:04:18.900   965   965 I MTK_APPList: [notifyAPPstate] multi_resumed_app_count: 2
5210-07-04 05:04:18.900   965   965 I MTK_APPList: [notifyAPPstate] multi_resumed_app_info[0] com.termux/com.termux.app.TermuxActivity, pid:32294, activityId:49262800, fps:-1, isMultiWindow:1
5211:07-04 05:04:18.900   965   965 I MTK_APPList: [notifyAPPstate] multi_resumed_app_info[1] com.assistant.overlay/com.assistant.overlay.ui.AnalyticsTheaterActivity, pid:5245, activityId:180656082, fps:-1, isMultiWindow:0
5212-07-04 05:04:18.900   965   965 I MTK_APPList: [getForegroundAPPCount] 2
5213-07-04 05:04:18.900   965   965 I MTK_APPList: [notifyAPPstate] pack:com.google.android.setupwizard, pid:6888, STATE_DEAD
5214-07-04 05:04:18.900   965   965 I MTK_APPList: [notifyNetdUID] 10335
5215-07-04 05:04:18.901   965   965 I MTK_APPList: [notifyPID] 5245
5216-07-04 05:04:18.902   967  1033 I libPowerHal: [perfSetSysInfo] pid type:24, 5245
5217-07-04 05:04:18.924   967  1033 I libPowerHal: [PE] MTKPOWER_HINT_APP_TOUCH update cmd:1408300, param:100, pr:3
5218-07-04 05:04:18.925   967  1033 I libPowerHal: [PE] MTKPOWER_HINT_APP_TOUCH update cmd:410000, param:1, pr:3
5219-07-04 05:04:18.925   967  1033 I libPowerHal: value: 1
5220-07-04 05:04:18.925   967  1033 I libPowerHal: [PE] MTKPOWER_HINT_APP_TOUCH update cmd:410000 param:1 pr:3
5221-07-04 05:04:18.925   967  1033 I libPowerHal: [perfLockAcq] Done for hdl : 65279
5222-07-04 05:04:18.998   967  1033 I libPowerHal: [perfLockRel] hdl:65279, idx:3
5223-07-04 05:04:18.999   967  1033 I libPowerHal: value: 0
5224-07-04 05:04:18.999   967  1033 I libPowerHal: [PD] MTKPOWER_HINT_APP_TOUCH update cmd:410000 param:0 pr:6
5225-07-04 05:04:19.000   967  1033 I libPowerHal: [perfLockRel] Done for hdl : 65279
5226-07-04 05:04:19.170   967  1033 I libPowerHal: [PE] MTKPOWER_HINT_APP_TOUCH update cmd:1408300, param:100, pr:3
5227-07-04 05:04:19.170   967  1033 I libPowerHal: [PE] MTKPOWER_HINT_APP_TOUCH update cmd:410000, param:1, pr:3
5228-07-04 05:04:19.170   967  1033 I libPowerHal: value: 1
5229-07-04 05:04:19.170   967  1033 I libPowerHal: [PE] MTKPOWER_HINT_APP_TOUCH update cmd:410000 param:1 pr:3
5230-07-04 05:04:19.170   967  1033 I libPowerHal: [perfLockAcq] Done for hdl : 65280
5231-07-04 05:04:19.232   967  1033 I libPowerHal: [perfLockRel] hdl:65280, idx:3
5232-07-04 05:04:19.233   967  1033 I libPowerHal: value: 0
5233-07-04 05:04:19.233   967  1033 I libPowerHal: [PD] MTKPOWER_HINT_APP_TOUCH update cmd:410000 param:0 pr:6
5234-07-04 05:04:19.234   967  1033 I libPowerHal: [perfLockRel] Done for hdl : 65280
5235-07-04 05:04:19.239  1617  2716 I mtkpower_client: [PowerHal_Wrap_notifyAppState] com.google.android.inputmethod.latin/com.google.android.inputmethod.latin pid=6919 activityId:6919 state:3
5236-07-04 05:04:19.240   965   965 I MTK_APPList: [notifyAPPstate] com.google.android.inputmethod.latin/com.google.android.inputmethod.latin, pid=6919, activityId=6919, uid=1110181, state:DEAD, fps:-1, win:1
5237-07-04 05:04:19.240   965   965 I MTK_APPList: [notifyAPPstate] multi_resumed_app_count: 2
5238-07-04 05:04:19.240   965   965 I MTK_APPList: [notifyAPPstate] multi_resumed_app_info[0] com.termux/com.termux.app.TermuxActivity, pid:32294, activityId:49262800, fps:-1, isMultiWindow:1
5239:07-04 05:04:19.240   965   965 I MTK_APPList: [notifyAPPstate] multi_resumed_app_info[1] com.assistant.overlay/com.assistant.overlay.ui.AnalyticsTheaterActivity, pid:5245, activityId:180656082, fps:-1, isMultiWindow:0
5240-07-04 05:04:19.240   965   965 I MTK_APPList: [getForegroundAPPCount] 2
5241-07-04 05:04:19.240   965   965 I MTK_APPList: [notifyAPPstate] pack:com.google.android.inputmethod.latin, pid:6919, STATE_DEAD
5242-07-04 05:04:19.240   965   965 I MTK_APPList: [notifyNetdUID] 10335
5243-07-04 05:04:19.242   965   965 I MTK_APPList: [notifyPID] 5245
5244-07-04 05:04:19.242   967  1033 I libPowerHal: [perfSetSysInfo] pid type:24, 5245
5245-07-04 05:04:19.276  1007  1007 I BufferQueueProducer: [StatusBar#119](this:0xb400006f4a9a38f0,id:-1,api:0,p:-1,c:1007) queueBuffer: fps=0.86 dur=1166.03 max=1166.03 min=1166.03
5246-07-04 05:04:19.287  1007  1007 I BufferQueueProducer: [StatusBar1#124](this:0xb400006f4a9ba570,id:-1,api:0,p:-1,c:1007) queueBuffer: fps=0.85 dur=1176.85 max=1176.85 min=1176.85
5247-07-04 05:04:19.312   967  1033 I libPowerHal: [PE] MTKPOWER_HINT_APP_TOUCH update cmd:1408300, param:100, pr:3
5248-07-04 05:04:19.312   967  1033 I libPowerHal: [PE] MTKPOWER_HINT_APP_TOUCH update cmd:410000, param:1, pr:3
5249-07-04 05:04:19.312   967  1033 I libPowerHal: value: 1
5250-07-04 05:04:19.312   967  1033 I libPowerHal: [PE] MTKPOWER_HINT_APP_TOUCH update cmd:410000 param:1 pr:3
5251-07-04 05:04:19.312   967  1033 I libPowerHal: [perfLockAcq] Done for hdl : 65281
5252-07-04 05:04:19.387   967  1033 I libPowerHal: [perfLockRel] hdl:65281, idx:3
5253-07-04 05:04:19.388   967  1033 I libPowerHal: value: 0
5254-07-04 05:04:19.389   967  1033 I libPowerHal: [PD] MTKPOWER_HINT_APP_TOUCH update cmd:410000 param:0 pr:6
5255-07-04 05:04:19.389   967  1033 I libPowerHal: [perfLockRel] Done for hdl : 65281
5256-07-04 05:04:19.457   967  1033 I mtkpower@impl: [powerd_req] TIMER_MSG_PERF_LOCK_TIMEOUT hdl:65275
5257-07-04 05:04:19.457   967  1033 I libPowerHal: [perfLockRel] hdl:65275, idx:0
5258-07-04 05:04:19.458   967  1033 I libPowerHal: [PD] system_server update cmd:400000 param:1075000 pr:3
5259-07-04 05:04:19.458   967  1033 I libPowerHal: [PD] system_server update cmd:400100 param:1162000 pr:3
5260-07-04 05:04:19.459   967  1033 I libPowerHal: [recordCPUFreqInfo] set cluster[0] min(MTKPOWER_HINT_UX_SCROLLING): 1075000 max(MTKPOWER_HINT_UX_SCROLLING): -1 cluster[1] min(MTKPOWER_HINT_UX_SCROLLING): 1162000 max(MTKPOWER_HINT_UX_SCROLLING): -1
5261-07-04 05:04:19.459   967  1033 I libPowerHal: [perfLockRel] Done for hdl : 65275
5262-07-04 05:04:19.469  1617  1639 I mtkpower_client: [PowerHal_Wrap_notifyAppState] com.google.android.setupwizard/com.google.android.setupwizard pid=6981 activityId:6981 state:3
5263-07-04 05:04:19.470   965   965 I MTK_APPList: [notifyAPPstate] com.google.android.setupwizard/com.google.android.setupwizard, pid=6981, activityId=6981, uid=1110242, state:DEAD, fps:-1, win:1
5264-07-04 05:04:19.470   965   965 I MTK_APPList: [notifyAPPstate] multi_resumed_app_count: 2
5265-07-04 05:04:19.470   965   965 I MTK_APPList: [notifyAPPstate] multi_resumed_app_info[0] com.termux/com.termux.app.TermuxActivity, pid:32294, activityId:49262800, fps:-1, isMultiWindow:1
5266:07-04 05:04:19.470   965   965 I MTK_APPList: [notifyAPPstate] multi_resumed_app_info[1] com.assistant.overlay/com.assistant.overlay.ui.AnalyticsTheaterActivity, pid:5245, activityId:180656082, fps:-1, isMultiWindow:0
5267-07-04 05:04:19.470   965   965 I MTK_APPList: [getForegroundAPPCount] 2
5268-07-04 05:04:19.470   965   965 I MTK_APPList: [notifyAPPstate] pack:com.google.android.setupwizard, pid:6981, STATE_DEAD
5269-07-04 05:04:19.470   965   965 I MTK_APPList: [notifyNetdUID] 10335
5270-07-04 05:04:19.471   965   965 I MTK_APPList: [notifyPID] 5245
5271-07-04 05:04:19.472   967  1033 I libPowerHal: [perfSetSysInfo] pid type:24, 5245
5272-07-04 05:04:19.500   967  1033 I libPowerHal: [PE] MTKPOWER_HINT_APP_TOUCH update cmd:1408300, param:100, pr:3
5273-07-04 05:04:19.500   967  1033 I libPowerHal: [PE] MTKPOWER_HINT_APP_TOUCH update cmd:410000, param:1, pr:3
5274-07-04 05:04:19.501   967  1033 I libPowerHal: [PE] MTKPOWER_HINT_APP_TOUCH update cmd:400000 param:1700000 pr:3
5275-07-04 05:04:19.501   967  1033 I libPowerHal: [PE] MTKPOWER_HINT_APP_TOUCH update cmd:400100 param:2000000 pr:3
5276-07-04 05:04:19.501   967  1033 I libPowerHal: value: 1
5277-07-04 05:04:19.501   967  1033 I libPowerHal: [PE] MTKPOWER_HINT_APP_TOUCH update cmd:410000 param:1 pr:3
5278-07-04 05:04:19.501   967  1033 I libPowerHal: [setDvfsrcDevFreqOpp] opp:0, freq:3600000000
5279-07-04 05:04:19.501   967  1033 I libPowerHal: [PE] MTKPOWER_HINT_APP_TOUCH update cmd:1000000 param:0 pr:3
5280-07-04 05:04:19.501   967  1033 I libPowerHal: [recordCPUFreqInfo] set cluster[0] min(MTKPOWER_HINT_APP_TOUCH): 1700000 max(MTKPOWER_HINT_UX_SCROLLING): -1 cluster[1] min(MTKPOWER_HINT_APP_TOUCH): 2000000 max(MTKPOWER_HINT_UX_SCROLLING): -1
5281-07-04 05:04:19.501   967  1033 I libPowerHal: [perfLockAcq] Done for hdl : 65282
5282-07-04 05:04:19.599   967  1033 I libPowerHal: [perfLockRel] hdl:65282, idx:0
5283-07-04 05:04:19.600   967  1033 I libPowerHal: [PD] MTKPOWER_HINT_APP_TOUCH update cmd:400000 param:1075000 pr:3
5284-07-04 05:04:19.600   967  1033 I libPowerHal: [PD] MTKPOWER_HINT_APP_TOUCH update cmd:400100 param:1162000 pr:3
5285-07-04 05:04:19.601   967  1033 I libPowerHal: value: 0
5286-07-04 05:04:19.601   967  1033 I libPowerHal: [PD] MTKPOWER_HINT_APP_TOUCH update cmd:410000 param:0 pr:6
5287-07-04 05:04:19.602   967  1033 I libPowerHal: [recordCPUFreqInfo] set cluster[0] min(MTKPOWER_HINT_UX_SCROLLING): 1075000 max(MTKPOWER_HINT_UX_SCROLLING): -1 cluster[1] min(MTKPOWER_HINT_UX_SCROLLING): 1162000 max(MTKPOWER_HINT_UX_SCROLLING): -1
5288-07-04 05:04:19.602   967  1033 I libPowerHal: [perfLockRel] Done for hdl : 65282
5289-07-04 05:04:19.610   967  1033 I mtkpower@impl: [powerd_req] TIMER_MSG_PERF_LOCK_TIMEOUT hdl:65276
5290-07-04 05:04:19.610   967  1033 I libPowerHal: [perfLockRel] hdl:65276, idx:1
5291-07-04 05:04:19.612   967  1033 I libPowerHal: [perfLockRel] Done for hdl : 65276
5292-07-04 05:04:19.738  1007  1007 I BufferQueueProducer: [FramebufferSurface](this:0xb400006eaa4d6290,id:-1,api:1,p:1007,c:1007) queueBuffer: fps=31.52 dur=1015.25 max=163.97 min=9.36
5293-07-04 05:04:19.819  1617  1639 I mtkpower_client: [PowerHal_Wrap_notifyAppState] com.google.android.inputmethod.latin/com.google.android.inputmethod.latin pid=7003 activityId:7003 state:3
5294-07-04 05:04:19.819   965   965 I MTK_APPList: [notifyAPPstate] com.google.android.inputmethod.latin/com.google.android.inputmethod.latin, pid=7003, activityId=7003, uid=1110181, state:DEAD, fps:-1, win:1
5295-07-04 05:04:19.820   965   965 I MTK_APPList: [notifyAPPstate] multi_resumed_app_count: 2
5296-07-04 05:04:19.820   965   965 I MTK_APPList: [notifyAPPstate] multi_resumed_app_info[0] com.termux/com.termux.app.TermuxActivity, pid:32294, activityId:49262800, fps:-1, isMultiWindow:1
5297:07-04 05:04:19.820   965   965 I MTK_APPList: [notifyAPPstate] multi_resumed_app_info[1] com.assistant.overlay/com.assistant.overlay.ui.AnalyticsTheaterActivity, pid:5245, activityId:180656082, fps:-1, isMultiWindow:0
5298-07-04 05:04:19.820   965   965 I MTK_APPList: [getForegroundAPPCount] 2
5299-07-04 05:04:19.820   965   965 I MTK_APPList: [notifyAPPstate] pack:com.google.android.inputmethod.latin, pid:7003, STATE_DEAD
5300-07-04 05:04:19.820   965   965 I MTK_APPList: [notifyNetdUID] 10335
5301-07-04 05:04:19.824   965   965 I MTK_APPList: [notifyPID] 5245
5302-07-04 05:04:19.825   967  1033 I libPowerHal: [perfSetSysInfo] pid type:24, 5245
5303-07-04 05:04:20.049  1617  1880 I mtkpower_client: [PowerHal_Wrap_notifyAppState] com.facebook.system/com.facebook.system pid=5954 activityId:5954 state:3
5304-07-04 05:04:20.050   965   965 I MTK_APPList: [notifyAPPstate] com.facebook.system/com.facebook.system, pid=5954, activityId=5954, uid=10107, state:DEAD, fps:-1, win:1
5305-07-04 05:04:20.050   965   965 I MTK_APPList: [notifyAPPstate] multi_resumed_app_count: 2
5306-07-04 05:04:20.050   965   965 I MTK_APPList: [notifyAPPstate] multi_resumed_app_info[0] com.termux/com.termux.app.TermuxActivity, pid:32294, activityId:49262800, fps:-1, isMultiWindow:1
5307:07-04 05:04:20.050   965   965 I MTK_APPList: [notifyAPPstate] multi_resumed_app_info[1] com.assistant.overlay/com.assistant.overlay.ui.AnalyticsTheaterActivity, pid:5245, activityId:180656082, fps:-1, isMultiWindow:0
5308-07-04 05:04:20.050   965   965 I MTK_APPList: [getForegroundAPPCount] 2
5309-07-04 05:04:20.050   965   965 I MTK_APPList: [notifyAPPstate] pack:com.facebook.system, pid:5954, STATE_DEAD
5310-07-04 05:04:20.050   965   965 I MTK_APPList: [notifyNetdUID] 10335
5311-07-04 05:04:20.050   965   965 I MTK_APPList: [notifyPID] 5245
5312-07-04 05:04:20.051   967  1033 I libPowerHal: [perfSetSysInfo] pid type:24, 5245
5313-07-04 05:04:20.147   967  1033 I libPowerHal: [PE] MTKPOWER_HINT_APP_TOUCH update cmd:1408300, param:100, pr:3
5314-07-04 05:04:20.148   967  1033 I libPowerHal: [PE] MTKPOWER_HINT_APP_TOUCH update cmd:410000, param:1, pr:3
5315-07-04 05:04:20.148   967  1033 I libPowerHal: [PE] MTKPOWER_HINT_APP_TOUCH update cmd:400000 param:1700000 pr:3
5316-07-04 05:04:20.148   967  1033 I libPowerHal: [PE] MTKPOWER_HINT_APP_TOUCH update cmd:400100 param:2000000 pr:3
5317-07-04 05:04:20.148   967  1033 I libPowerHal: value: 1
5318-07-04 05:04:20.149   967  1033 I libPowerHal: [PE] MTKPOWER_HINT_APP_TOUCH update cmd:410000 param:1 pr:3
5319-07-04 05:04:20.149   967  1033 I libPowerHal: [setDvfsrcDevFreqOpp] opp:0, freq:3600000000
5320-07-04 05:04:20.149   967  1033 I libPowerHal: [PE] MTKPOWER_HINT_APP_TOUCH update cmd:1000000 param:0 pr:3
5321-07-04 05:04:20.149   967  1033 I libPowerHal: [recordCPUFreqInfo] set cluster[0] min(MTKPOWER_HINT_APP_TOUCH): 1700000 max(MTKPOWER_HINT_UX_SCROLLING): -1 cluster[1] min(MTKPOWER_HINT_APP_TOUCH): 2000000 max(MTKPOWER_HINT_UX_SCROLLING): -1
5322-07-04 05:04:20.151   967  1033 I libPowerHal: [perfLockAcq] Done for hdl : 65283
5323-07-04 05:04:20.234   967  1033 I libPowerHal: [perfLockRel] hdl:65283, idx:0
5324-07-04 05:04:20.235   967  1033 I libPowerHal: [PD] MTKPOWER_HINT_APP_TOUCH update cmd:400000 param:1075000 pr:3
5325-07-04 05:04:20.235   967  1033 I libPowerHal: [PD] MTKPOWER_HINT_APP_TOUCH update cmd:400100 param:1162000 pr:3
5326-07-04 05:04:20.235   967  1033 I libPowerHal: value: 0
5327-07-04 05:04:20.235   967  1033 I libPowerHal: [PD] MTKPOWER_HINT_APP_TOUCH update cmd:410000 param:0 pr:6
5328-07-04 05:04:20.236   967  1033 I libPowerHal: [recordCPUFreqInfo] set cluster[0] min(MTKPOWER_HINT_UX_SCROLLING): 1075000 max(MTKPOWER_HINT_UX_SCROLLING): -1 cluster[1] min(MTKPOWER_HINT_UX_SCROLLING): 1162000 max(MTKPOWER_HINT_UX_SCROLLING): -1
5329-07-04 05:04:20.236   967  1033 I libPowerHal: [perfLockRel] Done for hdl : 65283
5330:07-04 05:04:20.264  1007  1007 I BufferQueueProducer: [com.assistant.overlay/com.assistant.overlay.ui.AnalyticsTheaterActivity#15601](this:0xb400006f4aa18500,id:-1,api:0,p:-1,c:1007) queueBuffer: fps=17.49 dur=1543.99 max=632.90 min=10.74
5331-07-04 05:04:20.385   967  1033 I libPowerHal: [PE] MTKPOWER_HINT_APP_TOUCH update cmd:1408300, param:100, pr:3
5332-07-04 05:04:20.385   967  1033 I libPowerHal: [PE] MTKPOWER_HINT_APP_TOUCH update cmd:410000, param:1, pr:3
5333-07-04 05:04:20.386   967  1033 I libPowerHal: [PE] MTKPOWER_HINT_APP_TOUCH update cmd:400000 param:1700000 pr:3
5334-07-04 05:04:20.386   967  1033 I libPowerHal: [PE] MTKPOWER_HINT_APP_TOUCH update cmd:400100 param:2000000 pr:3
5335-07-04 05:04:20.386   967  1033 I libPowerHal: value: 1
5336-07-04 05:04:20.386   967  1033 I libPowerHal: [PE] MTKPOWER_HINT_APP_TOUCH update cmd:410000 param:1 pr:3
5337-07-04 05:04:20.387   967  1033 I libPowerHal: [setDvfsrcDevFreqOpp] opp:0, freq:3600000000
5338-07-04 05:04:20.387   967  1033 I libPowerHal: [PE] MTKPOWER_HINT_APP_TOUCH update cmd:1000000 param:0 pr:3
5339-07-04 05:04:20.387   967  1033 I libPowerHal: [recordCPUFreqInfo] set cluster[0] min(MTKPOWER_HINT_APP_TOUCH): 1700000 max(MTKPOWER_HINT_UX_SCROLLING): -1 cluster[1] min(MTKPOWER_HINT_APP_TOUCH): 2000000 max(MTKPOWER_HINT_UX_SCROLLING): -1
5340-07-04 05:04:20.387   967  1033 I libPowerHal: [perfLockAcq] Done for hdl : 65284
5341-07-04 05:04:20.423  1617  4721 I mtkpower_client: [PowerHal_Wrap_notifyAppState] com.google.android.setupwizard/com.google.android.setupwizard pid=7071 activityId:7071 state:3
5342-07-04 05:04:20.423   965   965 I MTK_APPList: [notifyAPPstate] com.google.android.setupwizard/com.google.android.setupwizard, pid=7071, activityId=7071, uid=1110242, state:DEAD, fps:-1, win:1
5343-07-04 05:04:20.423   965   965 I MTK_APPList: [notifyAPPstate] multi_resumed_app_count: 2
5344-07-04 05:04:20.423   965   965 I MTK_APPList: [notifyAPPstate] multi_resumed_app_info[0] com.termux/com.termux.app.TermuxActivity, pid:32294, activityId:49262800, fps:-1, isMultiWindow:1
5345:07-04 05:04:20.423   965   965 I MTK_APPList: [notifyAPPstate] multi_resumed_app_info[1] com.assistant.overlay/com.assistant.overlay.ui.AnalyticsTheaterActivity, pid:5245, activityId:180656082, fps:-1, isMultiWindow:0
5346-07-04 05:04:20.423   965   965 I MTK_APPList: [getForegroundAPPCount] 2
5347-07-04 05:04:20.423   965   965 I MTK_APPList: [notifyAPPstate] pack:com.google.android.setupwizard, pid:7071, STATE_DEAD
5348-07-04 05:04:20.424   965   965 I MTK_APPList: [notifyNetdUID] 10335
5349-07-04 05:04:20.425   965   965 I MTK_APPList: [notifyPID] 5245
5350-07-04 05:04:20.426   967  1033 I libPowerHal: [perfSetSysInfo] pid type:24, 5245
5351-07-04 05:04:20.434   967  1033 I libPowerHal: [perfLockRel] hdl:65284, idx:0
5352-07-04 05:04:20.436   967  1033 I libPowerHal: [PD] MTKPOWER_HINT_APP_TOUCH update cmd:400000 param:1075000 pr:3
5353-07-04 05:04:20.436   967  1033 I libPowerHal: [PD] MTKPOWER_HINT_APP_TOUCH update cmd:400100 param:1162000 pr:3
5354-07-04 05:04:20.436   967  1033 I libPowerHal: value: 0
5355-07-04 05:04:20.436   967  1033 I libPowerHal: [PD] MTKPOWER_HINT_APP_TOUCH update cmd:410000 param:0 pr:6
5356-07-04 05:04:20.437   967  1033 I libPowerHal: [recordCPUFreqInfo] set cluster[0] min(MTKPOWER_HINT_UX_SCROLLING): 1075000 max(MTKPOWER_HINT_UX_SCROLLING): -1 cluster[1] min(MTKPOWER_HINT_UX_SCROLLING): 1162000 max(MTKPOWER_HINT_UX_SCROLLING): -1
5357-07-04 05:04:20.438   967  1033 I libPowerHal: [perfLockRel] Done for hdl : 65284
5358-07-04 05:04:20.466  1617  2713 I mtkpower_client: [PowerHal_Wrap_notifyAppState] com.google.android.inputmethod.latin/com.google.android.inputmethod.latin pid=7115 activityId:7115 state:3
5359-07-04 05:04:20.466   965   965 I MTK_APPList: [notifyAPPstate] com.google.android.inputmethod.latin/com.google.android.inputmethod.latin, pid=7115, activityId=7115, uid=1110181, state:DEAD, fps:-1, win:1
5360-07-04 05:04:20.466   965   965 I MTK_APPList: [notifyAPPstate] multi_resumed_app_count: 2
5361-07-04 05:04:20.466   965   965 I MTK_APPList: [notifyAPPstate] multi_resumed_app_info[0] com.termux/com.termux.app.TermuxActivity, pid:32294, activityId:49262800, fps:-1, isMultiWindow:1
5362:07-04 05:04:20.466   965   965 I MTK_APPList: [notifyAPPstate] multi_resumed_app_info[1] com.assistant.overlay/com.assistant.overlay.ui.AnalyticsTheaterActivity, pid:5245, activityId:180656082, fps:-1, isMultiWindow:0
5363-07-04 05:04:20.466   965   965 I MTK_APPList: [getForegroundAPPCount] 2
5364-07-04 05:04:20.466   965   965 I MTK_APPList: [notifyAPPstate] pack:com.google.android.inputmethod.latin, pid:7115, STATE_DEAD
5365-07-04 05:04:20.466   965   965 I MTK_APPList: [notifyNetdUID] 10335
5366-07-04 05:04:20.467   965   965 I MTK_APPList: [notifyPID] 5245
5367-07-04 05:04:20.468   967  1033 I libPowerHal: [perfSetSysInfo] pid type:24, 5245
5368-07-04 05:04:20.534   967  1033 I libPowerHal: [PE] MTKPOWER_HINT_APP_TOUCH update cmd:1408300, param:100, pr:3
5369-07-04 05:04:20.534   967  1033 I libPowerHal: [PE] MTKPOWER_HINT_APP_TOUCH update cmd:410000, param:1, pr:3
5370-07-04 05:04:20.535   967  1033 I libPowerHal: [PE] MTKPOWER_HINT_APP_TOUCH update cmd:400000 param:1700000 pr:3
5371-07-04 05:04:20.535   967  1033 I libPowerHal: [PE] MTKPOWER_HINT_APP_TOUCH update cmd:400100 param:2000000 pr:3
5372-07-04 05:04:20.536   967  1033 I libPowerHal: value: 1
5373-07-04 05:04:20.536   967  1033 I libPowerHal: [PE] MTKPOWER_HINT_APP_TOUCH update cmd:410000 param:1 pr:3
5374-07-04 05:04:20.536   967  1033 I libPowerHal: [setDvfsrcDevFreqOpp] opp:0, freq:3600000000
5375-07-04 05:04:20.536   967  1033 I libPowerHal: [PE] MTKPOWER_HINT_APP_TOUCH update cmd:1000000 param:0 pr:3
5376-07-04 05:04:20.536   967  1033 I libPowerHal: [recordCPUFreqInfo] set cluster[0] min(MTKPOWER_HINT_APP_TOUCH): 1700000 max(MTKPOWER_HINT_UX_SCROLLING): -1 cluster[1] min(MTKPOWER_HINT_APP_TOUCH): 2000000 max(MTKPOWER_HINT_UX_SCROLLING): -1
5377-07-04 05:04:20.536   967  1033 I libPowerHal: [perfLockAcq] Done for hdl : 65285
5378-07-04 05:04:20.598   967  1033 I libPowerHal: [perfLockRel] hdl:65285, idx:0
5379-07-04 05:04:20.599   967  1033 I libPowerHal: [PD] MTKPOWER_HINT_APP_TOUCH update cmd:400000 param:1075000 pr:3
5380-07-04 05:04:20.599   967  1033 I libPowerHal: [PD] MTKPOWER_HINT_APP_TOUCH update cmd:400100 param:1162000 pr:3
5381-07-04 05:04:20.600   967  1033 I libPowerHal: value: 0
5382-07-04 05:04:20.600   967  1033 I libPowerHal: [PD] MTKPOWER_HINT_APP_TOUCH update cmd:410000 param:0 pr:6
5383-07-04 05:04:20.601   967  1033 I libPowerHal: [recordCPUFreqInfo] set cluster[0] min(MTKPOWER_HINT_UX_SCROLLING): 1075000 max(MTKPOWER_HINT_UX_SCROLLING): -1 cluster[1] min(MTKPOWER_HINT_UX_SCROLLING): 1162000 max(MTKPOWER_HINT_UX_SCROLLING): -1
5384-07-04 05:04:20.601   967  1033 I libPowerHal: [perfLockRel] Done for hdl : 65285
5385-07-04 05:04:20.710   967  1033 I mtkpower@impl: [powerd_req] TIMER_MSG_PERF_LOCK_TIMEOUT hdl:65250
5386-07-04 05:04:20.710   967  1033 I libPowerHal: [perfLockRel] hdl:65250, idx:5
5387-07-04 05:04:20.711   967  1033 I libPowerHal: [PD] MTKPOWER_HINT_UX_SCROLLING_COMMON update cmd:1468000 param:1 pr:6
5388-07-04 05:04:20.712   967  1033 I libPowerHal: [perfLockRel] Done for hdl : 65250
5389-07-04 05:04:20.724   967  1033 I libPowerHal: [PE] MTKPOWER_HINT_UX_SCROLLING_COMMON update cmd:1468000 param:0 pr:3
5390-07-04 05:04:20.724   967  1033 I libPowerHal: [perfLockAcq] Done for hdl : 65286
5391-07-04 05:04:20.724   967  1033 I libPowerHal: [perfLockRel] hdl:65250, idx:-1
5392-07-04 05:04:20.767   967  1033 I libPowerHal: [PE] MTKPOWER_HINT_APP_TOUCH update cmd:1408300, param:100, pr:3
5393-07-04 05:04:20.767   967  1033 I libPowerHal: [PE] MTKPOWER_HINT_APP_TOUCH update cmd:410000, param:1, pr:3
5394-07-04 05:04:20.767   967  1033 I libPowerHal: [PE] MTKPOWER_HINT_APP_TOUCH update cmd:400000 param:1700000 pr:3
5395-07-04 05:04:20.767   967  1033 I libPowerHal: [PE] MTKPOWER_HINT_APP_TOUCH update cmd:400100 param:2000000 pr:3
5396-07-04 05:04:20.767   967  1033 I libPowerHal: value: 1
5397-07-04 05:04:20.767   967  1033 I libPowerHal: [PE] MTKPOWER_HINT_APP_TOUCH update cmd:410000 param:1 pr:3
5398-07-04 05:04:20.768   967  1033 I libPowerHal: [setDvfsrcDevFreqOpp] opp:0, freq:3600000000
5399-07-04 05:04:20.768   967  1033 I libPowerHal: [PE] MTKPOWER_HINT_APP_TOUCH update cmd:1000000 param:0 pr:3
5400-07-04 05:04:20.768   967  1033 I libPowerHal: [recordCPUFreqInfo] set cluster[0] min(MTKPOWER_HINT_APP_TOUCH): 1700000 max(MTKPOWER_HINT_UX_SCROLLING): -1 cluster[1] min(MTKPOWER_HINT_APP_TOUCH): 2000000 max(MTKPOWER_HINT_UX_SCROLLING): -1
5401-07-04 05:04:20.768   967  1033 I libPowerHal: [perfLockAcq] Done for hdl : 65287
5402-07-04 05:04:20.820   967  1033 I libPowerHal: [perfLockRel] hdl:65287, idx:1
--
5411-07-04 05:04:20.904   967  1033 I libPowerHal: [PE] MTKPOWER_HINT_APP_TOUCH update cmd:410000, param:1, pr:3
5412-07-04 05:04:20.905   967  1033 I libPowerHal: [PE] MTKPOWER_HINT_APP_TOUCH update cmd:400000 param:1700000 pr:3
5413-07-04 05:04:20.905   967  1033 I libPowerHal: [PE] MTKPOWER_HINT_APP_TOUCH update cmd:400100 param:2000000 pr:3
5414-07-04 05:04:20.905   967  1033 I libPowerHal: value: 1
5415-07-04 05:04:20.905   967  1033 I libPowerHal: [PE] MTKPOWER_HINT_APP_TOUCH update cmd:410000 param:1 pr:3
5416-07-04 05:04:20.906   967  1033 I libPowerHal: [setDvfsrcDevFreqOpp] opp:0, freq:3600000000
5417-07-04 05:04:20.906   967  1033 I libPowerHal: [PE] MTKPOWER_HINT_APP_TOUCH update cmd:1000000 param:0 pr:3
5418-07-04 05:04:20.906   967  1033 I libPowerHal: [recordCPUFreqInfo] set cluster[0] min(MTKPOWER_HINT_APP_TOUCH): 1700000 max(MTKPOWER_HINT_UX_SCROLLING): -1 cluster[1] min(MTKPOWER_HINT_APP_TOUCH): 2000000 max(MTKPOWER_HINT_UX_SCROLLING): -1
5419-07-04 05:04:20.906   967  1033 I libPowerHal: [perfLockAcq] Done for hdl : 65288
5420-07-04 05:04:20.976   967  1033 I libPowerHal: [perfLockRel] hdl:65288, idx:1
5421-07-04 05:04:20.978   967  1033 I libPowerHal: [PD] MTKPOWER_HINT_APP_TOUCH update cmd:400000 param:1075000 pr:3
5422-07-04 05:04:20.978   967  1033 I libPowerHal: [PD] MTKPOWER_HINT_APP_TOUCH update cmd:400100 param:1162000 pr:3
5423-07-04 05:04:20.978   967  1033 I libPowerHal: value: 0
5424-07-04 05:04:20.978   967  1033 I libPowerHal: [PD] MTKPOWER_HINT_APP_TOUCH update cmd:410000 param:0 pr:6
5425-07-04 05:04:20.980   967  1033 I libPowerHal: [recordCPUFreqInfo] set cluster[0] min(MTKPOWER_HINT_UX_SCROLLING): 1075000 max(MTKPOWER_HINT_UX_SCROLLING): -1 cluster[1] min(MTKPOWER_HINT_UX_SCROLLING): 1162000 max(MTKPOWER_HINT_UX_SCROLLING): -1
5426-07-04 05:04:20.980   967  1033 I libPowerHal: [perfLockRel] Done for hdl : 65288
5427-07-04 05:04:21.009  1617  2715 I mtkpower_client: [PowerHal_Wrap_notifyAppState] com.google.android.inputmethod.latin/com.google.android.inputmethod.latin pid=7188 activityId:7188 state:3
5428-07-04 05:04:21.010   965   965 I MTK_APPList: [notifyAPPstate] com.google.android.inputmethod.latin/com.google.android.inputmethod.latin, pid=7188, activityId=7188, uid=1110181, state:DEAD, fps:-1, win:1
5429-07-04 05:04:21.011   965   965 I MTK_APPList: [notifyAPPstate] multi_resumed_app_count: 2
5430-07-04 05:04:21.011   965   965 I MTK_APPList: [notifyAPPstate] multi_resumed_app_info[0] com.termux/com.termux.app.TermuxActivity, pid:32294, activityId:49262800, fps:-1, isMultiWindow:1
5431:07-04 05:04:21.011   965   965 I MTK_APPList: [notifyAPPstate] multi_resumed_app_info[1] com.assistant.overlay/com.assistant.overlay.ui.AnalyticsTheaterActivity, pid:5245, activityId:180656082, fps:-1, isMultiWindow:0
5432-07-04 05:04:21.011   965   965 I MTK_APPList: [getForegroundAPPCount] 2
5433-07-04 05:04:21.011   965   965 I MTK_APPList: [notifyAPPstate] pack:com.google.android.inputmethod.latin, pid:7188, STATE_DEAD
5434-07-04 05:04:21.011   965   965 I MTK_APPList: [notifyNetdUID] 10335
5435-07-04 05:04:21.014   965   965 I MTK_APPList: [notifyPID] 5245
5436-07-04 05:04:21.014   967  1033 I libPowerHal: [perfSetSysInfo] pid type:24, 5245
5437-07-04 05:04:21.113   967  1033 I libPowerHal: [PE] MTKPOWER_HINT_APP_TOUCH update cmd:1408300, param:100, pr:3
5438-07-04 05:04:21.113   967  1033 I libPowerHal: [PE] MTKPOWER_HINT_APP_TOUCH update cmd:410000, param:1, pr:3
5439-07-04 05:04:21.114   967  1033 I libPowerHal: [PE] MTKPOWER_HINT_APP_TOUCH update cmd:400000 param:1700000 pr:3
5440-07-04 05:04:21.114   967  1033 I libPowerHal: [PE] MTKPOWER_HINT_APP_TOUCH update cmd:400100 param:2000000 pr:3
5441-07-04 05:04:21.114   967  1033 I libPowerHal: value: 1
5442-07-04 05:04:21.114   967  1033 I libPowerHal: [PE] MTKPOWER_HINT_APP_TOUCH update cmd:410000 param:1 pr:3
5443-07-04 05:04:21.115   967  1033 I libPowerHal: [setDvfsrcDevFreqOpp] opp:0, freq:3600000000
5444-07-04 05:04:21.115   967  1033 I libPowerHal: [PE] MTKPOWER_HINT_APP_TOUCH update cmd:1000000 param:0 pr:3
5445-07-04 05:04:21.115   967  1033 I libPowerHal: [recordCPUFreqInfo] set cluster[0] min(MTKPOWER_HINT_APP_TOUCH): 1700000 max(MTKPOWER_HINT_UX_SCROLLING): -1 cluster[1] min(MTKPOWER_HINT_APP_TOUCH): 2000000 max(MTKPOWER_HINT_UX_SCROLLING): -1
5446-07-04 05:04:21.115   967  1033 I libPowerHal: [perfLockAcq] Done for hdl : 65289
5447:07-04 05:04:21.275  1007  1007 I BufferQueueProducer: [com.assistant.overlay/com.assistant.overlay.ui.AnalyticsTheaterActivity#15601](this:0xb400006f4aa18500,id:-1,api:0,p:-1,c:1007) queueBuffer: fps=9.89 dur=1010.65 max=355.18 min=10.99
5448-07-04 05:04:21.276   967  1033 I libPowerHal: [perfLockRel] hdl:65289, idx:1
5449-07-04 05:04:21.277   967  1033 I libPowerHal: [PD] MTKPOWER_HINT_APP_TOUCH update cmd:400000 param:1075000 pr:3
5450-07-04 05:04:21.277   967  1033 I libPowerHal: [PD] MTKPOWER_HINT_APP_TOUCH update cmd:400100 param:1162000 pr:3
5451-07-04 05:04:21.277   967  1033 I libPowerHal: value: 0
5452-07-04 05:04:21.277   967  1033 I libPowerHal: [PD] MTKPOWER_HINT_APP_TOUCH update cmd:410000 param:0 pr:6
5453-07-04 05:04:21.278   967  1033 I libPowerHal: [recordCPUFreqInfo] set cluster[0] min(MTKPOWER_HINT_UX_SCROLLING): 1075000 max(MTKPOWER_HINT_UX_SCROLLING): -1 cluster[1] min(MTKPOWER_HINT_UX_SCROLLING): 1162000 max(MTKPOWER_HINT_UX_SCROLLING): -1
5454-07-04 05:04:21.278   967  1033 I libPowerHal: [perfLockRel] Done for hdl : 65289
5455-07-04 05:04:21.511   967  1033 I mtkpower@impl: [powerd_req] TIMER_MSG_PERF_LOCK_TIMEOUT hdl:65277
5456-07-04 05:04:21.511   967  1033 I libPowerHal: [perfLockRel] hdl:65277, idx:2
5457-07-04 05:04:21.513   967  1033 I libPowerHal: [PD] MTKPOWER_HINT_UX_SCROLLING update cmd:400000 param:-1 pr:6
5458-07-04 05:04:21.513   967  1033 I libPowerHal: [PD] MTKPOWER_HINT_UX_SCROLLING update cmd:400100 param:-1 pr:6
5459-07-04 05:04:21.514   967  1033 I libPowerHal: [recordCPUFreqInfo] set cluster[0] min(-1): -1 max(-1): -1 cluster[1] min(-1): -1 max(-1): -1
5460-07-04 05:04:21.514   967  1033 I libPowerHal: [perfLockRel] Done for hdl : 65277
5461-07-04 05:04:21.518  1617  2357 I mtkpower_client: perf_lock_acq, hdl:65278, dur:3000, num:6, pid:1617, tid:2357
5462-07-04 05:04:21.518   967  1033 I libPowerHal: [perfLockRel] hdl:65286, idx:0
5463-07-04 05:04:21.519   967  1033 I libPowerHal: [PD] MTKPOWER_HINT_UX_SCROLLING_COMMON update cmd:1468000 param:1 pr:6
5464-07-04 05:04:21.519   967  1033 I libPowerHal: [perfLockRel] Done for hdl : 65286
5465-07-04 05:04:21.520  1617  2357 I mtkpower_client: ret_hdl:65290
5466-07-04 05:04:21.521   967  1033 I libPowerHal: cmdSetting - unknown cmd:2000400, scmd:(null) ,param_1:5285
5467-07-04 05:04:21.521   967  1033 I libPowerHal: cmdSetting - unknown cmd:340c300, scmd:(null) ,param_1:1
5468-07-04 05:04:21.521   967  1033 I libPowerHal: [fpsgo_ctrl_render_thread] -5285, 0xb40000795b448000
5469-07-04 05:04:21.522  5245  5706 I PowerHalMgrImpl: hdl:65290, pid:5245 
5470-07-04 05:04:21.522   967  1033 I libPowerHal: [PE] system_server update ONESHOT(set) cmd:2000300 param:-5285 pr:3
5471-07-04 05:04:21.522   967  1033 I libPowerHal: [perfLockAcq] Done for hdl : 65290
5472-07-04 05:04:21.522  1617  2357 I mtkpower_client: perf_lock_rel, hdl:65290, pid: 1617, tid:2357
5473-07-04 05:04:21.524   967  1033 I libPowerHal: [perfLockRel] hdl:65290, idx:0
5474-07-04 05:04:21.525   967  1033 I libPowerHal: [fpsgo_ctrl_render_thread] -5285, 0xb40000795b448000
5475-07-04 05:04:21.525   967  1033 I libPowerHal: [PD] system_server update ONESHOT(unset) cmd:2000300 param:-5285 pr:3
5476-07-04 05:04:21.526   967  1033 I libPowerHal: [perfLockRel] Done for hdl : 65290
5477-07-04 05:04:21.852  1617  1881 I mtkpower_client: [PowerHal_Wrap_notifyAppState] com.google.android.setupwizard/com.google.android.setupwizard pid=7249 activityId:7249 state:3
5478-07-04 05:04:21.852   965   965 I MTK_APPList: [notifyAPPstate] com.google.android.setupwizard/com.google.android.setupwizard, pid=7249, activityId=7249, uid=1110242, state:DEAD, fps:-1, win:1
5479-07-04 05:04:21.852   965   965 I MTK_APPList: [notifyAPPstate] multi_resumed_app_count: 2
5480-07-04 05:04:21.852   965   965 I MTK_APPList: [notifyAPPstate] multi_resumed_app_info[0] com.termux/com.termux.app.TermuxActivity, pid:32294, activityId:49262800, fps:-1, isMultiWindow:1
5481:07-04 05:04:21.852   965   965 I MTK_APPList: [notifyAPPstate] multi_resumed_app_info[1] com.assistant.overlay/com.assistant.overlay.ui.AnalyticsTheaterActivity, pid:5245, activityId:180656082, fps:-1, isMultiWindow:0
5482-07-04 05:04:21.852   965   965 I MTK_APPList: [getForegroundAPPCount] 2
5483-07-04 05:04:21.852   965   965 I MTK_APPList: [notifyAPPstate] pack:com.google.android.setupwizard, pid:7249, STATE_DEAD
5484-07-04 05:04:21.852   965   965 I MTK_APPList: [notifyNetdUID] 10335
5485-07-04 05:04:21.854   965   965 I MTK_APPList: [notifyPID] 5245
5486-07-04 05:04:21.854   967  1033 I libPowerHal: [perfSetSysInfo] pid type:24, 5245
5487-07-04 05:04:21.866  1007  1007 I BufferQueueProducer: [FramebufferSurface](this:0xb400006eaa4d6290,id:-1,api:1,p:1007,c:1007) queueBuffer: fps=60.62 dur=1006.19 max=253.46 min=9.30
5488-07-04 05:04:21.916   967  1033 I libPowerHal: [PE] MTKPOWER_HINT_APP_TOUCH update cmd:1408300, param:100, pr:3
5489-07-04 05:04:21.916   967  1033 I libPowerHal: [PE] MTKPOWER_HINT_APP_TOUCH update cmd:410000, param:1, pr:3
5490-07-04 05:04:21.916   967  1033 I libPowerHal: [PE] MTKPOWER_HINT_APP_TOUCH update cmd:400000 param:1700000 pr:3
5491-07-04 05:04:21.916   967  1033 I libPowerHal: [PE] MTKPOWER_HINT_APP_TOUCH update cmd:400100 param:2000000 pr:3
5492-07-04 05:04:21.916   967  1033 I libPowerHal: value: 1
5493-07-04 05:04:21.917   967  1033 I libPowerHal: [PE] MTKPOWER_HINT_APP_TOUCH update cmd:410000 param:1 pr:3
5494-07-04 05:04:21.917   967  1033 I libPowerHal: [setDvfsrcDevFreqOpp] opp:0, freq:3600000000
5495-07-04 05:04:21.917   967  1033 I libPowerHal: [PE] MTKPOWER_HINT_APP_TOUCH update cmd:1000000 param:0 pr:3
5496-07-04 05:04:21.917   967  1033 I libPowerHal: [recordCPUFreqInfo] set cluster[0] min(MTKPOWER_HINT_APP_TOUCH): 1700000 max(-1): -1 cluster[1] min(MTKPOWER_HINT_APP_TOUCH): 2000000 max(-1): -1
5497-07-04 05:04:21.919   967  1033 I libPowerHal: [perfLockAcq] Done for hdl : 65291
5498-07-04 05:04:21.978   967  1033 I libPowerHal: [perfLockRel] hdl:65291, idx:0
5499-07-04 05:04:21.980   967  1033 I libPowerHal: [PD] MTKPOWER_HINT_APP_TOUCH update cmd:400000 param:-1 pr:6
5500-07-04 05:04:21.981   967  1033 I libPowerHal: [PD] MTKPOWER_HINT_APP_TOUCH update cmd:400100 param:-1 pr:6
5501-07-04 05:04:21.981   967  1033 I libPowerHal: value: 0
5502-07-04 05:04:21.981   967  1033 I libPowerHal: [PD] MTKPOWER_HINT_APP_TOUCH update cmd:410000 param:0 pr:6
5503-07-04 05:04:21.982   967  1033 I libPowerHal: [recordCPUFreqInfo] set cluster[0] min(-1): -1 max(-1): -1 cluster[1] min(-1): -1 max(-1): -1
5504-07-04 05:04:21.982   967  1033 I libPowerHal: [perfLockRel] Done for hdl : 65291
5505-07-04 05:04:22.010  1617  1640 I mtkpower_client: [PowerHal_Wrap_notifyAppState] com.google.android.inputmethod.latin/com.google.android.inputmethod.latin pid=7280 activityId:7280 state:3
5506-07-04 05:04:22.012   965   965 I MTK_APPList: [notifyAPPstate] com.google.android.inputmethod.latin/com.google.android.inputmethod.latin, pid=7280, activityId=7280, uid=1110181, state:DEAD, fps:-1, win:1
5507-07-04 05:04:22.012   965   965 I MTK_APPList: [notifyAPPstate] multi_resumed_app_count: 2
5508-07-04 05:04:22.012   965   965 I MTK_APPList: [notifyAPPstate] multi_resumed_app_info[0] com.termux/com.termux.app.TermuxActivity, pid:32294, activityId:49262800, fps:-1, isMultiWindow:1
