5509:07-04 05:04:22.012   965   965 I MTK_APPList: [notifyAPPstate] multi_resumed_app_info[1] com.assistant.overlay/com.assistant.overlay.ui.AnalyticsTheaterActivity, pid:5245, activityId:180656082, fps:-1, isMultiWindow:0
5510-07-04 05:04:22.012   965   965 I MTK_APPList: [getForegroundAPPCount] 2
5511-07-04 05:04:22.012   965   965 I MTK_APPList: [notifyAPPstate] pack:com.google.android.inputmethod.latin, pid:7280, STATE_DEAD
5512-07-04 05:04:22.012   965   965 I MTK_APPList: [notifyNetdUID] 10335
5513-07-04 05:04:22.013   965   965 I MTK_APPList: [notifyPID] 5245
5514-07-04 05:04:22.013   967  1033 I libPowerHal: [perfSetSysInfo] pid type:24, 5245
5515-07-04 05:04:22.071   967  1033 I libPowerHal: [PE] MTKPOWER_HINT_APP_TOUCH update cmd:1408300, param:100, pr:3
5516-07-04 05:04:22.071   967  1033 I libPowerHal: [PE] MTKPOWER_HINT_APP_TOUCH update cmd:410000, param:1, pr:3
5517-07-04 05:04:22.072   967  1033 I libPowerHal: [PE] MTKPOWER_HINT_APP_TOUCH update cmd:400000 param:1700000 pr:3
5518-07-04 05:04:22.072   967  1033 I libPowerHal: [PE] MTKPOWER_HINT_APP_TOUCH update cmd:400100 param:2000000 pr:3
5519-07-04 05:04:22.072   967  1033 I libPowerHal: value: 1
5520-07-04 05:04:22.072   967  1033 I libPowerHal: [PE] MTKPOWER_HINT_APP_TOUCH update cmd:410000 param:1 pr:3
5521-07-04 05:04:22.072   967  1033 I libPowerHal: [setDvfsrcDevFreqOpp] opp:0, freq:3600000000
5522-07-04 05:04:22.073   967  1033 I libPowerHal: [PE] MTKPOWER_HINT_APP_TOUCH update cmd:1000000 param:0 pr:3
5523-07-04 05:04:22.073   967  1033 I libPowerHal: [recordCPUFreqInfo] set cluster[0] min(MTKPOWER_HINT_APP_TOUCH): 1700000 max(-1): -1 cluster[1] min(MTKPOWER_HINT_APP_TOUCH): 2000000 max(-1): -1
5524-07-04 05:04:22.073   967  1033 I libPowerHal: [perfLockAcq] Done for hdl : 65292
5525-07-04 05:04:22.153   967  1033 I libPowerHal: [perfLockRel] hdl:65292, idx:0
5526-07-04 05:04:22.155   967  1033 I libPowerHal: [PD] MTKPOWER_HINT_APP_TOUCH update cmd:400000 param:-1 pr:6
5527-07-04 05:04:22.156   967  1033 I libPowerHal: [PD] MTKPOWER_HINT_APP_TOUCH update cmd:400100 param:-1 pr:6
5528-07-04 05:04:22.156   967  1033 I libPowerHal: value: 0
5529-07-04 05:04:22.156   967  1033 I libPowerHal: [PD] MTKPOWER_HINT_APP_TOUCH update cmd:410000 param:0 pr:6
5530-07-04 05:04:22.157   967  1033 I libPowerHal: [recordCPUFreqInfo] set cluster[0] min(-1): -1 max(-1): -1 cluster[1] min(-1): -1 max(-1): -1
5531-07-04 05:04:22.157   967  1033 I libPowerHal: [perfLockRel] Done for hdl : 65292
5532-07-04 05:04:22.256   967  1033 I libPowerHal: [PE] MTKPOWER_HINT_APP_TOUCH update cmd:1408300, param:100, pr:3
5533-07-04 05:04:22.256   967  1033 I libPowerHal: [PE] MTKPOWER_HINT_APP_TOUCH update cmd:410000, param:1, pr:3
5534-07-04 05:04:22.257   967  1033 I libPowerHal: [PE] MTKPOWER_HINT_APP_TOUCH update cmd:400000 param:1700000 pr:3
5535-07-04 05:04:22.257   967  1033 I libPowerHal: [PE] MTKPOWER_HINT_APP_TOUCH update cmd:400100 param:2000000 pr:3
5536-07-04 05:04:22.257   967  1033 I libPowerHal: value: 1
5537-07-04 05:04:22.257   967  1033 I libPowerHal: [PE] MTKPOWER_HINT_APP_TOUCH update cmd:410000 param:1 pr:3
5538-07-04 05:04:22.257   967  1033 I libPowerHal: [setDvfsrcDevFreqOpp] opp:0, freq:3600000000
5539-07-04 05:04:22.257   967  1033 I libPowerHal: [PE] MTKPOWER_HINT_APP_TOUCH update cmd:1000000 param:0 pr:3
5540-07-04 05:04:22.258   967  1033 I libPowerHal: [recordCPUFreqInfo] set cluster[0] min(MTKPOWER_HINT_APP_TOUCH): 1700000 max(-1): -1 cluster[1] min(MTKPOWER_HINT_APP_TOUCH): 2000000 max(-1): -1
5541-07-04 05:04:22.258   967  1033 I libPowerHal: [perfLockAcq] Done for hdl : 65293
5542-07-04 05:04:22.342   967  1033 I libPowerHal: [perfLockRel] hdl:65293, idx:0
5543-07-04 05:04:22.344   967  1033 I libPowerHal: [PD] MTKPOWER_HINT_APP_TOUCH update cmd:400000 param:-1 pr:6
5544-07-04 05:04:22.344   967  1033 I libPowerHal: [PD] MTKPOWER_HINT_APP_TOUCH update cmd:400100 param:-1 pr:6
5545-07-04 05:04:22.344   967  1033 I libPowerHal: value: 0
5546-07-04 05:04:22.344   967  1033 I libPowerHal: [PD] MTKPOWER_HINT_APP_TOUCH update cmd:410000 param:0 pr:6
5547-07-04 05:04:22.345   967  1033 I libPowerHal: [recordCPUFreqInfo] set cluster[0] min(-1): -1 max(-1): -1 cluster[1] min(-1): -1 max(-1): -1
5548-07-04 05:04:22.345   967  1033 I libPowerHal: [perfLockRel] Done for hdl : 65293
5549:07-04 05:04:22.375  1007  1007 I BufferQueueProducer: [com.assistant.overlay/com.assistant.overlay.ui.AnalyticsTheaterActivity#15601](this:0xb400006f4aa18500,id:-1,api:0,p:-1,c:1007) queueBuffer: fps=56.37 dur=1099.83 max=211.73 min=10.67
5550-07-04 05:04:22.478   967  1033 I libPowerHal: [PE] MTKPOWER_HINT_APP_TOUCH update cmd:1408300, param:100, pr:3
5551-07-04 05:04:22.479   967  1033 I libPowerHal: [PE] MTKPOWER_HINT_APP_TOUCH update cmd:410000, param:1, pr:3
5552-07-04 05:04:22.479   967  1033 I libPowerHal: [PE] MTKPOWER_HINT_APP_TOUCH update cmd:400000 param:1700000 pr:3
5553-07-04 05:04:22.479   967  1033 I libPowerHal: [PE] MTKPOWER_HINT_APP_TOUCH update cmd:400100 param:2000000 pr:3
5554-07-04 05:04:22.479   967  1033 I libPowerHal: value: 1
5555-07-04 05:04:22.479   967  1033 I libPowerHal: [PE] MTKPOWER_HINT_APP_TOUCH update cmd:410000 param:1 pr:3
5556-07-04 05:04:22.479   967  1033 I libPowerHal: [setDvfsrcDevFreqOpp] opp:0, freq:3600000000
5557-07-04 05:04:22.479   967  1033 I libPowerHal: [PE] MTKPOWER_HINT_APP_TOUCH update cmd:1000000 param:0 pr:3
5558-07-04 05:04:22.480   967  1033 I libPowerHal: [recordCPUFreqInfo] set cluster[0] min(MTKPOWER_HINT_APP_TOUCH): 1700000 max(-1): -1 cluster[1] min(MTKPOWER_HINT_APP_TOUCH): 2000000 max(-1): -1
5559-07-04 05:04:22.480   967  1033 I libPowerHal: [perfLockAcq] Done for hdl : 65294
5560-07-04 05:04:22.544   967  1033 I libPowerHal: [perfLockRel] hdl:65294, idx:0
5561-07-04 05:04:22.545   967  1033 I libPowerHal: [PD] MTKPOWER_HINT_APP_TOUCH update cmd:400000 param:-1 pr:6
5562-07-04 05:04:22.546   967  1033 I libPowerHal: [PD] MTKPOWER_HINT_APP_TOUCH update cmd:400100 param:-1 pr:6
5563-07-04 05:04:22.546   967  1033 I libPowerHal: value: 0
5564-07-04 05:04:22.546   967  1033 I libPowerHal: [PD] MTKPOWER_HINT_APP_TOUCH update cmd:410000 param:0 pr:6
5565-07-04 05:04:22.547   967  1033 I libPowerHal: [recordCPUFreqInfo] set cluster[0] min(-1): -1 max(-1): -1 cluster[1] min(-1): -1 max(-1): -1
5566-07-04 05:04:22.547   967  1033 I libPowerHal: [perfLockRel] Done for hdl : 65294
5567-07-04 05:04:22.565  1617  2946 I mtkpower_client: [PowerHal_Wrap_notifyAppState] com.google.android.inputmethod.latin/com.google.android.inputmethod.latin pid=7400 activityId:7400 state:3
5568-07-04 05:04:22.565   965   965 I MTK_APPList: [notifyAPPstate] com.google.android.inputmethod.latin/com.google.android.inputmethod.latin, pid=7400, activityId=7400, uid=1110181, state:DEAD, fps:-1, win:1
5569-07-04 05:04:22.565   965   965 I MTK_APPList: [notifyAPPstate] multi_resumed_app_count: 2
5570-07-04 05:04:22.565   965   965 I MTK_APPList: [notifyAPPstate] multi_resumed_app_info[0] com.termux/com.termux.app.TermuxActivity, pid:32294, activityId:49262800, fps:-1, isMultiWindow:1
5571:07-04 05:04:22.565   965   965 I MTK_APPList: [notifyAPPstate] multi_resumed_app_info[1] com.assistant.overlay/com.assistant.overlay.ui.AnalyticsTheaterActivity, pid:5245, activityId:180656082, fps:-1, isMultiWindow:0
5572-07-04 05:04:22.565   965   965 I MTK_APPList: [getForegroundAPPCount] 2
5573-07-04 05:04:22.565   965   965 I MTK_APPList: [notifyAPPstate] pack:com.google.android.inputmethod.latin, pid:7400, STATE_DEAD
5574-07-04 05:04:22.565   965   965 I MTK_APPList: [notifyNetdUID] 10335
5575-07-04 05:04:22.568   965   965 I MTK_APPList: [notifyPID] 5245
5576-07-04 05:04:22.571   967  1033 I libPowerHal: [perfSetSysInfo] pid type:24, 5245
5577-07-04 05:04:22.634   967  1033 I libPowerHal: [PE] MTKPOWER_HINT_APP_TOUCH update cmd:1408300, param:100, pr:3
5578-07-04 05:04:22.635   967  1033 I libPowerHal: [PE] MTKPOWER_HINT_APP_TOUCH update cmd:410000, param:1, pr:3
5579-07-04 05:04:22.636   967  1033 I libPowerHal: [PE] MTKPOWER_HINT_APP_TOUCH update cmd:400000 param:1700000 pr:3
5580-07-04 05:04:22.636   967  1033 I libPowerHal: [PE] MTKPOWER_HINT_APP_TOUCH update cmd:400100 param:2000000 pr:3
5581-07-04 05:04:22.636   967  1033 I libPowerHal: value: 1
5582-07-04 05:04:22.636   967  1033 I libPowerHal: [PE] MTKPOWER_HINT_APP_TOUCH update cmd:410000 param:1 pr:3
5583-07-04 05:04:22.637   967  1033 I libPowerHal: [setDvfsrcDevFreqOpp] opp:0, freq:3600000000
5584-07-04 05:04:22.637   967  1033 I libPowerHal: [PE] MTKPOWER_HINT_APP_TOUCH update cmd:1000000 param:0 pr:3
5585-07-04 05:04:22.637   967  1033 I libPowerHal: [recordCPUFreqInfo] set cluster[0] min(MTKPOWER_HINT_APP_TOUCH): 1700000 max(-1): -1 cluster[1] min(MTKPOWER_HINT_APP_TOUCH): 2000000 max(-1): -1
5586-07-04 05:04:22.637   967  1033 I libPowerHal: [perfLockAcq] Done for hdl : 65295
5587-07-04 05:04:22.708   967  1033 I libPowerHal: [perfLockRel] hdl:65295, idx:0
5588-07-04 05:04:22.710   967  1033 I libPowerHal: [PD] MTKPOWER_HINT_APP_TOUCH update cmd:400000 param:-1 pr:6
5589-07-04 05:04:22.710   967  1033 I libPowerHal: [PD] MTKPOWER_HINT_APP_TOUCH update cmd:400100 param:-1 pr:6
5590-07-04 05:04:22.711   967  1033 I libPowerHal: value: 0
5591-07-04 05:04:22.711   967  1033 I libPowerHal: [PD] MTKPOWER_HINT_APP_TOUCH update cmd:410000 param:0 pr:6
5592-07-04 05:04:22.712   967  1033 I libPowerHal: [recordCPUFreqInfo] set cluster[0] min(-1): -1 max(-1): -1 cluster[1] min(-1): -1 max(-1): -1
5593-07-04 05:04:22.712   967  1033 I libPowerHal: [perfLockRel] Done for hdl : 65295
5594-07-04 05:04:22.791   967  1033 I libPowerHal: [PE] MTKPOWER_HINT_APP_TOUCH update cmd:1408300, param:100, pr:3
5595-07-04 05:04:22.791   967  1033 I libPowerHal: [PE] MTKPOWER_HINT_APP_TOUCH update cmd:410000, param:1, pr:3
5596-07-04 05:04:22.791   967  1033 I libPowerHal: [PE] MTKPOWER_HINT_APP_TOUCH update cmd:400000 param:1700000 pr:3
5597-07-04 05:04:22.791   967  1033 I libPowerHal: [PE] MTKPOWER_HINT_APP_TOUCH update cmd:400100 param:2000000 pr:3
5598-07-04 05:04:22.791   967  1033 I libPowerHal: value: 1
5599-07-04 05:04:22.791   967  1033 I libPowerHal: [PE] MTKPOWER_HINT_APP_TOUCH update cmd:410000 param:1 pr:3
5600-07-04 05:04:22.792   967  1033 I libPowerHal: [setDvfsrcDevFreqOpp] opp:0, freq:3600000000
5601-07-04 05:04:22.792   967  1033 I libPowerHal: [PE] MTKPOWER_HINT_APP_TOUCH update cmd:1000000 param:0 pr:3
5602-07-04 05:04:22.792   967  1033 I libPowerHal: [recordCPUFreqInfo] set cluster[0] min(MTKPOWER_HINT_APP_TOUCH): 1700000 max(-1): -1 cluster[1] min(MTKPOWER_HINT_APP_TOUCH): 2000000 max(-1): -1
5603-07-04 05:04:22.792   967  1033 I libPowerHal: [perfLockAcq] Done for hdl : 65296
5604-07-04 05:04:22.901  1007  1007 I BufferQueueProducer: [FramebufferSurface](this:0xb400006eaa4d6290,id:-1,api:1,p:1007,c:1007) queueBuffer: fps=16.42 dur=1035.11 max=119.57 min=8.93
5605-07-04 05:04:22.908  1617  1880 I mtkpower_client: [PowerHal_Wrap_notifyAppState] com.google.android.setupwizard/com.google.android.setupwizard pid=7481 activityId:7481 state:3
5606-07-04 05:04:22.909   965   965 I MTK_APPList: [notifyAPPstate] com.google.android.setupwizard/com.google.android.setupwizard, pid=7481, activityId=7481, uid=1110242, state:DEAD, fps:-1, win:1
5607-07-04 05:04:22.909   965   965 I MTK_APPList: [notifyAPPstate] multi_resumed_app_count: 2
5608-07-04 05:04:22.909   965   965 I MTK_APPList: [notifyAPPstate] multi_resumed_app_info[0] com.termux/com.termux.app.TermuxActivity, pid:32294, activityId:49262800, fps:-1, isMultiWindow:1
5609:07-04 05:04:22.909   965   965 I MTK_APPList: [notifyAPPstate] multi_resumed_app_info[1] com.assistant.overlay/com.assistant.overlay.ui.AnalyticsTheaterActivity, pid:5245, activityId:180656082, fps:-1, isMultiWindow:0
5610-07-04 05:04:22.909   965   965 I MTK_APPList: [getForegroundAPPCount] 2
5611-07-04 05:04:22.909   965   965 I MTK_APPList: [notifyAPPstate] pack:com.google.android.setupwizard, pid:7481, STATE_DEAD
5612-07-04 05:04:22.909   965   965 I MTK_APPList: [notifyNetdUID] 10335
5613-07-04 05:04:22.911   965   965 I MTK_APPList: [notifyPID] 5245
5614-07-04 05:04:22.914   967  1033 I libPowerHal: [perfSetSysInfo] pid type:24, 5245
5615-07-04 05:04:23.012   967  1033 I libPowerHal: [perfLockRel] hdl:65296, idx:0
5616-07-04 05:04:23.012   967  1033 I libPowerHal: [PD] MTKPOWER_HINT_APP_TOUCH update cmd:400000 param:-1 pr:6
5617-07-04 05:04:23.012   967  1033 I libPowerHal: [PD] MTKPOWER_HINT_APP_TOUCH update cmd:400100 param:-1 pr:6
5618-07-04 05:04:23.012   967  1033 I libPowerHal: value: 0
5619-07-04 05:04:23.012   967  1033 I libPowerHal: [PD] MTKPOWER_HINT_APP_TOUCH update cmd:410000 param:0 pr:6
5620-07-04 05:04:23.013   967  1033 I libPowerHal: [recordCPUFreqInfo] set cluster[0] min(-1): -1 max(-1): -1 cluster[1] min(-1): -1 max(-1): -1
5621-07-04 05:04:23.013   967  1033 I libPowerHal: [perfLockRel] Done for hdl : 65296
5622-07-04 05:04:23.297  1617  2715 I mtkpower_client: [PowerHal_Wrap_notifyAppState] com.google.android.apps.photos/com.google.android.apps.photos pid=7388 activityId:7388 state:3
5623-07-04 05:04:23.300   965   965 I MTK_APPList: [notifyAPPstate] com.google.android.apps.photos/com.google.android.apps.photos, pid=7388, activityId=7388, uid=10211, state:DEAD, fps:-1, win:1
5624-07-04 05:04:23.301   965   965 I MTK_APPList: [notifyAPPstate] multi_resumed_app_count: 2
5625-07-04 05:04:23.301   965   965 I MTK_APPList: [notifyAPPstate] multi_resumed_app_info[0] com.termux/com.termux.app.TermuxActivity, pid:32294, activityId:49262800, fps:-1, isMultiWindow:1
5626:07-04 05:04:23.301   965   965 I MTK_APPList: [notifyAPPstate] multi_resumed_app_info[1] com.assistant.overlay/com.assistant.overlay.ui.AnalyticsTheaterActivity, pid:5245, activityId:180656082, fps:-1, isMultiWindow:0
5627-07-04 05:04:23.301   965   965 I MTK_APPList: [getForegroundAPPCount] 2
5628-07-04 05:04:23.301   965   965 I MTK_APPList: [notifyAPPstate] pack:com.google.android.apps.photos, pid:7388, STATE_DEAD
5629-07-04 05:04:23.301   965   965 I MTK_APPList: [notifyNetdUID] 10335
5630-07-04 05:04:23.303   965   965 I MTK_APPList: [notifyPID] 5245
5631-07-04 05:04:23.304   967  1033 I libPowerHal: [perfSetSysInfo] pid type:24, 5245
5632-07-04 05:04:23.357  1617  2673 I mtkpower_client: [PowerHal_Wrap_notifyAppState] com.google.android.gms/com.google.android.gms pid=6201 activityId:6201 state:3
5633-07-04 05:04:23.358   965   965 I MTK_APPList: [notifyAPPstate] com.google.android.gms/com.google.android.gms, pid=6201, activityId=6201, uid=10148, state:DEAD, fps:-1, win:1
5634-07-04 05:04:23.358   965   965 I MTK_APPList: [notifyAPPstate] multi_resumed_app_count: 2
5635-07-04 05:04:23.358   965   965 I MTK_APPList: [notifyAPPstate] multi_resumed_app_info[0] com.termux/com.termux.app.TermuxActivity, pid:32294, activityId:49262800, fps:-1, isMultiWindow:1
5636:07-04 05:04:23.358   965   965 I MTK_APPList: [notifyAPPstate] multi_resumed_app_info[1] com.assistant.overlay/com.assistant.overlay.ui.AnalyticsTheaterActivity, pid:5245, activityId:180656082, fps:-1, isMultiWindow:0
5637-07-04 05:04:23.358   965   965 I MTK_APPList: [getForegroundAPPCount] 2
5638-07-04 05:04:23.358   965   965 I MTK_APPList: [notifyAPPstate] pack:com.google.android.gms, pid:6201, STATE_DEAD
5639-07-04 05:04:23.358   965   965 I MTK_APPList: [notifyNetdUID] 10335
5640-07-04 05:04:23.360   965   965 I MTK_APPList: [notifyPID] 5245
5641-07-04 05:04:23.361   967  1033 I libPowerHal: [perfSetSysInfo] pid type:24, 5245
5642:07-04 05:04:23.376  1007  1007 I BufferQueueProducer: [com.assistant.overlay/com.assistant.overlay.ui.AnalyticsTheaterActivity#15601](this:0xb400006f4aa18500,id:-1,api:0,p:-1,c:1007) queueBuffer: fps=39.97 dur=1000.64 max=200.17 min=10.76
5643-07-04 05:04:23.397  1007  1007 I BufferQueueProducer: [StatusBar#119](this:0xb400006f4a9a38f0,id:-1,api:0,p:-1,c:1007) queueBuffer: fps=0.24 dur=4121.12 max=4121.12 min=4121.12
5644-07-04 05:04:23.408  1007  1007 I BufferQueueProducer: [StatusBar1#124](this:0xb400006f4a9ba570,id:-1,api:0,p:-1,c:1007) queueBuffer: fps=0.24 dur=4121.19 max=4121.19 min=4121.19
5645-07-04 05:04:23.514  1222  1261 I misight : OnEvent EventPrivacyCompliance event=915100004
5646-07-04 05:04:23.515  1222  1261 D misight : ProcessEvent devVersion==OS3.0.302.0.WBNMIXM,faultLevel=2,prv=3 region=eea
5647-07-04 05:04:23.515  1222  1261 I misight : OnEvent EventStorageManager event=915100004,3
5648-07-04 05:04:23.516  1222  1261 D misight : ProcessNewDayEvent event happen time 1783137863,start time=1783119600,restart=1
5649-07-04 05:04:23.516  1222  1261 D misight : ProcessNewDayEvent event happen time 1783137863, last=1783137858,start time=1783119600,next day =1783206000, interval=68442
5650-07-04 05:04:23.516  1222  1261 D misight : Execute start execute sql /data/miuilog/misight/event.db:select id,event_id,daily_cnt,over_cnt,hour_cnt,next_expire_time,last_happen_time,last_log_time from event_daily where event_id = '915100004' limit 1
5651-07-04 05:04:23.516  1222  1261 D misight : DetectDropByTime event 915100004 parser maxCnt=200 lastTime=1783137755 same=0, overCnt=1576,dailyCnt=99,hourCnt=3
5652-07-04 05:04:23.516  1222  1261 I misight : DetectDropEvent event 915100004 over hour cnt drop it, hourCnt=4 halfCnt=3, maxCnt=200 punishSecond=674,space=108
5653-07-04 05:04:23.516  1222  1261 D misight : Execute start execute sql /data/miuilog/misight/event.db:update event_daily set  daily_cnt=99, hour_cnt=3, next_expire_time=1783141341, over_cnt=1577, last_happen_time=1783137755, last_log_time=0  where id = '3'
5654-07-04 05:04:23.519  1222  1261 I misight : OnEvent HighProbFaultDetect 915100004
5655-07-04 05:04:23.520  1222  1261 D misight : OnEvent high fault expired
5656-07-04 05:04:23.521  1222  1261 I misight : OnEvent EventLogProcessor event=915100004,3
5657-07-04 05:04:23.521  1222  1261 I misight : OnEvent EventInfoPack event 915100004
5658-07-04 05:04:23.546   967  1033 I libPowerHal: [PE] MTKPOWER_HINT_APP_TOUCH update cmd:1408300, param:100, pr:3
5659-07-04 05:04:23.546   967  1033 I libPowerHal: [PE] MTKPOWER_HINT_APP_TOUCH update cmd:410000, param:1, pr:3
5660-07-04 05:04:23.546   967  1033 I libPowerHal: [PE] MTKPOWER_HINT_APP_TOUCH update cmd:400000 param:1700000 pr:3
5661-07-04 05:04:23.546   967  1033 I libPowerHal: [PE] MTKPOWER_HINT_APP_TOUCH update cmd:400100 param:2000000 pr:3
5662-07-04 05:04:23.546   967  1033 I libPowerHal: value: 1
5663-07-04 05:04:23.546   967  1033 I libPowerHal: [PE] MTKPOWER_HINT_APP_TOUCH update cmd:410000 param:1 pr:3
5664-07-04 05:04:23.546   967  1033 I libPowerHal: [setDvfsrcDevFreqOpp] opp:0, freq:3600000000
5665-07-04 05:04:23.546   967  1033 I libPowerHal: [PE] MTKPOWER_HINT_APP_TOUCH update cmd:1000000 param:0 pr:3
5666-07-04 05:04:23.546   967  1033 I libPowerHal: [recordCPUFreqInfo] set cluster[0] min(MTKPOWER_HINT_APP_TOUCH): 1700000 max(-1): -1 cluster[1] min(MTKPOWER_HINT_APP_TOUCH): 2000000 max(-1): -1
5667-07-04 05:04:23.549   967  1033 I libPowerHal: [perfLockAcq] Done for hdl : 65297
5668-07-04 05:04:23.625   967  1033 I libPowerHal: [perfLockRel] hdl:65297, idx:0
5669-07-04 05:04:23.626   967  1033 I libPowerHal: [PD] MTKPOWER_HINT_APP_TOUCH update cmd:400000 param:-1 pr:6
5670-07-04 05:04:23.626   967  1033 I libPowerHal: [PD] MTKPOWER_HINT_APP_TOUCH update cmd:400100 param:-1 pr:6
5671-07-04 05:04:23.626   967  1033 I libPowerHal: value: 0
5672-07-04 05:04:23.626   967  1033 I libPowerHal: [PD] MTKPOWER_HINT_APP_TOUCH update cmd:410000 param:0 pr:6
5673-07-04 05:04:23.627   967  1033 I libPowerHal: [recordCPUFreqInfo] set cluster[0] min(-1): -1 max(-1): -1 cluster[1] min(-1): -1 max(-1): -1
5674-07-04 05:04:23.627   967  1033 I libPowerHal: [perfLockRel] Done for hdl : 65297
5675-07-04 05:04:23.745   967  1033 I libPowerHal: [PE] MTKPOWER_HINT_APP_TOUCH update cmd:1408300, param:100, pr:3
5676-07-04 05:04:23.745   967  1033 I libPowerHal: [PE] MTKPOWER_HINT_APP_TOUCH update cmd:410000, param:1, pr:3
5677-07-04 05:04:23.745   967  1033 I libPowerHal: [PE] MTKPOWER_HINT_APP_TOUCH update cmd:400000 param:1700000 pr:3
5678-07-04 05:04:23.746   967  1033 I libPowerHal: [PE] MTKPOWER_HINT_APP_TOUCH update cmd:400100 param:2000000 pr:3
5679-07-04 05:04:23.747   967  1033 I libPowerHal: value: 1
5680-07-04 05:04:23.747   967  1033 I libPowerHal: [PE] MTKPOWER_HINT_APP_TOUCH update cmd:410000 param:1 pr:3
5681-07-04 05:04:23.747   967  1033 I libPowerHal: [setDvfsrcDevFreqOpp] opp:0, freq:3600000000
5682-07-04 05:04:23.747   967  1033 I libPowerHal: [PE] MTKPOWER_HINT_APP_TOUCH update cmd:1000000 param:0 pr:3
5683-07-04 05:04:23.747   967  1033 I libPowerHal: [recordCPUFreqInfo] set cluster[0] min(MTKPOWER_HINT_APP_TOUCH): 1700000 max(-1): -1 cluster[1] min(MTKPOWER_HINT_APP_TOUCH): 2000000 max(-1): -1
5684-07-04 05:04:23.747   967  1033 I libPowerHal: [perfLockAcq] Done for hdl : 65298
5685-07-04 05:04:23.772  1617  2165 I mtkpower_client: [PowerHal_Wrap_notifyAppState] com.google.android.inputmethod.latin/com.google.android.inputmethod.latin pid=7496 activityId:7496 state:3
5686-07-04 05:04:23.774   965   965 I MTK_APPList: [notifyAPPstate] com.google.android.inputmethod.latin/com.google.android.inputmethod.latin, pid=7496, activityId=7496, uid=1110181, state:DEAD, fps:-1, win:1
5687-07-04 05:04:23.774   965   965 I MTK_APPList: [notifyAPPstate] multi_resumed_app_count: 2
5688-07-04 05:04:23.774   965   965 I MTK_APPList: [notifyAPPstate] multi_resumed_app_info[0] com.termux/com.termux.app.TermuxActivity, pid:32294, activityId:49262800, fps:-1, isMultiWindow:1
5689:07-04 05:04:23.774   965   965 I MTK_APPList: [notifyAPPstate] multi_resumed_app_info[1] com.assistant.overlay/com.assistant.overlay.ui.AnalyticsTheaterActivity, pid:5245, activityId:180656082, fps:-1, isMultiWindow:0
5690-07-04 05:04:23.774   965   965 I MTK_APPList: [getForegroundAPPCount] 2
5691-07-04 05:04:23.774   965   965 I MTK_APPList: [notifyAPPstate] pack:com.google.android.inputmethod.latin, pid:7496, STATE_DEAD
5692-07-04 05:04:23.774   965   965 I MTK_APPList: [notifyNetdUID] 10335
5693-07-04 05:04:23.775   965   965 I MTK_APPList: [notifyPID] 5245
5694-07-04 05:04:23.776   967  1033 I libPowerHal: [perfSetSysInfo] pid type:24, 5245
5695-07-04 05:04:23.831   967  1033 I libPowerHal: [perfLockRel] hdl:65298, idx:0
5696-07-04 05:04:23.833   967  1033 I libPowerHal: [PD] MTKPOWER_HINT_APP_TOUCH update cmd:400000 param:-1 pr:6
5697-07-04 05:04:23.834   967  1033 I libPowerHal: [PD] MTKPOWER_HINT_APP_TOUCH update cmd:400100 param:-1 pr:6
5698-07-04 05:04:23.834   967  1033 I libPowerHal: value: 0
5699-07-04 05:04:23.834   967  1033 I libPowerHal: [PD] MTKPOWER_HINT_APP_TOUCH update cmd:410000 param:0 pr:6
5700-07-04 05:04:23.835   967  1033 I libPowerHal: [recordCPUFreqInfo] set cluster[0] min(-1): -1 max(-1): -1 cluster[1] min(-1): -1 max(-1): -1
5701-07-04 05:04:23.835   967  1033 I libPowerHal: [perfLockRel] Done for hdl : 65298
5702-07-04 05:04:23.900   967  1033 I libPowerHal: [PE] MTKPOWER_HINT_APP_TOUCH update cmd:1408300, param:100, pr:3
5703-07-04 05:04:23.900   967  1033 I libPowerHal: [PE] MTKPOWER_HINT_APP_TOUCH update cmd:410000, param:1, pr:3
5704-07-04 05:04:23.900   967  1033 I libPowerHal: [PE] MTKPOWER_HINT_APP_TOUCH update cmd:400000 param:1700000 pr:3
5705-07-04 05:04:23.900   967  1033 I libPowerHal: [PE] MTKPOWER_HINT_APP_TOUCH update cmd:400100 param:2000000 pr:3
5706-07-04 05:04:23.900   967  1033 I libPowerHal: value: 1
5707-07-04 05:04:23.900   967  1033 I libPowerHal: [PE] MTKPOWER_HINT_APP_TOUCH update cmd:410000 param:1 pr:3
5708-07-04 05:04:23.900   967  1033 I libPowerHal: [setDvfsrcDevFreqOpp] opp:0, freq:3600000000
5709-07-04 05:04:23.900   967  1033 I libPowerHal: [PE] MTKPOWER_HINT_APP_TOUCH update cmd:1000000 param:0 pr:3
5710-07-04 05:04:23.900   967  1033 I libPowerHal: [recordCPUFreqInfo] set cluster[0] min(MTKPOWER_HINT_APP_TOUCH): 1700000 max(-1): -1 cluster[1] min(MTKPOWER_HINT_APP_TOUCH): 2000000 max(-1): -1
5711-07-04 05:04:23.900   967  1033 I libPowerHal: [perfLockAcq] Done for hdl : 65299
5712-07-04 05:04:23.968  1007  1007 I BufferQueueProducer: [FramebufferSurface](this:0xb400006eaa4d6290,id:-1,api:1,p:1007,c:1007) queueBuffer: fps=57.15 dur=1067.39 max=141.47 min=8.74
5713-07-04 05:04:24.004  1617  5094 I mtkpower_client: [PowerHal_Wrap_notifyAppState] com.google.android.setupwizard/com.google.android.setupwizard pid=7569 activityId:7569 state:3
5714-07-04 05:04:24.005   965   965 I MTK_APPList: [notifyAPPstate] com.google.android.setupwizard/com.google.android.setupwizard, pid=7569, activityId=7569, uid=1110242, state:DEAD, fps:-1, win:1
5715-07-04 05:04:24.005   965   965 I MTK_APPList: [notifyAPPstate] multi_resumed_app_count: 2
5716-07-04 05:04:24.005   965   965 I MTK_APPList: [notifyAPPstate] multi_resumed_app_info[0] com.termux/com.termux.app.TermuxActivity, pid:32294, activityId:49262800, fps:-1, isMultiWindow:1
5717:07-04 05:04:24.005   965   965 I MTK_APPList: [notifyAPPstate] multi_resumed_app_info[1] com.assistant.overlay/com.assistant.overlay.ui.AnalyticsTheaterActivity, pid:5245, activityId:180656082, fps:-1, isMultiWindow:0
5718-07-04 05:04:24.005   965   965 I MTK_APPList: [getForegroundAPPCount] 2
5719-07-04 05:04:24.005   965   965 I MTK_APPList: [notifyAPPstate] pack:com.google.android.setupwizard, pid:7569, STATE_DEAD
5720-07-04 05:04:24.005   965   965 I MTK_APPList: [notifyNetdUID] 10335
5721-07-04 05:04:24.006   965   965 I MTK_APPList: [notifyPID] 5245
5722-07-04 05:04:24.006   967  1033 I libPowerHal: [perfSetSysInfo] pid type:24, 5245
5723-07-04 05:04:24.008   967  1033 I libPowerHal: [perfLockRel] hdl:65299, idx:0
5724-07-04 05:04:24.009   967  1033 I libPowerHal: [PD] MTKPOWER_HINT_APP_TOUCH update cmd:400000 param:-1 pr:6
5725-07-04 05:04:24.009   967  1033 I libPowerHal: [PD] MTKPOWER_HINT_APP_TOUCH update cmd:400100 param:-1 pr:6
5726-07-04 05:04:24.009   967  1033 I libPowerHal: value: 0
5727-07-04 05:04:24.009   967  1033 I libPowerHal: [PD] MTKPOWER_HINT_APP_TOUCH update cmd:410000 param:0 pr:6
5728-07-04 05:04:24.010   967  1033 I libPowerHal: [recordCPUFreqInfo] set cluster[0] min(-1): -1 max(-1): -1 cluster[1] min(-1): -1 max(-1): -1
5729-07-04 05:04:24.010   967  1033 I libPowerHal: [perfLockRel] Done for hdl : 65299
5730-07-04 05:04:24.088   967  1033 I libPowerHal: [PE] MTKPOWER_HINT_APP_TOUCH update cmd:1408300, param:100, pr:3
5731-07-04 05:04:24.088   967  1033 I libPowerHal: [PE] MTKPOWER_HINT_APP_TOUCH update cmd:410000, param:1, pr:3
5732-07-04 05:04:24.089   967  1033 I libPowerHal: [PE] MTKPOWER_HINT_APP_TOUCH update cmd:400000 param:1700000 pr:3
5733-07-04 05:04:24.089   967  1033 I libPowerHal: [PE] MTKPOWER_HINT_APP_TOUCH update cmd:400100 param:2000000 pr:3
5734-07-04 05:04:24.089   967  1033 I libPowerHal: value: 1
5735-07-04 05:04:24.089   967  1033 I libPowerHal: [PE] MTKPOWER_HINT_APP_TOUCH update cmd:410000 param:1 pr:3
5736-07-04 05:04:24.089   967  1033 I libPowerHal: [setDvfsrcDevFreqOpp] opp:0, freq:3600000000
5737-07-04 05:04:24.089   967  1033 I libPowerHal: [PE] MTKPOWER_HINT_APP_TOUCH update cmd:1000000 param:0 pr:3
5738-07-04 05:04:24.090   967  1033 I libPowerHal: [recordCPUFreqInfo] set cluster[0] min(MTKPOWER_HINT_APP_TOUCH): 1700000 max(-1): -1 cluster[1] min(MTKPOWER_HINT_APP_TOUCH): 2000000 max(-1): -1
5739-07-04 05:04:24.090   967  1033 I libPowerHal: [perfLockAcq] Done for hdl : 65300
5740-07-04 05:04:24.203   967  1033 I libPowerHal: [perfLockRel] hdl:65300, idx:0
5741-07-04 05:04:24.205   967  1033 I libPowerHal: [PD] MTKPOWER_HINT_APP_TOUCH update cmd:400000 param:-1 pr:6
5742-07-04 05:04:24.206   967  1033 I libPowerHal: [PD] MTKPOWER_HINT_APP_TOUCH update cmd:400100 param:-1 pr:6
5743-07-04 05:04:24.206   967  1033 I libPowerHal: value: 0
5744-07-04 05:04:24.206   967  1033 I libPowerHal: [PD] MTKPOWER_HINT_APP_TOUCH update cmd:410000 param:0 pr:6
5745-07-04 05:04:24.207   967  1033 I libPowerHal: [recordCPUFreqInfo] set cluster[0] min(-1): -1 max(-1): -1 cluster[1] min(-1): -1 max(-1): -1
5746-07-04 05:04:24.207   967  1033 I libPowerHal: [perfLockRel] Done for hdl : 65300
5747-07-04 05:04:24.313   967  1033 I libPowerHal: [PE] MTKPOWER_HINT_APP_TOUCH update cmd:1408300, param:100, pr:3
5748-07-04 05:04:24.313   967  1033 I libPowerHal: [PE] MTKPOWER_HINT_APP_TOUCH update cmd:410000, param:1, pr:3
5749-07-04 05:04:24.314   967  1033 I libPowerHal: [PE] MTKPOWER_HINT_APP_TOUCH update cmd:400000 param:1700000 pr:3
5750-07-04 05:04:24.314   967  1033 I libPowerHal: [PE] MTKPOWER_HINT_APP_TOUCH update cmd:400100 param:2000000 pr:3
5751-07-04 05:04:24.314   967  1033 I libPowerHal: value: 1
5752-07-04 05:04:24.314   967  1033 I libPowerHal: [PE] MTKPOWER_HINT_APP_TOUCH update cmd:410000 param:1 pr:3
5753-07-04 05:04:24.315   967  1033 I libPowerHal: [setDvfsrcDevFreqOpp] opp:0, freq:3600000000
5754-07-04 05:04:24.315   967  1033 I libPowerHal: [PE] MTKPOWER_HINT_APP_TOUCH update cmd:1000000 param:0 pr:3
5755-07-04 05:04:24.315   967  1033 I libPowerHal: [recordCPUFreqInfo] set cluster[0] min(MTKPOWER_HINT_APP_TOUCH): 1700000 max(-1): -1 cluster[1] min(MTKPOWER_HINT_APP_TOUCH): 2000000 max(-1): -1
5756-07-04 05:04:24.315   967  1033 I libPowerHal: [perfLockAcq] Done for hdl : 65301
5757-07-04 05:04:24.327  1617  2715 I mtkpower_client: [PowerHal_Wrap_notifyAppState] com.google.android.inputmethod.latin/com.google.android.inputmethod.latin pid=7614 activityId:7614 state:3
5758-07-04 05:04:24.327   965   965 I MTK_APPList: [notifyAPPstate] com.google.android.inputmethod.latin/com.google.android.inputmethod.latin, pid=7614, activityId=7614, uid=1110181, state:DEAD, fps:-1, win:1
5759-07-04 05:04:24.328   965   965 I MTK_APPList: [notifyAPPstate] multi_resumed_app_count: 2
5760-07-04 05:04:24.328   965   965 I MTK_APPList: [notifyAPPstate] multi_resumed_app_info[0] com.termux/com.termux.app.TermuxActivity, pid:32294, activityId:49262800, fps:-1, isMultiWindow:1
5761:07-04 05:04:24.328   965   965 I MTK_APPList: [notifyAPPstate] multi_resumed_app_info[1] com.assistant.overlay/com.assistant.overlay.ui.AnalyticsTheaterActivity, pid:5245, activityId:180656082, fps:-1, isMultiWindow:0
5762-07-04 05:04:24.328   965   965 I MTK_APPList: [getForegroundAPPCount] 2
5763-07-04 05:04:24.328   965   965 I MTK_APPList: [notifyAPPstate] pack:com.google.android.inputmethod.latin, pid:7614, STATE_DEAD
5764-07-04 05:04:24.328   965   965 I MTK_APPList: [notifyNetdUID] 10335
5765-07-04 05:04:24.328   965   965 I MTK_APPList: [notifyPID] 5245
5766-07-04 05:04:24.329   967  1033 I libPowerHal: [perfSetSysInfo] pid type:24, 5245
5767-07-04 05:04:24.398   967  1033 I libPowerHal: [perfLockRel] hdl:65301, idx:0
5768-07-04 05:04:24.400   967  1033 I libPowerHal: [PD] MTKPOWER_HINT_APP_TOUCH update cmd:400000 param:-1 pr:6
5769-07-04 05:04:24.400   967  1033 I libPowerHal: [PD] MTKPOWER_HINT_APP_TOUCH update cmd:400100 param:-1 pr:6
5770-07-04 05:04:24.400   967  1033 I libPowerHal: value: 0
5771-07-04 05:04:24.400   967  1033 I libPowerHal: [PD] MTKPOWER_HINT_APP_TOUCH update cmd:410000 param:0 pr:6
5772-07-04 05:04:24.402   967  1033 I libPowerHal: [recordCPUFreqInfo] set cluster[0] min(-1): -1 max(-1): -1 cluster[1] min(-1): -1 max(-1): -1
5773-07-04 05:04:24.402   967  1033 I libPowerHal: [perfLockRel] Done for hdl : 65301
5774:07-04 05:04:24.430  1007  1007 I BufferQueueProducer: [com.assistant.overlay/com.assistant.overlay.ui.AnalyticsTheaterActivity#15601](this:0xb400006f4aa18500,id:-1,api:0,p:-1,c:1007) queueBuffer: fps=23.72 dur=1054.01 max=244.59 min=9.99
5775-07-04 05:04:24.466   967  1033 I libPowerHal: [PE] MTKPOWER_HINT_APP_TOUCH update cmd:1408300, param:100, pr:3
5776-07-04 05:04:24.466   967  1033 I libPowerHal: [PE] MTKPOWER_HINT_APP_TOUCH update cmd:410000, param:1, pr:3
5777-07-04 05:04:24.467   967  1033 I libPowerHal: [PE] MTKPOWER_HINT_APP_TOUCH update cmd:400000 param:1700000 pr:3
5778-07-04 05:04:24.467   967  1033 I libPowerHal: [PE] MTKPOWER_HINT_APP_TOUCH update cmd:400100 param:2000000 pr:3
5779-07-04 05:04:24.467   967  1033 I libPowerHal: value: 1
5780-07-04 05:04:24.467   967  1033 I libPowerHal: [PE] MTKPOWER_HINT_APP_TOUCH update cmd:410000 param:1 pr:3
5781-07-04 05:04:24.467   967  1033 I libPowerHal: [setDvfsrcDevFreqOpp] opp:0, freq:3600000000
5782-07-04 05:04:24.467   967  1033 I libPowerHal: [PE] MTKPOWER_HINT_APP_TOUCH update cmd:1000000 param:0 pr:3
5783-07-04 05:04:24.467   967  1033 I libPowerHal: [recordCPUFreqInfo] set cluster[0] min(MTKPOWER_HINT_APP_TOUCH): 1700000 max(-1): -1 cluster[1] min(MTKPOWER_HINT_APP_TOUCH): 2000000 max(-1): -1
5784-07-04 05:04:24.467   967  1033 I libPowerHal: [perfLockAcq] Done for hdl : 65302
5785-07-04 05:04:24.560  1617  2355 I mtkpower_client: [PowerHal_Wrap_notifyAppState] com.google.android.setupwizard/com.google.android.setupwizard pid=7679 activityId:7679 state:3
5786-07-04 05:04:24.560   965   965 I MTK_APPList: [notifyAPPstate] com.google.android.setupwizard/com.google.android.setupwizard, pid=7679, activityId=7679, uid=1110242, state:DEAD, fps:-1, win:1
5787-07-04 05:04:24.560   965   965 I MTK_APPList: [notifyAPPstate] multi_resumed_app_count: 2
5788-07-04 05:04:24.560   965   965 I MTK_APPList: [notifyAPPstate] multi_resumed_app_info[0] com.termux/com.termux.app.TermuxActivity, pid:32294, activityId:49262800, fps:-1, isMultiWindow:1
5789:07-04 05:04:24.560   965   965 I MTK_APPList: [notifyAPPstate] multi_resumed_app_info[1] com.assistant.overlay/com.assistant.overlay.ui.AnalyticsTheaterActivity, pid:5245, activityId:180656082, fps:-1, isMultiWindow:0
5790-07-04 05:04:24.560   965   965 I MTK_APPList: [getForegroundAPPCount] 2
5791-07-04 05:04:24.560   965   965 I MTK_APPList: [notifyAPPstate] pack:com.google.android.setupwizard, pid:7679, STATE_DEAD
5792-07-04 05:04:24.560   965   965 I MTK_APPList: [notifyNetdUID] 10335
5793-07-04 05:04:24.561   965   965 I MTK_APPList: [notifyPID] 5245
5794-07-04 05:04:24.562   967  1033 I libPowerHal: [perfSetSysInfo] pid type:24, 5245
5795-07-04 05:04:24.564   967  1033 I libPowerHal: [perfLockRel] hdl:65302, idx:0
5796-07-04 05:04:24.566   967  1033 I libPowerHal: [PD] MTKPOWER_HINT_APP_TOUCH update cmd:400000 param:-1 pr:6
5797-07-04 05:04:24.566   967  1033 I libPowerHal: [PD] MTKPOWER_HINT_APP_TOUCH update cmd:400100 param:-1 pr:6
5798-07-04 05:04:24.566   967  1033 I libPowerHal: value: 0
5799-07-04 05:04:24.566   967  1033 I libPowerHal: [PD] MTKPOWER_HINT_APP_TOUCH update cmd:410000 param:0 pr:6
5800-07-04 05:04:24.567   967  1033 I libPowerHal: [recordCPUFreqInfo] set cluster[0] min(-1): -1 max(-1): -1 cluster[1] min(-1): -1 max(-1): -1
5801-07-04 05:04:24.567   967  1033 I libPowerHal: [perfLockRel] Done for hdl : 65302
5802-07-04 05:04:24.744   967  1033 I libPowerHal: [PE] MTKPOWER_HINT_APP_TOUCH update cmd:1408300, param:100, pr:3
5803-07-04 05:04:24.744   967  1033 I libPowerHal: [PE] MTKPOWER_HINT_APP_TOUCH update cmd:410000, param:1, pr:3
5804-07-04 05:04:24.744   967  1033 I libPowerHal: [PE] MTKPOWER_HINT_APP_TOUCH update cmd:400000 param:1700000 pr:3
5805-07-04 05:04:24.744   967  1033 I libPowerHal: [PE] MTKPOWER_HINT_APP_TOUCH update cmd:400100 param:2000000 pr:3
5806-07-04 05:04:24.744   967  1033 I libPowerHal: value: 1
5807-07-04 05:04:24.744   967  1033 I libPowerHal: [PE] MTKPOWER_HINT_APP_TOUCH update cmd:410000 param:1 pr:3
5808-07-04 05:04:24.745   967  1033 I libPowerHal: [setDvfsrcDevFreqOpp] opp:0, freq:3600000000
5809-07-04 05:04:24.745   967  1033 I libPowerHal: [PE] MTKPOWER_HINT_APP_TOUCH update cmd:1000000 param:0 pr:3
5810-07-04 05:04:24.745   967  1033 I libPowerHal: [recordCPUFreqInfo] set cluster[0] min(MTKPOWER_HINT_APP_TOUCH): 1700000 max(-1): -1 cluster[1] min(MTKPOWER_HINT_APP_TOUCH): 2000000 max(-1): -1
5811-07-04 05:04:24.745   967  1033 I libPowerHal: [perfLockAcq] Done for hdl : 65303
5812-07-04 05:04:24.841   967  1033 I libPowerHal: [perfLockRel] hdl:65303, idx:0
5813-07-04 05:04:24.843   967  1033 I libPowerHal: [PD] MTKPOWER_HINT_APP_TOUCH update cmd:400000 param:-1 pr:6
5814-07-04 05:04:24.843   967  1033 I libPowerHal: [PD] MTKPOWER_HINT_APP_TOUCH update cmd:400100 param:-1 pr:6
5815-07-04 05:04:24.843   967  1033 I libPowerHal: value: 0
5816-07-04 05:04:24.843   967  1033 I libPowerHal: [PD] MTKPOWER_HINT_APP_TOUCH update cmd:410000 param:0 pr:6
5817-07-04 05:04:24.844   967  1033 I libPowerHal: [recordCPUFreqInfo] set cluster[0] min(-1): -1 max(-1): -1 cluster[1] min(-1): -1 max(-1): -1
5818-07-04 05:04:24.847   967  1033 I libPowerHal: [perfLockRel] Done for hdl : 65303
5819-07-04 05:04:24.914  1617  2355 I mtkpower_client: [PowerHal_Wrap_notifyAppState] com.google.android.inputmethod.latin/com.google.android.inputmethod.latin pid=7744 activityId:7744 state:3
5820-07-04 05:04:24.915   965   965 I MTK_APPList: [notifyAPPstate] com.google.android.inputmethod.latin/com.google.android.inputmethod.latin, pid=7744, activityId=7744, uid=1110181, state:DEAD, fps:-1, win:1
5821-07-04 05:04:24.915   965   965 I MTK_APPList: [notifyAPPstate] multi_resumed_app_count: 2
5822-07-04 05:04:24.915   965   965 I MTK_APPList: [notifyAPPstate] multi_resumed_app_info[0] com.termux/com.termux.app.TermuxActivity, pid:32294, activityId:49262800, fps:-1, isMultiWindow:1
5823:07-04 05:04:24.915   965   965 I MTK_APPList: [notifyAPPstate] multi_resumed_app_info[1] com.assistant.overlay/com.assistant.overlay.ui.AnalyticsTheaterActivity, pid:5245, activityId:180656082, fps:-1, isMultiWindow:0
5824-07-04 05:04:24.915   965   965 I MTK_APPList: [getForegroundAPPCount] 2
5825-07-04 05:04:24.915   965   965 I MTK_APPList: [notifyAPPstate] pack:com.google.android.inputmethod.latin, pid:7744, STATE_DEAD
5826-07-04 05:04:24.915   965   965 I MTK_APPList: [notifyNetdUID] 10335
5827-07-04 05:04:24.916   965   965 I MTK_APPList: [notifyPID] 5245
5828-07-04 05:04:24.916   967  1033 I libPowerHal: [perfSetSysInfo] pid type:24, 5245
5829-07-04 05:04:24.980  1007  1007 I BufferQueueProducer: [FramebufferSurface](this:0xb400006eaa4d6290,id:-1,api:1,p:1007,c:1007) queueBuffer: fps=9.88 dur=1011.81 max=199.67 min=67.21
5830-07-04 05:04:25.068   967  1033 I libPowerHal: [PE] MTKPOWER_HINT_APP_TOUCH update cmd:1408300, param:100, pr:3
5831-07-04 05:04:25.069  1617  2355 I mtkpower_client: [PowerHal_Wrap_notifyAppState] com.google.android.apps.photos/com.google.android.apps.photos pid=7703 activityId:7703 state:3
5832-07-04 05:04:25.069   967  1033 I libPowerHal: [PE] MTKPOWER_HINT_APP_TOUCH update cmd:410000, param:1, pr:3
5833-07-04 05:04:25.069   967  1033 I libPowerHal: [PE] MTKPOWER_HINT_APP_TOUCH update cmd:400000 param:1700000 pr:3
5834-07-04 05:04:25.069   967  1033 I libPowerHal: [PE] MTKPOWER_HINT_APP_TOUCH update cmd:400100 param:2000000 pr:3
5835-07-04 05:04:25.069   967  1033 I libPowerHal: value: 1
5836-07-04 05:04:25.070   967  1033 I libPowerHal: [PE] MTKPOWER_HINT_APP_TOUCH update cmd:410000 param:1 pr:3
5837-07-04 05:04:25.069   965   965 I MTK_APPList: [notifyAPPstate] com.google.android.apps.photos/com.google.android.apps.photos, pid=7703, activityId=7703, uid=10211, state:DEAD, fps:-1, win:1
5838-07-04 05:04:25.070   965   965 I MTK_APPList: [notifyAPPstate] multi_resumed_app_count: 2
5839-07-04 05:04:25.070   965   965 I MTK_APPList: [notifyAPPstate] multi_resumed_app_info[0] com.termux/com.termux.app.TermuxActivity, pid:32294, activityId:49262800, fps:-1, isMultiWindow:1
5840:07-04 05:04:25.070   965   965 I MTK_APPList: [notifyAPPstate] multi_resumed_app_info[1] com.assistant.overlay/com.assistant.overlay.ui.AnalyticsTheaterActivity, pid:5245, activityId:180656082, fps:-1, isMultiWindow:0
5841-07-04 05:04:25.070   965   965 I MTK_APPList: [getForegroundAPPCount] 2
5842-07-04 05:04:25.070   965   965 I MTK_APPList: [notifyAPPstate] pack:com.google.android.apps.photos, pid:7703, STATE_DEAD
5843-07-04 05:04:25.070   965   965 I MTK_APPList: [notifyNetdUID] 10335
5844-07-04 05:04:25.070   967  1033 I libPowerHal: [setDvfsrcDevFreqOpp] opp:0, freq:3600000000
5845-07-04 05:04:25.070   967  1033 I libPowerHal: [PE] MTKPOWER_HINT_APP_TOUCH update cmd:1000000 param:0 pr:3
5846-07-04 05:04:25.070   967  1033 I libPowerHal: [recordCPUFreqInfo] set cluster[0] min(MTKPOWER_HINT_APP_TOUCH): 1700000 max(-1): -1 cluster[1] min(MTKPOWER_HINT_APP_TOUCH): 2000000 max(-1): -1
5847-07-04 05:04:25.070   967  1033 I libPowerHal: [perfLockAcq] Done for hdl : 65304
5848-07-04 05:04:25.071   965   965 I MTK_APPList: [notifyPID] 5245
5849-07-04 05:04:25.071   967  1033 I libPowerHal: [perfSetSysInfo] pid type:24, 5245
5850-07-04 05:04:25.174   967  1033 I libPowerHal: [perfLockRel] hdl:65304, idx:0
5851-07-04 05:04:25.175   967  1033 I libPowerHal: [PD] MTKPOWER_HINT_APP_TOUCH update cmd:400000 param:-1 pr:6
5852-07-04 05:04:25.175   967  1033 I libPowerHal: [PD] MTKPOWER_HINT_APP_TOUCH update cmd:400100 param:-1 pr:6
5853-07-04 05:04:25.175   967  1033 I libPowerHal: value: 0
5854-07-04 05:04:25.175   967  1033 I libPowerHal: [PD] MTKPOWER_HINT_APP_TOUCH update cmd:410000 param:0 pr:6
5855-07-04 05:04:25.176   967  1033 I libPowerHal: [recordCPUFreqInfo] set cluster[0] min(-1): -1 max(-1): -1 cluster[1] min(-1): -1 max(-1): -1
5856-07-04 05:04:25.176   967  1033 I libPowerHal: [perfLockRel] Done for hdl : 65304
5857-07-04 05:04:25.501  1617  2715 I mtkpower_client: [PowerHal_Wrap_notifyAppState] com.google.android.setupwizard/com.google.android.setupwizard pid=7929 activityId:7929 state:3
5858-07-04 05:04:25.502   965   965 I MTK_APPList: [notifyAPPstate] com.google.android.setupwizard/com.google.android.setupwizard, pid=7929, activityId=7929, uid=1110242, state:DEAD, fps:-1, win:1
5859-07-04 05:04:25.502   965   965 I MTK_APPList: [notifyAPPstate] multi_resumed_app_count: 2
5860-07-04 05:04:25.502   965   965 I MTK_APPList: [notifyAPPstate] multi_resumed_app_info[0] com.termux/com.termux.app.TermuxActivity, pid:32294, activityId:49262800, fps:-1, isMultiWindow:1
5861:07-04 05:04:25.502   965   965 I MTK_APPList: [notifyAPPstate] multi_resumed_app_info[1] com.assistant.overlay/com.assistant.overlay.ui.AnalyticsTheaterActivity, pid:5245, activityId:180656082, fps:-1, isMultiWindow:0
5862-07-04 05:04:25.502   965   965 I MTK_APPList: [getForegroundAPPCount] 2
5863-07-04 05:04:25.502   965   965 I MTK_APPList: [notifyAPPstate] pack:com.google.android.setupwizard, pid:7929, STATE_DEAD
5864-07-04 05:04:25.502   965   965 I MTK_APPList: [notifyNetdUID] 10335
5865-07-04 05:04:25.505   965   965 I MTK_APPList: [notifyPID] 5245
5866-07-04 05:04:25.505   967  1033 I libPowerHal: [perfSetSysInfo] pid type:24, 5245
5867-07-04 05:04:25.533   967  1033 I libPowerHal: [PE] MTKPOWER_HINT_APP_TOUCH update cmd:1408300, param:100, pr:3
5868-07-04 05:04:25.533   967  1033 I libPowerHal: [PE] MTKPOWER_HINT_APP_TOUCH update cmd:410000, param:1, pr:3
5869-07-04 05:04:25.534   967  1033 I libPowerHal: [PE] MTKPOWER_HINT_APP_TOUCH update cmd:400000 param:1700000 pr:3
5870-07-04 05:04:25.534   967  1033 I libPowerHal: [PE] MTKPOWER_HINT_APP_TOUCH update cmd:400100 param:2000000 pr:3
5871-07-04 05:04:25.534   967  1033 I libPowerHal: value: 1
5872-07-04 05:04:25.534   967  1033 I libPowerHal: [PE] MTKPOWER_HINT_APP_TOUCH update cmd:410000 param:1 pr:3
5873-07-04 05:04:25.534   967  1033 I libPowerHal: [setDvfsrcDevFreqOpp] opp:0, freq:3600000000
5874-07-04 05:04:25.534   967  1033 I libPowerHal: [PE] MTKPOWER_HINT_APP_TOUCH update cmd:1000000 param:0 pr:3
5875-07-04 05:04:25.535   967  1033 I libPowerHal: [recordCPUFreqInfo] set cluster[0] min(MTKPOWER_HINT_APP_TOUCH): 1700000 max(-1): -1 cluster[1] min(MTKPOWER_HINT_APP_TOUCH): 2000000 max(-1): -1
5876-07-04 05:04:25.535   967  1033 I libPowerHal: [perfLockAcq] Done for hdl : 65305
5877-07-04 05:04:25.607   967  1033 I libPowerHal: [perfLockRel] hdl:65305, idx:0
5878-07-04 05:04:25.609   967  1033 I libPowerHal: [PD] MTKPOWER_HINT_APP_TOUCH update cmd:400000 param:-1 pr:6
5879-07-04 05:04:25.609   967  1033 I libPowerHal: [PD] MTKPOWER_HINT_APP_TOUCH update cmd:400100 param:-1 pr:6
5880-07-04 05:04:25.609   967  1033 I libPowerHal: value: 0
5881-07-04 05:04:25.609   967  1033 I libPowerHal: [PD] MTKPOWER_HINT_APP_TOUCH update cmd:410000 param:0 pr:6
5882-07-04 05:04:25.610   967  1033 I libPowerHal: [recordCPUFreqInfo] set cluster[0] min(-1): -1 max(-1): -1 cluster[1] min(-1): -1 max(-1): -1
5883-07-04 05:04:25.610   967  1033 I libPowerHal: [perfLockRel] Done for hdl : 65305
5884:07-04 05:04:25.640  1007  1007 I BufferQueueProducer: [com.assistant.overlay/com.assistant.overlay.ui.AnalyticsTheaterActivity#15601](this:0xb400006f4aa18500,id:-1,api:0,p:-1,c:1007) queueBuffer: fps=2.48 dur=1210.83 max=766.28 min=166.65
5885-07-04 05:04:25.699   967  1033 I libPowerHal: [PE] MTKPOWER_HINT_APP_TOUCH update cmd:1408300, param:100, pr:3
5886-07-04 05:04:25.699   967  1033 I libPowerHal: [PE] MTKPOWER_HINT_APP_TOUCH update cmd:410000, param:1, pr:3
5887-07-04 05:04:25.700   967  1033 I libPowerHal: [PE] MTKPOWER_HINT_APP_TOUCH update cmd:400000 param:1700000 pr:3
5888-07-04 05:04:25.700   967  1033 I libPowerHal: [PE] MTKPOWER_HINT_APP_TOUCH update cmd:400100 param:2000000 pr:3
5889-07-04 05:04:25.700   967  1033 I libPowerHal: value: 1
5890-07-04 05:04:25.700   967  1033 I libPowerHal: [PE] MTKPOWER_HINT_APP_TOUCH update cmd:410000 param:1 pr:3
5891-07-04 05:04:25.701   967  1033 I libPowerHal: [setDvfsrcDevFreqOpp] opp:0, freq:3600000000
5892-07-04 05:04:25.701   967  1033 I libPowerHal: [PE] MTKPOWER_HINT_APP_TOUCH update cmd:1000000 param:0 pr:3
5893-07-04 05:04:25.701   967  1033 I libPowerHal: [recordCPUFreqInfo] set cluster[0] min(MTKPOWER_HINT_APP_TOUCH): 1700000 max(-1): -1 cluster[1] min(MTKPOWER_HINT_APP_TOUCH): 2000000 max(-1): -1
5894-07-04 05:04:25.701   967  1033 I libPowerHal: [perfLockAcq] Done for hdl : 65306
5895-07-04 05:04:25.807   967  1033 I libPowerHal: [perfLockRel] hdl:65306, idx:0
5896-07-04 05:04:25.809   967  1033 I libPowerHal: [PD] MTKPOWER_HINT_APP_TOUCH update cmd:400000 param:-1 pr:6
5897-07-04 05:04:25.809   967  1033 I libPowerHal: [PD] MTKPOWER_HINT_APP_TOUCH update cmd:400100 param:-1 pr:6
5898-07-04 05:04:25.809   967  1033 I libPowerHal: value: 0
5899-07-04 05:04:25.809   967  1033 I libPowerHal: [PD] MTKPOWER_HINT_APP_TOUCH update cmd:410000 param:0 pr:6
5900-07-04 05:04:25.810   967  1033 I libPowerHal: [recordCPUFreqInfo] set cluster[0] min(-1): -1 max(-1): -1 cluster[1] min(-1): -1 max(-1): -1
5901-07-04 05:04:25.810   967  1033 I libPowerHal: [perfLockRel] Done for hdl : 65306
5902-07-04 05:04:26.065  1617  1640 I mtkpower_client: [PowerHal_Wrap_notifyAppState] com.google.android.inputmethod.latin/com.google.android.inputmethod.latin pid=7969 activityId:7969 state:3
5903-07-04 05:04:26.065   965   965 I MTK_APPList: [notifyAPPstate] com.google.android.inputmethod.latin/com.google.android.inputmethod.latin, pid=7969, activityId=7969, uid=1110181, state:DEAD, fps:-1, win:1
5904-07-04 05:04:26.065   965   965 I MTK_APPList: [notifyAPPstate] multi_resumed_app_count: 2
5905-07-04 05:04:26.065   965   965 I MTK_APPList: [notifyAPPstate] multi_resumed_app_info[0] com.termux/com.termux.app.TermuxActivity, pid:32294, activityId:49262800, fps:-1, isMultiWindow:1
5906:07-04 05:04:26.065   965   965 I MTK_APPList: [notifyAPPstate] multi_resumed_app_info[1] com.assistant.overlay/com.assistant.overlay.ui.AnalyticsTheaterActivity, pid:5245, activityId:180656082, fps:-1, isMultiWindow:0
5907-07-04 05:04:26.065   965   965 I MTK_APPList: [getForegroundAPPCount] 2
5908-07-04 05:04:26.065   965   965 I MTK_APPList: [notifyAPPstate] pack:com.google.android.inputmethod.latin, pid:7969, STATE_DEAD
5909-07-04 05:04:26.065   965   965 I MTK_APPList: [notifyNetdUID] 10335
5910-07-04 05:04:26.067   965   965 I MTK_APPList: [notifyPID] 5245
5911-07-04 05:04:26.068   967  1033 I libPowerHal: [perfSetSysInfo] pid type:24, 5245
5912-07-04 05:04:26.110   967  1033 I libPowerHal: [PE] MTKPOWER_HINT_APP_TOUCH update cmd:1408300, param:100, pr:3
5913-07-04 05:04:26.110   967  1033 I libPowerHal: [PE] MTKPOWER_HINT_APP_TOUCH update cmd:410000, param:1, pr:3
5914-07-04 05:04:26.111   967  1033 I libPowerHal: [PE] MTKPOWER_HINT_APP_TOUCH update cmd:400000 param:1700000 pr:3
5915-07-04 05:04:26.111   967  1033 I libPowerHal: [PE] MTKPOWER_HINT_APP_TOUCH update cmd:400100 param:2000000 pr:3
5916-07-04 05:04:26.111   967  1033 I libPowerHal: value: 1
5917-07-04 05:04:26.111   967  1033 I libPowerHal: [PE] MTKPOWER_HINT_APP_TOUCH update cmd:410000 param:1 pr:3
5918-07-04 05:04:26.111   967  1033 I libPowerHal: [setDvfsrcDevFreqOpp] opp:0, freq:3600000000
5919-07-04 05:04:26.111   967  1033 I libPowerHal: [PE] MTKPOWER_HINT_APP_TOUCH update cmd:1000000 param:0 pr:3
5920-07-04 05:04:26.111   967  1033 I libPowerHal: [recordCPUFreqInfo] set cluster[0] min(MTKPOWER_HINT_APP_TOUCH): 1700000 max(-1): -1 cluster[1] min(MTKPOWER_HINT_APP_TOUCH): 2000000 max(-1): -1
5921-07-04 05:04:26.111   967  1033 I libPowerHal: [perfLockAcq] Done for hdl : 65307
5922-07-04 05:04:26.207   967  1033 I libPowerHal: [perfLockRel] hdl:65307, idx:0
5923-07-04 05:04:26.209   967  1033 I libPowerHal: [PD] MTKPOWER_HINT_APP_TOUCH update cmd:400000 param:-1 pr:6
5924-07-04 05:04:26.209   967  1033 I libPowerHal: [PD] MTKPOWER_HINT_APP_TOUCH update cmd:400100 param:-1 pr:6
5925-07-04 05:04:26.209   967  1033 I libPowerHal: value: 0
5926-07-04 05:04:26.209   967  1033 I libPowerHal: [PD] MTKPOWER_HINT_APP_TOUCH update cmd:410000 param:0 pr:6
5927-07-04 05:04:26.210   967  1033 I libPowerHal: [recordCPUFreqInfo] set cluster[0] min(-1): -1 max(-1): -1 cluster[1] min(-1): -1 max(-1): -1
5928-07-04 05:04:26.211   967  1033 I libPowerHal: [perfLockRel] Done for hdl : 65307
5929-07-04 05:04:26.245  1007  1007 I BufferQueueProducer: [FramebufferSurface](this:0xb400006eaa4d6290,id:-1,api:1,p:1007,c:1007) queueBuffer: fps=3.95 dur=1265.35 max=666.33 min=56.25
5930-07-04 05:04:26.276   967  1033 I libPowerHal: [PE] MTKPOWER_HINT_APP_TOUCH update cmd:1408300, param:100, pr:3
